Archive member included to satisfy reference by file (symbol)

c:/st/stm32cubeide_1.5.1/stm32cubeide/plugins/com.st.stm32cube.ide.mcu.externaltools.gnu-tools-for-stm32.7-2018-q2-update.win32_1.5.0.202011040924/tools/bin/../lib/gcc/arm-none-eabi/7.3.1/../../../../arm-none-eabi/lib/thumb/v6-m\libc.a(lib_a-atof.o)
                              BOS/BOS_CLI.o (atof)
c:/st/stm32cubeide_1.5.1/stm32cubeide/plugins/com.st.stm32cube.ide.mcu.externaltools.gnu-tools-for-stm32.7-2018-q2-update.win32_1.5.0.202011040924/tools/bin/../lib/gcc/arm-none-eabi/7.3.1/../../../../arm-none-eabi/lib/thumb/v6-m\libc.a(lib_a-atoi.o)
                              BOS/BOS_CLI.o (atoi)
c:/st/stm32cubeide_1.5.1/stm32cubeide/plugins/com.st.stm32cube.ide.mcu.externaltools.gnu-tools-for-stm32.7-2018-q2-update.win32_1.5.0.202011040924/tools/bin/../lib/gcc/arm-none-eabi/7.3.1/../../../../arm-none-eabi/lib/thumb/v6-m\libc.a(lib_a-atol.o)
                              BOS/BOS.o (atol)
c:/st/stm32cubeide_1.5.1/stm32cubeide/plugins/com.st.stm32cube.ide.mcu.externaltools.gnu-tools-for-stm32.7-2018-q2-update.win32_1.5.0.202011040924/tools/bin/../lib/gcc/arm-none-eabi/7.3.1/../../../../arm-none-eabi/lib/thumb/v6-m\libc.a(lib_a-calloc.o)
                              BOS/BOS.o (calloc)
c:/st/stm32cubeide_1.5.1/stm32cubeide/plugins/com.st.stm32cube.ide.mcu.externaltools.gnu-tools-for-stm32.7-2018-q2-update.win32_1.5.0.202011040924/tools/bin/../lib/gcc/arm-none-eabi/7.3.1/../../../../arm-none-eabi/lib/thumb/v6-m\libc.a(lib_a-callocr.o)
                              c:/st/stm32cubeide_1.5.1/stm32cubeide/plugins/com.st.stm32cube.ide.mcu.externaltools.gnu-tools-for-stm32.7-2018-q2-update.win32_1.5.0.202011040924/tools/bin/../lib/gcc/arm-none-eabi/7.3.1/../../../../arm-none-eabi/lib/thumb/v6-m\libc.a(lib_a-calloc.o) (_calloc_r)
c:/st/stm32cubeide_1.5.1/stm32cubeide/plugins/com.st.stm32cube.ide.mcu.externaltools.gnu-tools-for-stm32.7-2018-q2-update.win32_1.5.0.202011040924/tools/bin/../lib/gcc/arm-none-eabi/7.3.1/../../../../arm-none-eabi/lib/thumb/v6-m\libc.a(lib_a-exit.o)
                              c:/st/stm32cubeide_1.5.1/stm32cubeide/plugins/com.st.stm32cube.ide.mcu.externaltools.gnu-tools-for-stm32.7-2018-q2-update.win32_1.5.0.202011040924/tools/bin/../lib/gcc/arm-none-eabi/7.3.1/../../../../arm-none-eabi/lib/thumb/v6-m/crt0.o (exit)
c:/st/stm32cubeide_1.5.1/stm32cubeide/plugins/com.st.stm32cube.ide.mcu.externaltools.gnu-tools-for-stm32.7-2018-q2-update.win32_1.5.0.202011040924/tools/bin/../lib/gcc/arm-none-eabi/7.3.1/../../../../arm-none-eabi/lib/thumb/v6-m\libc.a(lib_a-impure.o)
                              c:/st/stm32cubeide_1.5.1/stm32cubeide/plugins/com.st.stm32cube.ide.mcu.externaltools.gnu-tools-for-stm32.7-2018-q2-update.win32_1.5.0.202011040924/tools/bin/../lib/gcc/arm-none-eabi/7.3.1/../../../../arm-none-eabi/lib/thumb/v6-m\libc.a(lib_a-exit.o) (_global_impure_ptr)
c:/st/stm32cubeide_1.5.1/stm32cubeide/plugins/com.st.stm32cube.ide.mcu.externaltools.gnu-tools-for-stm32.7-2018-q2-update.win32_1.5.0.202011040924/tools/bin/../lib/gcc/arm-none-eabi/7.3.1/../../../../arm-none-eabi/lib/thumb/v6-m\libc.a(lib_a-init.o)
                              c:/st/stm32cubeide_1.5.1/stm32cubeide/plugins/com.st.stm32cube.ide.mcu.externaltools.gnu-tools-for-stm32.7-2018-q2-update.win32_1.5.0.202011040924/tools/bin/../lib/gcc/arm-none-eabi/7.3.1/../../../../arm-none-eabi/lib/thumb/v6-m/crt0.o (__libc_init_array)
c:/st/stm32cubeide_1.5.1/stm32cubeide/plugins/com.st.stm32cube.ide.mcu.externaltools.gnu-tools-for-stm32.7-2018-q2-update.win32_1.5.0.202011040924/tools/bin/../lib/gcc/arm-none-eabi/7.3.1/../../../../arm-none-eabi/lib/thumb/v6-m\libc.a(lib_a-locale.o)
                              BOS/BOS_CLI.o (__locale_ctype_ptr)
c:/st/stm32cubeide_1.5.1/stm32cubeide/plugins/com.st.stm32cube.ide.mcu.externaltools.gnu-tools-for-stm32.7-2018-q2-update.win32_1.5.0.202011040924/tools/bin/../lib/gcc/arm-none-eabi/7.3.1/../../../../arm-none-eabi/lib/thumb/v6-m\libc.a(lib_a-malloc.o)
                              BOS/BOS.o (malloc)
c:/st/stm32cubeide_1.5.1/stm32cubeide/plugins/com.st.stm32cube.ide.mcu.externaltools.gnu-tools-for-stm32.7-2018-q2-update.win32_1.5.0.202011040924/tools/bin/../lib/gcc/arm-none-eabi/7.3.1/../../../../arm-none-eabi/lib/thumb/v6-m\libc.a(lib_a-mallocr.o)
                              c:/st/stm32cubeide_1.5.1/stm32cubeide/plugins/com.st.stm32cube.ide.mcu.externaltools.gnu-tools-for-stm32.7-2018-q2-update.win32_1.5.0.202011040924/tools/bin/../lib/gcc/arm-none-eabi/7.3.1/../../../../arm-none-eabi/lib/thumb/v6-m\libc.a(lib_a-callocr.o) (_malloc_r)
c:/st/stm32cubeide_1.5.1/stm32cubeide/plugins/com.st.stm32cube.ide.mcu.externaltools.gnu-tools-for-stm32.7-2018-q2-update.win32_1.5.0.202011040924/tools/bin/../lib/gcc/arm-none-eabi/7.3.1/../../../../arm-none-eabi/lib/thumb/v6-m\libc.a(lib_a-mbtowc_r.o)
[...]
Memory Configuration

Name             Origin             Length             Attributes
RAM              0x0000000020000000 0x0000000000008000 xrw
FLASH            0x0000000008000000 0x0000000000040000 xr
*default*        0x0000000000000000 0xffffffffffffffff

Linker script and memory map

LOAD c:/st/stm32cubeide_1.5.1/stm32cubeide/plugins/com.st.stm32cube.ide.mcu.externaltools.gnu-tools-for-stm32.7-2018-q2-update.win32_1.5.0.202011040924/tools/bin/../lib/gcc/arm-none-eabi/7.3.1/thumb/v6-m/crti.o
LOAD c:/st/stm32cubeide_1.5.1/stm32cubeide/plugins/com.st.stm32cube.ide.mcu.externaltools.gnu-tools-for-stm32.7-2018-q2-update.win32_1.5.0.202011040924/tools/bin/../lib/gcc/arm-none-eabi/7.3.1/thumb/v6-m/crtbegin.o
LOAD c:/st/stm32cubeide_1.5.1/stm32cubeide/plugins/com.st.stm32cube.ide.mcu.externaltools.gnu-tools-for-stm32.7-2018-q2-update.win32_1.5.0.202011040924/tools/bin/../lib/gcc/arm-none-eabi/7.3.1/../../../../arm-none-eabi/lib/thumb/v6-m/crt0.o
LOAD BOS/BOS.o
LOAD BOS/BOS_CLI.o
LOAD BOS/BOS_CLIcommands.o
LOAD BOS/BOS_dma.o
LOAD BOS/BOS_eeprom.o
LOAD BOS/BOS_freertos.o
LOAD BOS/BOS_inputs.o
LOAD BOS/BOS_messaging.o
LOAD BOS/BOS_msgparser.o
LOAD H07R3/H07R3.o
LOAD H07R3/H07R3_dac.o
LOAD H07R3/H07R3_dma.o
LOAD H07R3/H07R3_gpio.o
LOAD H07R3/H07R3_it.o
LOAD H07R3/H07R3_rtc.o
LOAD H07R3/H07R3_timers.o
LOAD H07R3/H07R3_uart.o
LOAD H07R3/startup_stm32f091xc.o
LOAD Thirdparty/CMSIS/Device/ST/STM32F0xx/Source/Templates/system_stm32f0xx.o
LOAD Thirdparty/Middleware/FreeRTOS/Source/CMSIS_RTOS/cmsis_os.o
LOAD Thirdparty/Middleware/FreeRTOS/Source/FreeRTOS_CLI.o
LOAD Thirdparty/Middleware/FreeRTOS/Source/croutine.o
LOAD Thirdparty/Middleware/FreeRTOS/Source/event_groups.o
LOAD Thirdparty/Middleware/FreeRTOS/Source/list.o
LOAD Thirdparty/Middleware/FreeRTOS/Source/queue.o
LOAD Thirdparty/Middleware/FreeRTOS/Source/tasks.o
LOAD Thirdparty/Middleware/FreeRTOS/Source/timers.o
LOAD Thirdparty/Middleware/FreeRTOS/Source/portable/GCC/ARM_CM0/port.o
LOAD Thirdparty/Middleware/FreeRTOS/Source/portable/MemMang/heap_4.o
LOAD Thirdparty/STM32F0xx_HAL_Driver/Src/stm32f0xx_hal.o
LOAD Thirdparty/STM32F0xx_HAL_Driver/Src/stm32f0xx_hal_adc.o
LOAD Thirdparty/STM32F0xx_HAL_Driver/Src/stm32f0xx_hal_adc_ex.o
LOAD Thirdparty/STM32F0xx_HAL_Driver/Src/stm32f0xx_hal_can.o
LOAD Thirdparty/STM32F0xx_HAL_Driver/Src/stm32f0xx_hal_cec.o
LOAD Thirdparty/STM32F0xx_HAL_Driver/Src/stm32f0xx_hal_comp.o
LOAD Thirdparty/STM32F0xx_HAL_Driver/Src/stm32f0xx_hal_cortex.o
LOAD Thirdparty/STM32F0xx_HAL_Driver/Src/stm32f0xx_hal_crc.o
LOAD Thirdparty/STM32F0xx_HAL_Driver/Src/stm32f0xx_hal_crc_ex.o
LOAD Thirdparty/STM32F0xx_HAL_Driver/Src/stm32f0xx_hal_dac.o
LOAD Thirdparty/STM32F0xx_HAL_Driver/Src/stm32f0xx_hal_dac_ex.o
LOAD Thirdparty/STM32F0xx_HAL_Driver/Src/stm32f0xx_hal_dma.o
LOAD Thirdparty/STM32F0xx_HAL_Driver/Src/stm32f0xx_hal_flash.o
LOAD Thirdparty/STM32F0xx_HAL_Driver/Src/stm32f0xx_hal_flash_ex.o
LOAD Thirdparty/STM32F0xx_HAL_Driver/Src/stm32f0xx_hal_gpio.o
LOAD Thirdparty/STM32F0xx_HAL_Driver/Src/stm32f0xx_hal_i2c.o
LOAD Thirdparty/STM32F0xx_HAL_Driver/Src/stm32f0xx_hal_i2c_ex.o
LOAD Thirdparty/STM32F0xx_HAL_Driver/Src/stm32f0xx_hal_i2s.o
LOAD Thirdparty/STM32F0xx_HAL_Driver/Src/stm32f0xx_hal_irda.o
LOAD Thirdparty/STM32F0xx_HAL_Driver/Src/stm32f0xx_hal_iwdg.o
LOAD Thirdparty/STM32F0xx_HAL_Driver/Src/stm32f0xx_hal_msp_template.o
LOAD Thirdparty/STM32F0xx_HAL_Driver/Src/stm32f0xx_hal_pcd.o
LOAD Thirdparty/STM32F0xx_HAL_Driver/Src/stm32f0xx_hal_pcd_ex.o
LOAD Thirdparty/STM32F0xx_HAL_Driver/Src/stm32f0xx_hal_pwr.o
LOAD Thirdparty/STM32F0xx_HAL_Driver/Src/stm32f0xx_hal_pwr_ex.o
LOAD Thirdparty/STM32F0xx_HAL_Driver/Src/stm32f0xx_hal_rcc.o
LOAD Thirdparty/STM32F0xx_HAL_Driver/Src/stm32f0xx_hal_rcc_ex.o
LOAD Thirdparty/STM32F0xx_HAL_Driver/Src/stm32f0xx_hal_rtc.o
LOAD Thirdparty/STM32F0xx_HAL_Driver/Src/stm32f0xx_hal_rtc_ex.o
LOAD Thirdparty/STM32F0xx_HAL_Driver/Src/stm32f0xx_hal_smartcard.o
LOAD Thirdparty/STM32F0xx_HAL_Driver/Src/stm32f0xx_hal_smartcard_ex.o
LOAD Thirdparty/STM32F0xx_HAL_Driver/Src/stm32f0xx_hal_smbus.o
LOAD Thirdparty/STM32F0xx_HAL_Driver/Src/stm32f0xx_hal_spi.o
LOAD Thirdparty/STM32F0xx_HAL_Driver/Src/stm32f0xx_hal_spi_ex.o
LOAD Thirdparty/STM32F0xx_HAL_Driver/Src/stm32f0xx_hal_tim.o
LOAD Thirdparty/STM32F0xx_HAL_Driver/Src/stm32f0xx_hal_tim_ex.o
LOAD Thirdparty/STM32F0xx_HAL_Driver/Src/stm32f0xx_hal_tsc.o
LOAD Thirdparty/STM32F0xx_HAL_Driver/Src/stm32f0xx_hal_uart.o
LOAD Thirdparty/STM32F0xx_HAL_Driver/Src/stm32f0xx_hal_uart_ex.o
LOAD Thirdparty/STM32F0xx_HAL_Driver/Src/stm32f0xx_hal_usart.o
LOAD Thirdparty/STM32F0xx_HAL_Driver/Src/stm32f0xx_hal_wwdg.o
LOAD User/main.o
LOAD User/wave_hi_there.o
LOAD User/wave_how_r_u.o
START GROUP
LOAD c:/st/stm32cubeide_1.5.1/stm32cubeide/plugins/com.st.stm32cube.ide.mcu.externaltools.gnu-tools-for-stm32.7-2018-q2-update.win32_1.5.0.202011040924/tools/bin/../lib/gcc/arm-none-eabi/7.3.1/../../../../arm-none-eabi/lib/thumb/v6-m\libc.a
LOAD c:/st/stm32cubeide_1.5.1/stm32cubeide/plugins/com.st.stm32cube.ide.mcu.externaltools.gnu-tools-for-stm32.7-2018-q2-update.win32_1.5.0.202011040924/tools/bin/../lib/gcc/arm-none-eabi/7.3.1/../../../../arm-none-eabi/lib/thumb/v6-m\libm.a
END GROUP
START GROUP
LOAD c:/st/stm32cubeide_1.5.1/stm32cubeide/plugins/com.st.stm32cube.ide.mcu.externaltools.gnu-tools-for-stm32.7-2018-q2-update.win32_1.5.0.202011040924/tools/bin/../lib/gcc/arm-none-eabi/7.3.1/thumb/v6-m\libgcc.a
LOAD c:/st/stm32cubeide_1.5.1/stm32cubeide/plugins/com.st.stm32cube.ide.mcu.externaltools.gnu-tools-for-stm32.7-2018-q2-update.win32_1.5.0.202011040924/tools/bin/../lib/gcc/arm-none-eabi/7.3.1/../../../../arm-none-eabi/lib/thumb/v6-m\libc.a
END GROUP
START GROUP
LOAD c:/st/stm32cubeide_1.5.1/stm32cubeide/plugins/com.st.stm32cube.ide.mcu.externaltools.gnu-tools-for-stm32.7-2018-q2-update.win32_1.5.0.202011040924/tools/bin/../lib/gcc/arm-none-eabi/7.3.1/thumb/v6-m\libgcc.a
LOAD c:/st/stm32cubeide_1.5.1/stm32cubeide/plugins/com.st.stm32cube.ide.mcu.externaltools.gnu-tools-for-stm32.7-2018-q2-update.win32_1.5.0.202011040924/tools/bin/../lib/gcc/arm-none-eabi/7.3.1/../../../../arm-none-eabi/lib/thumb/v6-m\libc.a
LOAD c:/st/stm32cubeide_1.5.1/stm32cubeide/plugins/com.st.stm32cube.ide.mcu.externaltools.gnu-tools-for-stm32.7-2018-q2-update.win32_1.5.0.202011040924/tools/bin/../lib/gcc/arm-none-eabi/7.3.1/../../../../arm-none-eabi/lib/thumb/v6-m\libnosys.a
END GROUP
LOAD c:/st/stm32cubeide_1.5.1/stm32cubeide/plugins/com.st.stm32cube.ide.mcu.externaltools.gnu-tools-for-stm32.7-2018-q2-update.win32_1.5.0.202011040924/tools/bin/../lib/gcc/arm-none-eabi/7.3.1/thumb/v6-m/crtend.o
LOAD c:/st/stm32cubeide_1.5.1/stm32cubeide/plugins/com.st.stm32cube.ide.mcu.externaltools.gnu-tools-for-stm32.7-2018-q2-update.win32_1.5.0.202011040924/tools/bin/../lib/gcc/arm-none-eabi/7.3.1/thumb/v6-m/crtn.o
                0x0000000020008000                _estack = (ORIGIN (RAM) + LENGTH (RAM))
                0x0000000000000200                _Min_Heap_Size = 0x200
                0x0000000000000400                _Min_Stack_Size = 0x400

.isr_vector     0x0000000008000000       0xbc
                0x0000000008000000                . = ALIGN (0x4)
 *(.isr_vector)
 .isr_vector    0x0000000008000000       0xbc H07R3/startup_stm32f091xc.o
                0x0000000008000000                g_pfnVectors
                0x00000000080000bc                . = ALIGN (0x4)

.text           0x00000000080000bc    0x18694
                0x00000000080000bc                . = ALIGN (0x4)
 *(.text)
 .text          0x00000000080000bc       0x48 c:/st/stm32cubeide_1.5.1/stm32cubeide/plugins/com.st.stm32cube.ide.mcu.externaltools.gnu-tools-for-stm32.7-2018-q2-update.win32_1.5.0.202011040924/tools/bin/../lib/gcc/arm-none-eabi/7.3.1/thumb/v6-m/crtbegin.o
 .text          0x0000000008000104       0x14 c:/st/stm32cubeide_1.5.1/stm32cubeide/plugins/com.st.stm32cube.ide.mcu.externaltools.gnu-tools-for-stm32.7-2018-q2-update.win32_1.5.0.202011040924/tools/bin/../lib/gcc/arm-none-eabi/7.3.1/../../../../arm-none-eabi/lib/thumb/v6-m\libc.a(lib_a-strcmp.o)
                0x0000000008000104                strcmp
 .text          0x0000000008000118        0xe c:/st/stm32cubeide_1.5.1/stm32cubeide/plugins/com.st.stm32cube.ide.mcu.externaltools.gnu-tools-for-stm32.7-2018-q2-update.win32_1.5.0.202011040924/tools/bin/../lib/gcc/arm-none-eabi/7.3.1/../../../../arm-none-eabi/lib/thumb/v6-m\libc.a(lib_a-strlen.o)
                0x0000000008000118                strlen
 *fill*         0x0000000008000126        0x2 
 .text          0x0000000008000128       0x14 c:/st/stm32cubeide_1.5.1/stm32cubeide/plugins/com.st.stm32cube.ide.mcu.externaltools.gnu-tools-for-stm32.7-2018-q2-update.win32_1.5.0.202011040924/tools/bin/../lib/gcc/arm-none-eabi/7.3.1/thumb/v6-m\libgcc.a(_thumb1_case_uqi.o)
                0x0000000008000128                __gnu_thumb1_case_uqi
 .text          0x000000000800013c       0x14 c:/st/stm32cubeide_1.5.1/stm32cubeide/plugins/com.st.stm32cube.ide.mcu.externaltools.gnu-tools-for-stm32.7-2018-q2-update.win32_1.5.0.202011040924/tools/bin/../lib/gcc/arm-none-eabi/7.3.1/thumb/v6-m\libgcc.a(_thumb1_case_shi.o)
                0x000000000800013c                __gnu_thumb1_case_shi
 .text          0x0000000008000150      0x114 c:/st/stm32cubeide_1.5.1/stm32cubeide/plugins/com.st.stm32cube.ide.mcu.externaltools.gnu-tools-for-stm32.7-2018-q2-update.win32_1.5.0.202011040924/tools/bin/../lib/gcc/arm-none-eabi/7.3.1/thumb/v6-m\libgcc.a(_udivsi3.o)
                0x0000000008000150                __aeabi_uidiv
                0x0000000008000150                __udivsi3
                0x000000000800025c                __aeabi_uidivmod
 .text          0x0000000008000264      0x1d4 c:/st/stm32cubeide_1.5.1/stm32cubeide/plugins/com.st.stm32cube.ide.mcu.externaltools.gnu-tools-for-stm32.7-2018-q2-update.win32_1.5.0.202011040924/tools/bin/../lib/gcc/arm-none-eabi/7.3.1/thumb/v6-m\libgcc.a(_divsi3.o)
                0x0000000008000264                __divsi3
                0x0000000008000264                __aeabi_idiv
                0x0000000008000430                __aeabi_idivmod
 .text          0x0000000008000438        0x4 c:/st/stm32cubeide_1.5.1/stm32cubeide/plugins/com.st.stm32cube.ide.mcu.externaltools.gnu-tools-for-stm32.7-2018-q2-update.win32_1.5.0.202011040924/tools/bin/../lib/gcc/arm-none-eabi/7.3.1/thumb/v6-m\libgcc.a(_dvmd_tls.o)
                0x0000000008000438                __aeabi_idiv0
                0x0000000008000438                __aeabi_ldiv0
 .text          0x000000000800043c       0x7c c:/st/stm32cubeide_1.5.1/stm32cubeide/plugins/com.st.stm32cube.ide.mcu.externaltools.gnu-tools-for-stm32.7-2018-q2-update.win32_1.5.0.202011040924/tools/bin/../lib/gcc/arm-none-eabi/7.3.1/thumb/v6-m\libgcc.a(_arm_cmpdf2.o)
                0x000000000800043c                __aeabi_cdrcmple
                0x000000000800044c                __aeabi_cdcmple
                0x000000000800044c                __aeabi_cdcmpeq
                0x000000000800045c                __aeabi_dcmpeq
                0x0000000008000468                __aeabi_dcmplt
                0x000000000800047c                __aeabi_dcmple
                0x0000000008000490                __aeabi_dcmpgt
                0x00000000080004a4                __aeabi_dcmpge
 .text          0x00000000080004b8       0x74 c:/st/stm32cubeide_1.5.1/stm32cubeide/plugins/com.st.stm32cube.ide.mcu.externaltools.gnu-tools-for-stm32.7-2018-q2-update.win32_1.5.0.202011040924/tools/bin/../lib/gcc/arm-none-eabi/7.3.1/thumb/v6-m\libgcc.a(_arm_cmpsf2.o)
                0x00000000080004b8                __aeabi_cfrcmple
                0x00000000080004c0                __aeabi_cfcmpeq
                0x00000000080004c0                __aeabi_cfcmple
                0x00000000080004d0                __aeabi_fcmpeq
                0x00000000080004dc                __aeabi_fcmplt
                0x00000000080004f0                __aeabi_fcmple
                0x0000000008000504                __aeabi_fcmpgt
                0x0000000008000518                __aeabi_fcmpge
 .text          0x000000000800052c       0x40 c:/st/stm32cubeide_1.5.1/stm32cubeide/plugins/com.st.stm32cube.ide.mcu.externaltools.gnu-tools-for-stm32.7-2018-q2-update.win32_1.5.0.202011040924/tools/bin/../lib/gcc/arm-none-eabi/7.3.1/thumb/v6-m\libgcc.a(_aeabi_uldivmod.o)
                0x000000000800052c                __aeabi_uldivmod
 .text          0x000000000800056c       0x54 c:/st/stm32cubeide_1.5.1/stm32cubeide/plugins/com.st.stm32cube.ide.mcu.externaltools.gnu-tools-for-stm32.7-2018-q2-update.win32_1.5.0.202011040924/tools/bin/../lib/gcc/arm-none-eabi/7.3.1/thumb/v6-m\libgcc.a(_muldi3.o)
                0x000000000800056c                __muldi3
                0x000000000800056c                __aeabi_lmul
 .text          0x00000000080005c0       0x30 c:/st/stm32cubeide_1.5.1/stm32cubeide/plugins/com.st.stm32cube.ide.mcu.externaltools.gnu-tools-for-stm32.7-2018-q2-update.win32_1.5.0.202011040924/tools/bin/../lib/gcc/arm-none-eabi/7.3.1/thumb/v6-m\libgcc.a(_fixunssfsi.o)
                0x00000000080005c0                __fixunssfsi
                0x00000000080005c0                __aeabi_f2uiz
 .text          0x00000000080005f0       0x3c c:/st/stm32cubeide_1.5.1/stm32cubeide/plugins/com.st.stm32cube.ide.mcu.externaltools.gnu-tools-for-stm32.7-2018-q2-update.win32_1.5.0.202011040924/tools/bin/../lib/gcc/arm-none-eabi/7.3.1/thumb/v6-m\libgcc.a(_fixunsdfsi.o)
                0x00000000080005f0                __aeabi_d2uiz
                0x00000000080005f0                __fixunsdfsi
 .text          0x000000000800062c      0x184 c:/st/stm32cubeide_1.5.1/stm32cubeide/plugins/com.st.stm32cube.ide.mcu.externaltools.gnu-tools-for-stm32.7-2018-q2-update.win32_1.5.0.202011040924/tools/bin/../lib/gcc/arm-none-eabi/7.3.1/thumb/v6-m\libgcc.a(_udivmoddi4.o)
                0x000000000800062c                __udivmoddi4
 .text          0x00000000080007b0      0x334 c:/st/stm32cubeide_1.5.1/stm32cubeide/plugins/com.st.stm32cube.ide.mcu.externaltools.gnu-tools-for-stm32.7-2018-q2-update.win32_1.5.0.202011040924/tools/bin/../lib/gcc/arm-none-eabi/7.3.1/thumb/v6-m\libgcc.a(addsf3.o)
                0x00000000080007b0                __aeabi_fadd
 .text          0x0000000008000ae4      0x224 c:/st/stm32cubeide_1.5.1/stm32cubeide/plugins/com.st.stm32cube.ide.mcu.externaltools.gnu-tools-for-stm32.7-2018-q2-update.win32_1.5.0.202011040924/tools/bin/../lib/gcc/arm-none-eabi/7.3.1/thumb/v6-m\libgcc.a(divsf3.o)
                0x0000000008000ae4                __aeabi_fdiv
 .text          0x0000000008000d08       0x50 c:/st/stm32cubeide_1.5.1/stm32cubeide/plugins/com.st.stm32cube.ide.mcu.externaltools.gnu-tools-for-stm32.7-2018-q2-update.win32_1.5.0.202011040924/tools/bin/../lib/gcc/arm-none-eabi/7.3.1/thumb/v6-m\libgcc.a(eqsf2.o)
                0x0000000008000d08                __eqsf2
                0x0000000008000d08                __nesf2
 .text          0x0000000008000d58       0x9c c:/st/stm32cubeide_1.5.1/stm32cubeide/plugins/com.st.stm32cube.ide.mcu.externaltools.gnu-tools-for-stm32.7-2018-q2-update.win32_1.5.0.202011040924/tools/bin/../lib/gcc/arm-none-eabi/7.3.1/thumb/v6-m\libgcc.a(gesf2.o)
                0x0000000008000d58                __gesf2
                0x0000000008000d58                __gtsf2
 .text          0x0000000008000df4       0xa0 c:/st/stm32cubeide_1.5.1/stm32cubeide/plugins/com.st.stm32cube.ide.mcu.externaltools.gnu-tools-for-stm32.7-2018-q2-update.win32_1.5.0.202011040924/tools/bin/../lib/gcc/arm-none-eabi/7.3.1/thumb/v6-m\libgcc.a(lesf2.o)
                0x0000000008000df4                __ltsf2
                0x0000000008000df4                __lesf2
 .text          0x0000000008000e94      0x264 c:/st/stm32cubeide_1.5.1/stm32cubeide/plugins/com.st.stm32cube.ide.mcu.externaltools.gnu-tools-for-stm32.7-2018-q2-update.win32_1.5.0.202011040924/tools/bin/../lib/gcc/arm-none-eabi/7.3.1/thumb/v6-m\libgcc.a(mulsf3.o)
                0x0000000008000e94                __aeabi_fmul
 .text          0x00000000080010f8      0x388 c:/st/stm32cubeide_1.5.1/stm32cubeide/plugins/com.st.stm32cube.ide.mcu.externaltools.gnu-tools-for-stm32.7-2018-q2-update.win32_1.5.0.202011040924/tools/bin/../lib/gcc/arm-none-eabi/7.3.1/thumb/v6-m\libgcc.a(subsf3.o)
                0x00000000080010f8                __aeabi_fsub
 .text          0x0000000008001480       0x40 c:/st/stm32cubeide_1.5.1/stm32cubeide/plugins/com.st.stm32cube.ide.mcu.externaltools.gnu-tools-for-stm32.7-2018-q2-update.win32_1.5.0.202011040924/tools/bin/../lib/gcc/arm-none-eabi/7.3.1/thumb/v6-m\libgcc.a(fixsfsi.o)
                0x0000000008001480                __aeabi_f2iz
 .text          0x00000000080014c0       0x94 c:/st/stm32cubeide_1.5.1/stm32cubeide/plugins/com.st.stm32cube.ide.mcu.externaltools.gnu-tools-for-stm32.7-2018-q2-update.win32_1.5.0.202011040924/tools/bin/../lib/gcc/arm-none-eabi/7.3.1/thumb/v6-m\libgcc.a(floatsisf.o)
                0x00000000080014c0                __aeabi_i2f
 .text          0x0000000008001554       0x80 c:/st/stm32cubeide_1.5.1/stm32cubeide/plugins/com.st.stm32cube.ide.mcu.externaltools.gnu-tools-for-stm32.7-2018-q2-update.win32_1.5.0.202011040924/tools/bin/../lib/gcc/arm-none-eabi/7.3.1/thumb/v6-m\libgcc.a(floatunsisf.o)
                0x0000000008001554                __aeabi_ui2f
 .text          0x00000000080015d4      0x638 c:/st/stm32cubeide_1.5.1/stm32cubeide/plugins/com.st.stm32cube.ide.mcu.externaltools.gnu-tools-for-stm32.7-2018-q2-update.win32_1.5.0.202011040924/tools/bin/../lib/gcc/arm-none-eabi/7.3.1/thumb/v6-m\libgcc.a(adddf3.o)
                0x00000000080015d4                __aeabi_dadd
 .text          0x0000000008001c0c      0x604 c:/st/stm32cubeide_1.5.1/stm32cubeide/plugins/com.st.stm32cube.ide.mcu.externaltools.gnu-tools-for-stm32.7-2018-q2-update.win32_1.5.0.202011040924/tools/bin/../lib/gcc/arm-none-eabi/7.3.1/thumb/v6-m\libgcc.a(divdf3.o)
                0x0000000008001c0c                __aeabi_ddiv
 .text          0x0000000008002210       0x78 c:/st/stm32cubeide_1.5.1/stm32cubeide/plugins/com.st.stm32cube.ide.mcu.externaltools.gnu-tools-for-stm32.7-2018-q2-update.win32_1.5.0.202011040924/tools/bin/../lib/gcc/arm-none-eabi/7.3.1/thumb/v6-m\libgcc.a(eqdf2.o)
                0x0000000008002210                __nedf2
                0x0000000008002210                __eqdf2
 .text          0x0000000008002288       0xc8 c:/st/stm32cubeide_1.5.1/stm32cubeide/plugins/com.st.stm32cube.ide.mcu.externaltools.gnu-tools-for-stm32.7-2018-q2-update.win32_1.5.0.202011040924/tools/bin/../lib/gcc/arm-none-eabi/7.3.1/thumb/v6-m\libgcc.a(gedf2.o)
                0x0000000008002288                __gedf2
                0x0000000008002288                __gtdf2
 .text          0x0000000008002350       0xd0 c:/st/stm32cubeide_1.5.1/stm32cubeide/plugins/com.st.stm32cube.ide.mcu.externaltools.gnu-tools-for-stm32.7-2018-q2-update.win32_1.5.0.202011040924/tools/bin/../lib/gcc/arm-none-eabi/7.3.1/thumb/v6-m\libgcc.a(ledf2.o)
                0x0000000008002350                __ledf2
                0x0000000008002350                __ltdf2
 .text          0x0000000008002420      0x4e4 c:/st/stm32cubeide_1.5.1/stm32cubeide/plugins/com.st.stm32cube.ide.mcu.externaltools.gnu-tools-for-stm32.7-2018-q2-update.win32_1.5.0.202011040924/tools/bin/../lib/gcc/arm-none-eabi/7.3.1/thumb/v6-m\libgcc.a(muldf3.o)
                0x0000000008002420                __aeabi_dmul
 .text          0x0000000008002904      0x690 c:/st/stm32cubeide_1.5.1/stm32cubeide/plugins/com.st.stm32cube.ide.mcu.externaltools.gnu-tools-for-stm32.7-2018-q2-update.win32_1.5.0.202011040924/tools/bin/../lib/gcc/arm-none-eabi/7.3.1/thumb/v6-m\libgcc.a(subdf3.o)
                0x0000000008002904                __aeabi_dsub
 .text          0x0000000008002f94       0x38 c:/st/stm32cubeide_1.5.1/stm32cubeide/plugins/com.st.stm32cube.ide.mcu.externaltools.gnu-tools-for-stm32.7-2018-q2-update.win32_1.5.0.202011040924/tools/bin/../lib/gcc/arm-none-eabi/7.3.1/thumb/v6-m\libgcc.a(unorddf2.o)
                0x0000000008002f94                __aeabi_dcmpun
 .text          0x0000000008002fcc       0x6c c:/st/stm32cubeide_1.5.1/stm32cubeide/plugins/com.st.stm32cube.ide.mcu.externaltools.gnu-tools-for-stm32.7-2018-q2-update.win32_1.5.0.202011040924/tools/bin/../lib/gcc/arm-none-eabi/7.3.1/thumb/v6-m\libgcc.a(fixdfsi.o)
                0x0000000008002fcc                __aeabi_d2iz
 .text          0x0000000008003038       0x74 c:/st/stm32cubeide_1.5.1/stm32cubeide/plugins/com.st.stm32cube.ide.mcu.externaltools.gnu-tools-for-stm32.7-2018-q2-update.win32_1.5.0.202011040924/tools/bin/../lib/gcc/arm-none-eabi/7.3.1/thumb/v6-m\libgcc.a(floatsidf.o)
                0x0000000008003038                __aeabi_i2d
 .text          0x00000000080030ac       0x64 c:/st/stm32cubeide_1.5.1/stm32cubeide/plugins/com.st.stm32cube.ide.mcu.externaltools.gnu-tools-for-stm32.7-2018-q2-update.win32_1.5.0.202011040924/tools/bin/../lib/gcc/arm-none-eabi/7.3.1/thumb/v6-m\libgcc.a(floatunsidf.o)
                0x00000000080030ac                __aeabi_ui2d
 .text          0x0000000008003110       0xa4 c:/st/stm32cubeide_1.5.1/stm32cubeide/plugins/com.st.stm32cube.ide.mcu.externaltools.gnu-tools-for-stm32.7-2018-q2-update.win32_1.5.0.202011040924/tools/bin/../lib/gcc/arm-none-eabi/7.3.1/thumb/v6-m\libgcc.a(extendsfdf2.o)
                0x0000000008003110                __aeabi_f2d
 .text          0x00000000080031b4      0x108 c:/st/stm32cubeide_1.5.1/stm32cubeide/plugins/com.st.stm32cube.ide.mcu.externaltools.gnu-tools-for-stm32.7-2018-q2-update.win32_1.5.0.202011040924/tools/bin/../lib/gcc/arm-none-eabi/7.3.1/thumb/v6-m\libgcc.a(truncdfsf2.o)
                0x00000000080031b4                __aeabi_d2f
 .text          0x00000000080032bc       0x3c c:/st/stm32cubeide_1.5.1/stm32cubeide/plugins/com.st.stm32cube.ide.mcu.externaltools.gnu-tools-for-stm32.7-2018-q2-update.win32_1.5.0.202011040924/tools/bin/../lib/gcc/arm-none-eabi/7.3.1/thumb/v6-m\libgcc.a(_clzsi2.o)
                0x00000000080032bc                __clzsi2
 .text          0x00000000080032f8       0x18 c:/st/stm32cubeide_1.5.1/stm32cubeide/plugins/com.st.stm32cube.ide.mcu.externaltools.gnu-tools-for-stm32.7-2018-q2-update.win32_1.5.0.202011040924/tools/bin/../lib/gcc/arm-none-eabi/7.3.1/thumb/v6-m\libgcc.a(_clzdi2.o)
                0x00000000080032f8                __clzdi2
 *(.text*)
 .text.LoadROtopology
                0x0000000008003310       0xa0 BOS/BOS.o
                0x0000000008003310                LoadROtopology
 .text.LoadEEportsDir
                0x00000000080033b0       0x4c BOS/BOS.o
                0x00000000080033b0                LoadEEportsDir
 .text.LoadEEalias
                0x00000000080033fc       0x80 BOS/BOS.o
                0x00000000080033fc                LoadEEalias
 .text.LoadEEgroup
                0x000000000800347c       0x9c BOS/BOS.o
                0x000000000800347c                LoadEEgroup
 .text.LoadEEstreams
                0x0000000008003518      0x148 BOS/BOS.o
                0x0000000008003518                LoadEEstreams
 .text.LoadEEparams
                0x0000000008003660      0x140 BOS/BOS.o
                0x0000000008003660                LoadEEparams
 .text.LoadEEbuttons
                0x00000000080037a0      0x104 BOS/BOS.o
                0x00000000080037a0                LoadEEbuttons
 .text.LoadROsnippets
                0x00000000080038a4      0x110 BOS/BOS.o
                0x00000000080038a4                LoadROsnippets
 .text.LoadEEvars
                0x00000000080039b4       0x24 BOS/BOS.o
                0x00000000080039b4                LoadEEvars
 .text.SaveEEportsDir
                0x00000000080039d8       0x50 BOS/BOS.o
                0x00000000080039d8                SaveEEportsDir
 .text.SaveEEalias
                0x0000000008003a28       0x88 BOS/BOS.o
                0x0000000008003a28                SaveEEalias
 .text.SaveEEstreams
                0x0000000008003ab0       0x90 BOS/BOS.o
                0x0000000008003ab0                SaveEEstreams
 .text.SaveEEparams
                0x0000000008003b40       0x70 BOS/BOS.o
                0x0000000008003b40                SaveEEparams
 .text.ClearEEportsDir
                0x0000000008003bb0       0x58 BOS/BOS.o
                0x0000000008003bb0                ClearEEportsDir
 .text.IsLowerCLIbaud
                0x0000000008003c08       0x94 BOS/BOS.o
                0x0000000008003c08                IsLowerCLIbaud
 .text.SetupPortForRemoteBootloaderUpdate
                0x0000000008003c9c       0x2c BOS/BOS.o
                0x0000000008003c9c                SetupPortForRemoteBootloaderUpdate
 .text.IsModuleParameter
                0x0000000008003cc8       0x18 BOS/BOS.o
                0x0000000008003cc8                IsModuleParameter
 .text.IsMathOperator
                0x0000000008003ce0       0xb0 BOS/BOS.o
                0x0000000008003ce0                IsMathOperator
 .text.ExploreNeighbors
                0x0000000008003d90       0x54 BOS/BOS.o
                0x0000000008003d90                ExploreNeighbors
 .text.FindBroadcastRoutes
                0x0000000008003de4      0x148 BOS/BOS.o
                0x0000000008003de4                FindBroadcastRoutes
 .text.FindRoute
                0x0000000008003f2c      0x1c4 BOS/BOS.o
                0x0000000008003f2c                FindRoute
 .text.remoteBootloaderUpdate
                0x00000000080040f0      0x120 BOS/BOS.o
                0x00000000080040f0                remoteBootloaderUpdate
 .text.DisplayTopology
                0x0000000008004210      0x198 BOS/BOS.o
                0x0000000008004210                DisplayTopology
 .text.DisplayPortsDir
                0x00000000080043a8       0xec BOS/BOS.o
                0x00000000080043a8                DisplayPortsDir
 .text.DisplayModuleStatus
                0x0000000008004494      0x2d8 BOS/BOS.o
                0x0000000008004494                DisplayModuleStatus
 .text.GetID    0x000000000800476c       0xc0 BOS/BOS.o
                0x000000000800476c                GetID
 .text.NameModule
                0x000000000800482c       0xd4 BOS/BOS.o
                0x000000000800482c                NameModule
 .text.AddModuleToGroup
                0x0000000008004900      0x11c BOS/BOS.o
                0x0000000008004900                AddModuleToGroup
 .text.ReadPortsDir
                0x0000000008004a1c       0xc4 BOS/BOS.o
                0x0000000008004a1c                ReadPortsDir
 .text.UpdateMyPortsDir
                0x0000000008004ae0       0x58 BOS/BOS.o
                0x0000000008004ae0                UpdateMyPortsDir
 .text.BOS_Init
                0x0000000008004b38      0x130 BOS/BOS.o
                0x0000000008004b38                BOS_Init
 .text.Module_Init
                0x0000000008004c68       0x18 BOS/BOS.o
                0x0000000008004c68                Module_Init
 .text.GetDateString
                0x0000000008004c80       0x40 BOS/BOS.o
                0x0000000008004c80                GetDateString
 .text.Bridge   0x0000000008004cc0       0x28 BOS/BOS.o
                0x0000000008004cc0                Bridge
 .text.Unbridge
                0x0000000008004ce8       0x70 BOS/BOS.o
                0x0000000008004ce8                Unbridge
 .text.AddSnippet.part.0
                0x0000000008004d58       0xb0 BOS/BOS_CLI.o
 .text.StringToLowerCase
                0x0000000008004e08       0x28 BOS/BOS_CLI.o
                0x0000000008004e08                StringToLowerCase
 .text.ParseSnippetCondition
                0x0000000008004e30      0x3cc BOS/BOS_CLI.o
                0x0000000008004e30                ParseSnippetCondition
 .text.CLI_CommandParser
                0x00000000080051fc      0x444 BOS/BOS_CLI.o
                0x00000000080051fc                CLI_CommandParser
 .text.prvCLITask
                0x0000000008005640      0x1d4 BOS/BOS_CLI.o
                0x0000000008005640                prvCLITask
 .text.ParseSnippetCommand
                0x0000000008005814       0x78 BOS/BOS_CLI.o
                0x0000000008005814                ParseSnippetCommand
 .text.CheckSnippetCondition
                0x000000000800588c       0xd0 BOS/BOS_CLI.o
                0x000000000800588c                CheckSnippetCondition
 .text.ExecuteSnippet
                0x000000000800595c       0xa4 BOS/BOS_CLI.o
                0x000000000800595c                ExecuteSnippet
 .text.exploreCommand
                0x0000000008005a00        0x4 BOS/BOS_CLIcommands.o
 .text.setBaudrateCommand
                0x0000000008005a04       0x80 BOS/BOS_CLIcommands.o
 .text.flashsizeCommand
                0x0000000008005a84       0x20 BOS/BOS_CLIcommands.o
 .text.GetReadPrecentageCommand
                0x0000000008005aa4       0x60 BOS/BOS_CLIcommands.o
 .text.ReadVrefCommand
                0x0000000008005b04       0x40 BOS/BOS_CLIcommands.o
 .text.ReadTempCommand
                0x0000000008005b44       0x40 BOS/BOS_CLIcommands.o
 .text.ADCReadCommand
                0x0000000008005b84       0xb8 BOS/BOS_CLIcommands.o
 .text.testportCommand
                0x0000000008005c3c      0x1b4 BOS/BOS_CLIcommands.o
 .text.unbridgeCommand
                0x0000000008005df0       0xb0 BOS/BOS_CLIcommands.o
 .text.bridgeCommand
                0x0000000008005ea0       0xb0 BOS/BOS_CLIcommands.o
 .text.delSnipCommand
                0x0000000008005f50       0xec BOS/BOS_CLIcommands.o
 .text.pauseSnipCommand
                0x000000000800603c       0x6c BOS/BOS_CLIcommands.o
 .text.actSnipCommand
                0x00000000080060a8       0x70 BOS/BOS_CLIcommands.o
 .text.snipCommand
                0x0000000008006118      0x218 BOS/BOS_CLIcommands.o
 .text.idcodeCommand
                0x0000000008006330       0xa8 BOS/BOS_CLIcommands.o
 .text.dateCommand
                0x00000000080063d8       0x24 BOS/BOS_CLIcommands.o
 .text.getCommand
                0x00000000080063fc      0x234 BOS/BOS_CLIcommands.o
 .text.defaultCommand
                0x0000000008006630       0xbc BOS/BOS_CLIcommands.o
 .text.setCommand
                0x00000000080066ec      0x80c BOS/BOS_CLIcommands.o
 .text.removebuttonCommand
                0x0000000008006ef8       0x54 BOS/BOS_CLIcommands.o
 .text.addbuttonCommand
                0x0000000008006f4c       0xd0 BOS/BOS_CLIcommands.o
 .text.scastCommand
                0x000000000800701c      0x194 BOS/BOS_CLIcommands.o
 .text.infoCommand
                0x00000000080071b0       0xac BOS/BOS_CLIcommands.o
 .text.statusCommand
                0x000000000800725c       0x14 BOS/BOS_CLIcommands.o
 .text.groupCommand
                0x0000000008007270      0x1ac BOS/BOS_CLIcommands.o
 .text.nameCommand
                0x000000000800741c       0x94 BOS/BOS_CLIcommands.o
 .text.bootloaderUpdateCommand
                0x00000000080074b0      0x19c BOS/BOS_CLIcommands.o
 .text.pingCommand
                0x000000000800764c       0x64 BOS/BOS_CLIcommands.o
 .text.prvRunTimeStatsCommand
                0x00000000080076b0       0x24 BOS/BOS_CLIcommands.o
 .text.prvTaskStatsCommand
                0x00000000080076d4       0x24 BOS/BOS_CLIcommands.o
 .text.uuidCommand
                0x00000000080076f8       0x6c BOS/BOS_CLIcommands.o
 .text.timeCommand
                0x0000000008007764       0x7c BOS/BOS_CLIcommands.o
 .text.resetCommand
                0x00000000080077e0       0x24 BOS/BOS_CLIcommands.o
 .text.RegisterUserCLICommands
                0x0000000008007804        0x4 BOS/BOS_CLIcommands.o
                0x0000000008007804                RegisterUserCLICommands
 .text.vRegisterCLICommands
                0x0000000008007808      0x160 BOS/BOS_CLIcommands.o
                0x0000000008007808                vRegisterCLICommands
 .text.StopMsgDMA
                0x0000000008007968       0x20 BOS/BOS_dma.o
                0x0000000008007968                StopMsgDMA
 .text.StopStreamDMA
                0x0000000008007988       0x30 BOS/BOS_dma.o
                0x0000000008007988                StopStreamDMA
 .text.SwitchMsgDMAToStream
                0x00000000080079b8       0x2c BOS/BOS_dma.o
                0x00000000080079b8                SwitchMsgDMAToStream
 .text.SwitchStreamDMAToMsg
                0x00000000080079e4       0x80 BOS/BOS_dma.o
                0x00000000080079e4                SwitchStreamDMAToMsg
 .text.StartDMAstream
                0x0000000008007a64       0x58 BOS/BOS_dma.o
                0x0000000008007a64                StartDMAstream
 .text.DMA_IRQHandler
                0x0000000008007abc       0x88 BOS/BOS_dma.o
                0x0000000008007abc                DMA_IRQHandler
 .text.ResetUartORE
                0x0000000008007b44       0x2c BOS/BOS_dma.o
                0x0000000008007b44                ResetUartORE
 .text.EE_VerifyPageFullWriteVariable
                0x0000000008007b70       0xbc BOS/BOS_eeprom.o
 .text.EE_ReadVariable
                0x0000000008007c2c       0x60 BOS/BOS_eeprom.o
                0x0000000008007c2c                EE_ReadVariable
 .text.EE_WriteVariable
                0x0000000008007c8c      0x12c BOS/BOS_eeprom.o
                0x0000000008007c8c                EE_WriteVariable
 .text.EE_Format
                0x0000000008007db8       0xa0 BOS/BOS_eeprom.o
                0x0000000008007db8                EE_Format
 .text.EE_Init  0x0000000008007e58      0x2b0 BOS/BOS_eeprom.o
                0x0000000008007e58                EE_Init
 .text.StartDefaultTask
                0x0000000008008108       0x84 BOS/BOS_freertos.o
                0x0000000008008108                StartDefaultTask
 .text.MX_FREERTOS_Init
                0x000000000800818c      0x1c0 BOS/BOS_freertos.o
                0x000000000800818c                MX_FREERTOS_Init
 .text.vMainConfigureTimerForRunTimeStats
                0x000000000800834c       0x20 BOS/BOS_freertos.o
                0x000000000800834c                vMainConfigureTimerForRunTimeStats
 .text.ulMainGetRunTimeCounterValue
                0x000000000800836c       0x50 BOS/BOS_freertos.o
                0x000000000800836c                ulMainGetRunTimeCounterValue
 .text.buttonPressedCallback
                0x00000000080083bc        0x4 BOS/BOS_inputs.o
                0x00000000080083bc                buttonPressedCallback
 .text.AddPortButton
                0x00000000080083c0       0xf4 BOS/BOS_inputs.o
                0x00000000080083c0                AddPortButton
 .text.RemovePortButton
                0x00000000080084b4      0x118 BOS/BOS_inputs.o
                0x00000000080084b4                RemovePortButton
 .text.SetButtonEvents
                0x00000000080085cc      0x23c BOS/BOS_inputs.o
                0x00000000080085cc                SetButtonEvents
 .text.MX_ADC_Init
                0x0000000008008808       0x54 BOS/BOS_inputs.o
                0x0000000008008808                MX_ADC_Init
 .text.HAL_ADC_MspInit
                0x000000000800885c       0x60 BOS/BOS_inputs.o
                0x000000000800885c                HAL_ADC_MspInit
 .text.ReadTempAndVref
                0x00000000080088bc      0x190 BOS/BOS_inputs.o
                0x00000000080088bc                ReadTempAndVref
 .text.GetReadPrecentage
                0x0000000008008a4c      0x188 BOS/BOS_inputs.o
                0x0000000008008a4c                GetReadPrecentage
 .text.Get_Rank
                0x0000000008008bd4       0x58 BOS/BOS_inputs.o
                0x0000000008008bd4                Get_Rank
 .text.ADCSelectChannel
                0x0000000008008c2c       0x9c BOS/BOS_inputs.o
                0x0000000008008c2c                ADCSelectChannel
 .text.ReadADCChannel
                0x0000000008008cc8      0x114 BOS/BOS_inputs.o
                0x0000000008008cc8                ReadADCChannel
 .text.buttonReleasedCallback
                0x0000000008008ddc        0x4 BOS/BOS_inputs.o
                0x0000000008008ddc                buttonReleasedCallback
 .text.buttonClickedCallback
                0x0000000008008de0        0x4 BOS/BOS_inputs.o
                0x0000000008008de0                buttonClickedCallback
 .text.buttonDblClickedCallback
                0x0000000008008de4        0x4 BOS/BOS_inputs.o
                0x0000000008008de4                buttonDblClickedCallback
 .text.buttonPressedForXCallback
                0x0000000008008de8        0x4 BOS/BOS_inputs.o
                0x0000000008008de8                buttonPressedForXCallback
 .text.buttonReleasedForYCallback
                0x0000000008008dec        0x4 BOS/BOS_inputs.o
                0x0000000008008dec                buttonReleasedForYCallback
 .text.CheckAttachedButtons
                0x0000000008008df0      0x534 BOS/BOS_inputs.o
                0x0000000008008df0                CheckAttachedButtons
 .text.StreamTimerCallback
                0x0000000008009324       0x18 BOS/BOS_messaging.o
                0x0000000008009324                StreamTimerCallback
 .text.SetupDMAStreams
                0x000000000800933c      0x198 BOS/BOS_messaging.o
                0x000000000800933c                SetupDMAStreams
 .text.NotifyMessagingTask
                0x00000000080094d4       0x48 BOS/BOS_messaging.o
                0x00000000080094d4                NotifyMessagingTask
 .text.SendMessageFromPort
                0x000000000800951c       0x38 BOS/BOS_messaging.o
                0x000000000800951c                SendMessageFromPort
 .text.SendMessageFromPort.part.0
                0x0000000008009554      0x310 BOS/BOS_messaging.o
 .text.BroadcastReceivedMessage
                0x0000000008009864       0x3c BOS/BOS_messaging.o
                0x0000000008009864                BroadcastReceivedMessage
 .text.BroadcastMessage
                0x00000000080098a0       0x4c BOS/BOS_messaging.o
                0x00000000080098a0                BroadcastMessage
 .text.ForwardReceivedMessage
                0x00000000080098ec       0x40 BOS/BOS_messaging.o
                0x00000000080098ec                ForwardReceivedMessage
 .text.SendMessageToModule
                0x000000000800992c       0x48 BOS/BOS_messaging.o
                0x000000000800992c                SendMessageToModule
 .text.StartScastDMAStream
                0x0000000008009974      0x178 BOS/BOS_messaging.o
                0x0000000008009974                StartScastDMAStream
 .text.BackEndTask
                0x0000000008009aec      0x3bc BOS/BOS_msgparser.o
                0x0000000008009aec                BackEndTask
 .text.User_MessagingParser
                0x0000000008009ea8        0x4 BOS/BOS_msgparser.o
                0x0000000008009ea8                User_MessagingParser
 .text.PxMessagingTask
                0x0000000008009eac     0x13d4 BOS/BOS_msgparser.o
                0x0000000008009eac                PxMessagingTask
 .text.ListCommand
                0x000000000800b280       0xa4 H07R3/H07R3.o
 .text.AddAudioDescToPlaylist.part.2
                0x000000000800b324       0x20 H07R3/H07R3.o
 .text.SystemClock_Config
                0x000000000800b344       0xb0 H07R3/H07R3.o
                0x000000000800b344                SystemClock_Config
 .text.SaveToRO
                0x000000000800b3f4      0x1f0 H07R3/H07R3.o
                0x000000000800b3f4                SaveToRO
 .text.ClearROtopology
                0x000000000800b5e4       0x2c H07R3/H07R3.o
                0x000000000800b5e4                ClearROtopology
 .text.ExecuteMonitor
                0x000000000800b610        0x4 H07R3/H07R3.o
                0x000000000800b610                ExecuteMonitor
 .text.RegisterModuleCLICommands
                0x000000000800b614       0x2c H07R3/H07R3.o
                0x000000000800b614                RegisterModuleCLICommands
 .text.GetPort  0x000000000800b640       0x50 H07R3/H07R3.o
                0x000000000800b640                GetPort
 .text.ParseNoteTime
                0x000000000800b690       0x44 H07R3/H07R3.o
                0x000000000800b690                ParseNoteTime
 .text.TS4990_Init
                0x000000000800b6d4       0x6c H07R3/H07R3.o
                0x000000000800b6d4                TS4990_Init
 .text.Module_Peripheral_Init
                0x000000000800b740       0x20 H07R3/H07R3.o
                0x000000000800b740                Module_Peripheral_Init
 .text.PlayAudioNonBlock
                0x000000000800b760       0x74 H07R3/H07R3.o
                0x000000000800b760                PlayAudioNonBlock
 .text.AudioPlayTask
                0x000000000800b7d4       0x54 H07R3/H07R3.o
                0x000000000800b7d4                AudioPlayTask
 .text.PlaySine
                0x000000000800b828       0x7c H07R3/H07R3.o
                0x000000000800b828                PlaySine
 .text.demoCommand
                0x000000000800b8a4       0x80 H07R3/H07R3.o
 .text.PlayCommand
                0x000000000800b924      0x57c H07R3/H07R3.o
 .text.PlayWave
                0x000000000800bea0       0x78 H07R3/H07R3.o
                0x000000000800bea0                PlayWave
 .text.Module_MessagingTask
                0x000000000800bf18      0x13c H07R3/H07R3.o
                0x000000000800bf18                Module_MessagingTask
 .text.PlayWaveFromPort
                0x000000000800c054      0x150 H07R3/H07R3.o
                0x000000000800c054                PlayWaveFromPort
 .text.PlayWaveFromModule
                0x000000000800c1a4       0x60 H07R3/H07R3.o
                0x000000000800c1a4                PlayWaveFromModule
 .text.ScanWaveFile
                0x000000000800c204       0xf8 H07R3/H07R3.o
                0x000000000800c204                ScanWaveFile
 .text.PlayfileCommand
                0x000000000800c2fc       0xbc H07R3/H07R3.o
 .text.MX_DAC_Init
                0x000000000800c3b8       0x30 H07R3/H07R3_dac.o
                0x000000000800c3b8                MX_DAC_Init
 .text.HAL_DAC_MspInit
                0x000000000800c3e8       0xe8 H07R3/H07R3_dac.o
                0x000000000800c3e8                HAL_DAC_MspInit
 .text.DMA_Init
                0x000000000800c4d0      0x188 H07R3/H07R3_dma.o
                0x000000000800c4d0                DMA_Init
 .text.DMA_MSG_RX_CH_Init
                0x000000000800c658       0x24 H07R3/H07R3_dma.o
                0x000000000800c658                DMA_MSG_RX_CH_Init
 .text.DMA_STREAM_CH_Init
                0x000000000800c67c       0x20 H07R3/H07R3_dma.o
                0x000000000800c67c                DMA_STREAM_CH_Init
 .text.SetupDMAInterrupts
                0x000000000800c69c       0xb8 H07R3/H07R3_dma.o
                0x000000000800c69c                SetupDMAInterrupts
 .text.UnSetupDMAInterrupts
                0x000000000800c754       0xa0 H07R3/H07R3_dma.o
                0x000000000800c754                UnSetupDMAInterrupts
 .text.DMA_MSG_TX_UnSetup
                0x000000000800c7f4       0x14 H07R3/H07R3_dma.o
                0x000000000800c7f4                DMA_MSG_TX_UnSetup
 .text.RemapAndLinkDMAtoUARTRx
                0x000000000800c808      0x5d0 H07R3/H07R3_dma.o
                0x000000000800c808                RemapAndLinkDMAtoUARTRx
 .text.DMA_MSG_RX_Setup
                0x000000000800cdd8       0x30 H07R3/H07R3_dma.o
                0x000000000800cdd8                DMA_MSG_RX_Setup
 .text.SetupMessagingRxDMAs
                0x000000000800ce08       0x80 H07R3/H07R3_dma.o
                0x000000000800ce08                SetupMessagingRxDMAs
 .text.DMA_STREAM_Setup
                0x000000000800ce88       0x40 H07R3/H07R3_dma.o
                0x000000000800ce88                DMA_STREAM_Setup
 .text.RemapAndLinkDMAtoUARTTx
                0x000000000800cec8      0x5d0 H07R3/H07R3_dma.o
                0x000000000800cec8                RemapAndLinkDMAtoUARTTx
 .text.DMA_MSG_TX_Setup
                0x000000000800d498       0x38 H07R3/H07R3_dma.o
                0x000000000800d498                DMA_MSG_TX_Setup
 .text.CRC_Init
                0x000000000800d4d0       0x28 H07R3/H07R3_dma.o
                0x000000000800d4d0                CRC_Init
 .text.HAL_CRC_MspInit
                0x000000000800d4f8       0x1c H07R3/H07R3_dma.o
                0x000000000800d4f8                HAL_CRC_MspInit
 .text.CalculateCRC8
                0x000000000800d514       0x3c H07R3/H07R3_dma.o
                0x000000000800d514                CalculateCRC8
 .text.GPIO_Init
                0x000000000800d550       0x88 H07R3/H07R3_gpio.o
                0x000000000800d550                GPIO_Init
 .text.GetPortGPIOs
                0x000000000800d5d8       0xbc H07R3/H07R3_gpio.o
                0x000000000800d5d8                GetPortGPIOs
 .text.IsFactoryReset
                0x000000000800d694       0xec H07R3/H07R3_gpio.o
                0x000000000800d694                IsFactoryReset
 .text.SysTick_Handler
                0x000000000800d780        0xc H07R3/H07R3_it.o
                0x000000000800d780                SysTick_Handler
 .text.HardFault_Handler
                0x000000000800d78c        0x4 H07R3/H07R3_it.o
                0x000000000800d78c                HardFault_Handler
 .text.USART1_IRQHandler
                0x000000000800d790       0x10 H07R3/H07R3_it.o
                0x000000000800d790                USART1_IRQHandler
 .text.USART2_IRQHandler
                0x000000000800d7a0       0x10 H07R3/H07R3_it.o
                0x000000000800d7a0                USART2_IRQHandler
 .text.USART3_8_IRQHandler
                0x000000000800d7b0       0x24 H07R3/H07R3_it.o
                0x000000000800d7b0                USART3_8_IRQHandler
 .text.DMA1_Ch1_IRQHandler
                0x000000000800d7d4        0xc H07R3/H07R3_it.o
                0x000000000800d7d4                DMA1_Ch1_IRQHandler
 .text.DMA1_Ch2_3_DMA2_Ch1_2_IRQHandler
                0x000000000800d7e0       0x40 H07R3/H07R3_it.o
                0x000000000800d7e0                DMA1_Ch2_3_DMA2_Ch1_2_IRQHandler
 .text.DMA1_Ch4_7_DMA2_Ch3_5_IRQHandler
                0x000000000800d820       0x64 H07R3/H07R3_it.o
                0x000000000800d820                DMA1_Ch4_7_DMA2_Ch3_5_IRQHandler
 .text.HAL_DAC_ConvCpltCallbackCh1
                0x000000000800d884       0x3c H07R3/H07R3_it.o
                0x000000000800d884                HAL_DAC_ConvCpltCallbackCh1
 .text.HAL_UART_TxCpltCallback
                0x000000000800d8c0       0x30 H07R3/H07R3_it.o
                0x000000000800d8c0                HAL_UART_TxCpltCallback
 .text.HAL_UART_ErrorCallback
                0x000000000800d8f0       0x48 H07R3/H07R3_it.o
                0x000000000800d8f0                HAL_UART_ErrorCallback
 .text.HAL_UART_RxCpltCallback
                0x000000000800d938       0x88 H07R3/H07R3_it.o
                0x000000000800d938                HAL_UART_RxCpltCallback
 .text.vApplicationStackOverflowHook
                0x000000000800d9c0        0x4 H07R3/H07R3_it.o
                0x000000000800d9c0                vApplicationStackOverflowHook
 .text.vApplicationMallocFailedHook
                0x000000000800d9c4        0x4 H07R3/H07R3_it.o
                0x000000000800d9c4                vApplicationMallocFailedHook
 .text.RTC_CalendarConfig
                0x000000000800d9c8       0xfc H07R3/H07R3_rtc.o
                0x000000000800d9c8                RTC_CalendarConfig
 .text.RTC_Init
                0x000000000800dac4       0x98 H07R3/H07R3_rtc.o
                0x000000000800dac4                RTC_Init
 .text.BOS_CalendarConfig
                0x000000000800db5c       0xb4 H07R3/H07R3_rtc.o
                0x000000000800db5c                BOS_CalendarConfig
 .text.GetTimeDate
                0x000000000800dc10       0x64 H07R3/H07R3_rtc.o
                0x000000000800dc10                GetTimeDate
 .text.TIM_USEC_Init
                0x000000000800dc74       0x64 H07R3/H07R3_timers.o
                0x000000000800dc74                TIM_USEC_Init
 .text.TIM_MSEC_Init
                0x000000000800dcd8       0x60 H07R3/H07R3_timers.o
                0x000000000800dcd8                TIM_MSEC_Init
 .text.StartMicroDelay
                0x000000000800dd38       0x24 H07R3/H07R3_timers.o
                0x000000000800dd38                StartMicroDelay
 .text.StartMilliDelay
                0x000000000800dd5c       0x24 H07R3/H07R3_timers.o
                0x000000000800dd5c                StartMilliDelay
 .text.MX_USART1_UART_Init
                0x000000000800dd80       0x30 H07R3/H07R3_uart.o
                0x000000000800dd80                MX_USART1_UART_Init
 .text.MX_USART2_UART_Init
                0x000000000800ddb0       0x30 H07R3/H07R3_uart.o
                0x000000000800ddb0                MX_USART2_UART_Init
 .text.MX_USART3_UART_Init
                0x000000000800dde0       0x30 H07R3/H07R3_uart.o
                0x000000000800dde0                MX_USART3_UART_Init
 .text.MX_USART4_UART_Init
                0x000000000800de10       0x30 H07R3/H07R3_uart.o
                0x000000000800de10                MX_USART4_UART_Init
 .text.MX_USART5_UART_Init
                0x000000000800de40       0x30 H07R3/H07R3_uart.o
                0x000000000800de40                MX_USART5_UART_Init
 .text.HAL_UART_MspInit
                0x000000000800de70      0x1cc H07R3/H07R3_uart.o
                0x000000000800de70                HAL_UART_MspInit
 .text.writePxMutex
                0x000000000800e03c       0x64 H07R3/H07R3_uart.o
                0x000000000800e03c                writePxMutex
 .text.writePxITMutex
                0x000000000800e0a0       0x40 H07R3/H07R3_uart.o
                0x000000000800e0a0                writePxITMutex
 .text.writePxDMAMutex
                0x000000000800e0e0       0x48 H07R3/H07R3_uart.o
                0x000000000800e0e0                writePxDMAMutex
 .text.UpdateBaudrate
                0x000000000800e128       0x24 H07R3/H07R3_uart.o
                0x000000000800e128                UpdateBaudrate
 .text.GetUart  0x000000000800e14c       0x18 H07R3/H07R3_uart.o
                0x000000000800e14c                GetUart
 .text.SwapUartPins
                0x000000000800e164       0x74 H07R3/H07R3_uart.o
                0x000000000800e164                SwapUartPins
 .text.Reset_Handler
                0x000000000800e1d8       0x8c H07R3/startup_stm32f091xc.o
                0x000000000800e1d8                Reset_Handler
 .text.Default_Handler
                0x000000000800e264        0x2 H07R3/startup_stm32f091xc.o
                0x000000000800e264                TIM1_CC_IRQHandler
                0x000000000800e264                TSC_IRQHandler
                0x000000000800e264                ADC1_COMP_IRQHandler
                0x000000000800e264                NMI_Handler
                0x000000000800e264                I2C1_IRQHandler
                0x000000000800e264                RCC_CRS_IRQHandler
                0x000000000800e264                SPI1_IRQHandler
                0x000000000800e264                TIM6_DAC_IRQHandler
                0x000000000800e264                EXTI2_3_IRQHandler
                0x000000000800e264                I2C2_IRQHandler
                0x000000000800e264                TIM17_IRQHandler
                0x000000000800e264                CEC_CAN_IRQHandler
                0x000000000800e264                RTC_IRQHandler
                0x000000000800e264                PVD_VDDIO2_IRQHandler
                0x000000000800e264                TIM16_IRQHandler
                0x000000000800e264                TIM3_IRQHandler
                0x000000000800e264                EXTI4_15_IRQHandler
                0x000000000800e264                Default_Handler
                0x000000000800e264                TIM14_IRQHandler
                0x000000000800e264                TIM7_IRQHandler
                0x000000000800e264                TIM15_IRQHandler
                0x000000000800e264                EXTI0_1_IRQHandler
                0x000000000800e264                SPI2_IRQHandler
                0x000000000800e264                WWDG_IRQHandler
                0x000000000800e264                TIM2_IRQHandler
                0x000000000800e264                FLASH_IRQHandler
                0x000000000800e264                TIM1_BRK_UP_TRG_COM_IRQHandler
 *fill*         0x000000000800e266        0x2 
 .text.SystemInit
                0x000000000800e268       0x60 Thirdparty/CMSIS/Device/ST/STM32F0xx/Source/Templates/system_stm32f0xx.o
                0x000000000800e268                SystemInit
 .text.osKernelStart
                0x000000000800e2c8        0xc Thirdparty/Middleware/FreeRTOS/Source/CMSIS_RTOS/cmsis_os.o
                0x000000000800e2c8                osKernelStart
 .text.osDelay  0x000000000800e2d4       0x10 Thirdparty/Middleware/FreeRTOS/Source/CMSIS_RTOS/cmsis_os.o
                0x000000000800e2d4                osDelay
 .text.osMutexRelease
                0x000000000800e2e4       0x48 Thirdparty/Middleware/FreeRTOS/Source/CMSIS_RTOS/cmsis_os.o
                0x000000000800e2e4                osMutexRelease
 .text.osSemaphoreCreate
                0x000000000800e32c       0x2c Thirdparty/Middleware/FreeRTOS/Source/CMSIS_RTOS/cmsis_os.o
                0x000000000800e32c                osSemaphoreCreate
 .text.osSemaphoreWait
                0x000000000800e358       0x54 Thirdparty/Middleware/FreeRTOS/Source/CMSIS_RTOS/cmsis_os.o
                0x000000000800e358                osSemaphoreWait
 .text.osSemaphoreRelease
                0x000000000800e3ac        0x8 Thirdparty/Middleware/FreeRTOS/Source/CMSIS_RTOS/cmsis_os.o
                0x000000000800e3ac                osSemaphoreRelease
 .text.osSystickHandler
                0x000000000800e3b4       0x10 Thirdparty/Middleware/FreeRTOS/Source/CMSIS_RTOS/cmsis_os.o
                0x000000000800e3b4                osSystickHandler
 .text.FreeRTOS_CLIRegisterCommand
                0x000000000800e3c4       0x38 Thirdparty/Middleware/FreeRTOS/Source/FreeRTOS_CLI.o
                0x000000000800e3c4                FreeRTOS_CLIRegisterCommand
 .text.FreeRTOS_CLIProcessCommand
                0x000000000800e3fc       0xec Thirdparty/Middleware/FreeRTOS/Source/FreeRTOS_CLI.o
                0x000000000800e3fc                FreeRTOS_CLIProcessCommand
 .text.FreeRTOS_CLIGetOutputBuffer
                0x000000000800e4e8        0x8 Thirdparty/Middleware/FreeRTOS/Source/FreeRTOS_CLI.o
                0x000000000800e4e8                FreeRTOS_CLIGetOutputBuffer
 .text.FreeRTOS_CLIGetParameter
                0x000000000800e4f0       0x54 Thirdparty/Middleware/FreeRTOS/Source/FreeRTOS_CLI.o
                0x000000000800e4f0                FreeRTOS_CLIGetParameter
 .text.prvHelpCommand
                0x000000000800e544      0x10c Thirdparty/Middleware/FreeRTOS/Source/FreeRTOS_CLI.o
 .text.vListInitialise
                0x000000000800e650       0x18 Thirdparty/Middleware/FreeRTOS/Source/list.o
                0x000000000800e650                vListInitialise
 .text.vListInitialiseItem
                0x000000000800e668        0x8 Thirdparty/Middleware/FreeRTOS/Source/list.o
                0x000000000800e668                vListInitialiseItem
 .text.vListInsertEnd
                0x000000000800e670       0x18 Thirdparty/Middleware/FreeRTOS/Source/list.o
                0x000000000800e670                vListInsertEnd
 .text.vListInsert
                0x000000000800e688       0x30 Thirdparty/Middleware/FreeRTOS/Source/list.o
                0x000000000800e688                vListInsert
 .text.uxListRemove
                0x000000000800e6b8       0x20 Thirdparty/Middleware/FreeRTOS/Source/list.o
                0x000000000800e6b8                uxListRemove
 .text.prvCopyDataToQueue
                0x000000000800e6d8       0x78 Thirdparty/Middleware/FreeRTOS/Source/queue.o
 .text.prvCopyDataFromQueue
                0x000000000800e750       0x24 Thirdparty/Middleware/FreeRTOS/Source/queue.o
 .text.prvUnlockQueue
                0x000000000800e774       0xa0 Thirdparty/Middleware/FreeRTOS/Source/queue.o
 .text.xQueueGenericReset
                0x000000000800e814       0x68 Thirdparty/Middleware/FreeRTOS/Source/queue.o
                0x000000000800e814                xQueueGenericReset
 .text.xQueueGenericCreate
                0x000000000800e87c       0x50 Thirdparty/Middleware/FreeRTOS/Source/queue.o
                0x000000000800e87c                xQueueGenericCreate
 .text.xQueueCreateCountingSemaphore
                0x000000000800e8cc       0x28 Thirdparty/Middleware/FreeRTOS/Source/queue.o
                0x000000000800e8cc                xQueueCreateCountingSemaphore
 .text.xQueueGenericSend
                0x000000000800e8f4      0x138 Thirdparty/Middleware/FreeRTOS/Source/queue.o
                0x000000000800e8f4                xQueueGenericSend
 .text.xQueueGenericSendFromISR
                0x000000000800ea2c       0x90 Thirdparty/Middleware/FreeRTOS/Source/queue.o
                0x000000000800ea2c                xQueueGenericSendFromISR
 .text.xQueueGiveFromISR
                0x000000000800eabc       0x74 Thirdparty/Middleware/FreeRTOS/Source/queue.o
                0x000000000800eabc                xQueueGiveFromISR
 .text.xQueueGenericReceive
                0x000000000800eb30      0x168 Thirdparty/Middleware/FreeRTOS/Source/queue.o
                0x000000000800eb30                xQueueGenericReceive
 .text.xQueueReceiveFromISR
                0x000000000800ec98       0x7c Thirdparty/Middleware/FreeRTOS/Source/queue.o
                0x000000000800ec98                xQueueReceiveFromISR
 .text.vQueueAddToRegistry
                0x000000000800ed14       0x24 Thirdparty/Middleware/FreeRTOS/Source/queue.o
                0x000000000800ed14                vQueueAddToRegistry
 .text.vQueueWaitForMessageRestricted
                0x000000000800ed38       0x3c Thirdparty/Middleware/FreeRTOS/Source/queue.o
                0x000000000800ed38                vQueueWaitForMessageRestricted
 .text.prvWriteNameToBuffer
                0x000000000800ed74       0x30 Thirdparty/Middleware/FreeRTOS/Source/tasks.o
 .text.prvListTaskWithinSingleList.part.1
                0x000000000800eda4       0xa8 Thirdparty/Middleware/FreeRTOS/Source/tasks.o
 .text.prvResetNextTaskUnblockTime.part.2
                0x000000000800ee4c       0x18 Thirdparty/Middleware/FreeRTOS/Source/tasks.o
 .text.prvAddCurrentTaskToDelayedList
                0x000000000800ee64       0x4c Thirdparty/Middleware/FreeRTOS/Source/tasks.o
 .text.xTaskGenericCreate.part.5
                0x000000000800eeb0      0x1dc Thirdparty/Middleware/FreeRTOS/Source/tasks.o
 .text.vTaskSwitchContext.part.6
                0x000000000800f08c       0xbc Thirdparty/Middleware/FreeRTOS/Source/tasks.o
 .text.xTaskGenericCreate
                0x000000000800f148       0x28 Thirdparty/Middleware/FreeRTOS/Source/tasks.o
                0x000000000800f148                xTaskGenericCreate
 .text.uxTaskPriorityGet
                0x000000000800f170       0x20 Thirdparty/Middleware/FreeRTOS/Source/tasks.o
                0x000000000800f170                uxTaskPriorityGet
 .text.vTaskPrioritySet
                0x000000000800f190       0xa4 Thirdparty/Middleware/FreeRTOS/Source/tasks.o
                0x000000000800f190                vTaskPrioritySet
 .text.vTaskStartScheduler
                0x000000000800f234       0x54 Thirdparty/Middleware/FreeRTOS/Source/tasks.o
                0x000000000800f234                vTaskStartScheduler
 .text.vTaskSuspendAll
                0x000000000800f288       0x10 Thirdparty/Middleware/FreeRTOS/Source/tasks.o
                0x000000000800f288                vTaskSuspendAll
 .text.xTaskGetTickCount
                0x000000000800f298        0xc Thirdparty/Middleware/FreeRTOS/Source/tasks.o
                0x000000000800f298                xTaskGetTickCount
 .text.xTaskGetTickCountFromISR
                0x000000000800f2a4        0xc Thirdparty/Middleware/FreeRTOS/Source/tasks.o
                0x000000000800f2a4                xTaskGetTickCountFromISR
 .text.xTaskIncrementTick
                0x000000000800f2b0      0x14c Thirdparty/Middleware/FreeRTOS/Source/tasks.o
                0x000000000800f2b0                xTaskIncrementTick
 .text.xTaskResumeAll
                0x000000000800f3fc       0xec Thirdparty/Middleware/FreeRTOS/Source/tasks.o
                0x000000000800f3fc                xTaskResumeAll
 .text.vTaskDelay
                0x000000000800f4e8       0x48 Thirdparty/Middleware/FreeRTOS/Source/tasks.o
                0x000000000800f4e8                vTaskDelay
 .text.prvIdleTask
                0x000000000800f530       0x88 Thirdparty/Middleware/FreeRTOS/Source/tasks.o
 .text.uxTaskGetSystemState
                0x000000000800f5b8       0xf4 Thirdparty/Middleware/FreeRTOS/Source/tasks.o
                0x000000000800f5b8                uxTaskGetSystemState
 .text.vTaskSwitchContext
                0x000000000800f6ac       0x20 Thirdparty/Middleware/FreeRTOS/Source/tasks.o
                0x000000000800f6ac                vTaskSwitchContext
 .text.vTaskPlaceOnEventList
                0x000000000800f6cc       0x48 Thirdparty/Middleware/FreeRTOS/Source/tasks.o
                0x000000000800f6cc                vTaskPlaceOnEventList
 .text.vTaskPlaceOnEventListRestricted
                0x000000000800f714       0x34 Thirdparty/Middleware/FreeRTOS/Source/tasks.o
                0x000000000800f714                vTaskPlaceOnEventListRestricted
 .text.xTaskRemoveFromEventList
                0x000000000800f748       0x80 Thirdparty/Middleware/FreeRTOS/Source/tasks.o
                0x000000000800f748                xTaskRemoveFromEventList
 .text.vTaskSetTimeOutState
                0x000000000800f7c8       0x20 Thirdparty/Middleware/FreeRTOS/Source/tasks.o
                0x000000000800f7c8                vTaskSetTimeOutState
 .text.xTaskCheckForTimeOut
                0x000000000800f7e8       0x68 Thirdparty/Middleware/FreeRTOS/Source/tasks.o
                0x000000000800f7e8                xTaskCheckForTimeOut
 .text.vTaskMissedYield
                0x000000000800f850        0xc Thirdparty/Middleware/FreeRTOS/Source/tasks.o
                0x000000000800f850                vTaskMissedYield
 .text.xTaskGetSchedulerState
                0x000000000800f85c       0x20 Thirdparty/Middleware/FreeRTOS/Source/tasks.o
                0x000000000800f85c                xTaskGetSchedulerState
 .text.vTaskPriorityInherit
                0x000000000800f87c       0x70 Thirdparty/Middleware/FreeRTOS/Source/tasks.o
                0x000000000800f87c                vTaskPriorityInherit
 .text.xTaskPriorityDisinherit
                0x000000000800f8ec       0x6c Thirdparty/Middleware/FreeRTOS/Source/tasks.o
                0x000000000800f8ec                xTaskPriorityDisinherit
 .text.vTaskList
                0x000000000800f958       0xb4 Thirdparty/Middleware/FreeRTOS/Source/tasks.o
                0x000000000800f958                vTaskList
 .text.vTaskGetRunTimeStats
                0x000000000800fa0c       0xb8 Thirdparty/Middleware/FreeRTOS/Source/tasks.o
                0x000000000800fa0c                vTaskGetRunTimeStats
 .text.pvTaskIncrementMutexHeldCount
                0x000000000800fac4       0x18 Thirdparty/Middleware/FreeRTOS/Source/tasks.o
                0x000000000800fac4                pvTaskIncrementMutexHeldCount
 .text.ulTaskNotifyTake
                0x000000000800fadc       0x88 Thirdparty/Middleware/FreeRTOS/Source/tasks.o
                0x000000000800fadc                ulTaskNotifyTake
 .text.xTaskGenericNotify
                0x000000000800fb64       0xac Thirdparty/Middleware/FreeRTOS/Source/tasks.o
                0x000000000800fb64                xTaskGenericNotify
 .text.vTaskNotifyGiveFromISR
                0x000000000800fc10       0x98 Thirdparty/Middleware/FreeRTOS/Source/tasks.o
                0x000000000800fc10                vTaskNotifyGiveFromISR
 .text.prvCheckForValidListAndQueue
                0x000000000800fca8       0x60 Thirdparty/Middleware/FreeRTOS/Source/timers.o
 .text.prvInsertTimerInActiveList
                0x000000000800fd08       0x48 Thirdparty/Middleware/FreeRTOS/Source/timers.o
 .text.xTimerCreateTimerTask
                0x000000000800fd50       0x40 Thirdparty/Middleware/FreeRTOS/Source/timers.o
                0x000000000800fd50                xTimerCreateTimerTask
 .text.xTimerCreate
                0x000000000800fd90       0x40 Thirdparty/Middleware/FreeRTOS/Source/timers.o
                0x000000000800fd90                xTimerCreate
 .text.xTimerGenericCommand
                0x000000000800fdd0       0x54 Thirdparty/Middleware/FreeRTOS/Source/timers.o
                0x000000000800fdd0                xTimerGenericCommand
 .text.prvSwitchTimerLists
                0x000000000800fe24       0x78 Thirdparty/Middleware/FreeRTOS/Source/timers.o
 .text.prvTimerTask
                0x000000000800fe9c      0x1c8 Thirdparty/Middleware/FreeRTOS/Source/timers.o
 .text.pvTimerGetTimerID
                0x0000000008010064       0x18 Thirdparty/Middleware/FreeRTOS/Source/timers.o
                0x0000000008010064                pvTimerGetTimerID
 .text.prvTaskExitError
                0x000000000801007c       0x14 Thirdparty/Middleware/FreeRTOS/Source/portable/GCC/ARM_CM0/port.o
 .text.vPortStartFirstTask
                0x0000000008010090       0x20 Thirdparty/Middleware/FreeRTOS/Source/portable/GCC/ARM_CM0/port.o
 .text.pxPortInitialiseStack
                0x00000000080100b0       0x20 Thirdparty/Middleware/FreeRTOS/Source/portable/GCC/ARM_CM0/port.o
                0x00000000080100b0                pxPortInitialiseStack
 .text.SVC_Handler
                0x00000000080100d0        0x4 Thirdparty/Middleware/FreeRTOS/Source/portable/GCC/ARM_CM0/port.o
                0x00000000080100d0                SVC_Handler
 .text.xPortStartScheduler
                0x00000000080100d4       0x54 Thirdparty/Middleware/FreeRTOS/Source/portable/GCC/ARM_CM0/port.o
                0x00000000080100d4                xPortStartScheduler
 .text.vPortYield
                0x0000000008010128       0x18 Thirdparty/Middleware/FreeRTOS/Source/portable/GCC/ARM_CM0/port.o
                0x0000000008010128                vPortYield
 .text.vPortEnterCritical
                0x0000000008010140       0x18 Thirdparty/Middleware/FreeRTOS/Source/portable/GCC/ARM_CM0/port.o
                0x0000000008010140                vPortEnterCritical
 .text.vPortExitCritical
                0x0000000008010158       0x1c Thirdparty/Middleware/FreeRTOS/Source/portable/GCC/ARM_CM0/port.o
                0x0000000008010158                vPortExitCritical
 .text.ulSetInterruptMaskFromISR
                0x0000000008010174        0xc Thirdparty/Middleware/FreeRTOS/Source/portable/GCC/ARM_CM0/port.o
                0x0000000008010174                ulSetInterruptMaskFromISR
 .text.vClearInterruptMaskFromISR
                0x0000000008010180        0x8 Thirdparty/Middleware/FreeRTOS/Source/portable/GCC/ARM_CM0/port.o
                0x0000000008010180                vClearInterruptMaskFromISR
 .text.PendSV_Handler
                0x0000000008010188       0x44 Thirdparty/Middleware/FreeRTOS/Source/portable/GCC/ARM_CM0/port.o
                0x0000000008010188                PendSV_Handler
 .text.xPortSysTickHandler
                0x00000000080101cc       0x24 Thirdparty/Middleware/FreeRTOS/Source/portable/GCC/ARM_CM0/port.o
                0x00000000080101cc                xPortSysTickHandler
 .text.unlikely.prvInsertBlockIntoFreeList
                0x00000000080101f0       0x50 Thirdparty/Middleware/FreeRTOS/Source/portable/MemMang/heap_4.o
 .text.pvPortMalloc
                0x0000000008010240      0x118 Thirdparty/Middleware/FreeRTOS/Source/portable/MemMang/heap_4.o
                0x0000000008010240                pvPortMalloc
 .text.vPortFree
                0x0000000008010358       0x4c Thirdparty/Middleware/FreeRTOS/Source/portable/MemMang/heap_4.o
                0x0000000008010358                vPortFree
 .text.HAL_InitTick
                0x00000000080103a4       0x24 Thirdparty/STM32F0xx_HAL_Driver/Src/stm32f0xx_hal.o
                0x00000000080103a4                HAL_InitTick
 .text.HAL_Init
                0x00000000080103c8       0x20 Thirdparty/STM32F0xx_HAL_Driver/Src/stm32f0xx_hal.o
                0x00000000080103c8                HAL_Init
 .text.HAL_IncTick
                0x00000000080103e8       0x10 Thirdparty/STM32F0xx_HAL_Driver/Src/stm32f0xx_hal.o
                0x00000000080103e8                HAL_IncTick
 .text.HAL_GetTick
                0x00000000080103f8        0xc Thirdparty/STM32F0xx_HAL_Driver/Src/stm32f0xx_hal.o
                0x00000000080103f8                HAL_GetTick
 .text.HAL_Delay
                0x0000000008010404       0x1c Thirdparty/STM32F0xx_HAL_Driver/Src/stm32f0xx_hal.o
                0x0000000008010404                HAL_Delay
 .text.HAL_GetREVID
                0x0000000008010420        0xc Thirdparty/STM32F0xx_HAL_Driver/Src/stm32f0xx_hal.o
                0x0000000008010420                HAL_GetREVID
 .text.HAL_GetDEVID
                0x000000000801042c       0x10 Thirdparty/STM32F0xx_HAL_Driver/Src/stm32f0xx_hal.o
                0x000000000801042c                HAL_GetDEVID
 .text.ADC_Disable
                0x000000000801043c       0x7c Thirdparty/STM32F0xx_HAL_Driver/Src/stm32f0xx_hal_adc.o
 .text.ADC_Enable
                0x00000000080104b8       0xa8 Thirdparty/STM32F0xx_HAL_Driver/Src/stm32f0xx_hal_adc.o
 .text.ADC_ConversionStop
                0x0000000008010560       0x58 Thirdparty/STM32F0xx_HAL_Driver/Src/stm32f0xx_hal_adc.o
 .text.HAL_ADC_Init
                0x00000000080105b8      0x144 Thirdparty/STM32F0xx_HAL_Driver/Src/stm32f0xx_hal_adc.o
                0x00000000080105b8                HAL_ADC_Init
 .text.HAL_ADC_Start
                0x00000000080106fc       0x58 Thirdparty/STM32F0xx_HAL_Driver/Src/stm32f0xx_hal_adc.o
                0x00000000080106fc                HAL_ADC_Start
 .text.HAL_ADC_Stop
                0x0000000008010754       0x40 Thirdparty/STM32F0xx_HAL_Driver/Src/stm32f0xx_hal_adc.o
                0x0000000008010754                HAL_ADC_Stop
 .text.HAL_ADC_PollForConversion
                0x0000000008010794       0xc8 Thirdparty/STM32F0xx_HAL_Driver/Src/stm32f0xx_hal_adc.o
                0x0000000008010794                HAL_ADC_PollForConversion
 .text.HAL_ADC_GetValue
                0x000000000801085c        0xc Thirdparty/STM32F0xx_HAL_Driver/Src/stm32f0xx_hal_adc.o
                0x000000000801085c                HAL_ADC_GetValue
 .text.HAL_ADC_ConfigChannel
                0x0000000008010868      0x120 Thirdparty/STM32F0xx_HAL_Driver/Src/stm32f0xx_hal_adc.o
                0x0000000008010868                HAL_ADC_ConfigChannel
 .text.HAL_ADCEx_Calibration_Start
                0x0000000008010988       0x9c Thirdparty/STM32F0xx_HAL_Driver/Src/stm32f0xx_hal_adc_ex.o
                0x0000000008010988                HAL_ADCEx_Calibration_Start
 .text.HAL_NVIC_SetPriority
                0x0000000008010a24       0x58 Thirdparty/STM32F0xx_HAL_Driver/Src/stm32f0xx_hal_cortex.o
                0x0000000008010a24                HAL_NVIC_SetPriority
 .text.HAL_NVIC_EnableIRQ
                0x0000000008010a7c       0x14 Thirdparty/STM32F0xx_HAL_Driver/Src/stm32f0xx_hal_cortex.o
                0x0000000008010a7c                HAL_NVIC_EnableIRQ
 .text.HAL_NVIC_DisableIRQ
                0x0000000008010a90       0x14 Thirdparty/STM32F0xx_HAL_Driver/Src/stm32f0xx_hal_cortex.o
                0x0000000008010a90                HAL_NVIC_DisableIRQ
 .text.HAL_SYSTICK_Config
                0x0000000008010aa4       0x38 Thirdparty/STM32F0xx_HAL_Driver/Src/stm32f0xx_hal_cortex.o
                0x0000000008010aa4                HAL_SYSTICK_Config
 .text.HAL_SYSTICK_CLKSourceConfig
                0x0000000008010adc       0x1c Thirdparty/STM32F0xx_HAL_Driver/Src/stm32f0xx_hal_cortex.o
                0x0000000008010adc                HAL_SYSTICK_CLKSourceConfig
 .text.CRC_Handle_8
                0x0000000008010af8       0x6c Thirdparty/STM32F0xx_HAL_Driver/Src/stm32f0xx_hal_crc.o
 .text.CRC_Handle_16
                0x0000000008010b64       0x2c Thirdparty/STM32F0xx_HAL_Driver/Src/stm32f0xx_hal_crc.o
 .text.HAL_CRC_Init
                0x0000000008010b90       0x68 Thirdparty/STM32F0xx_HAL_Driver/Src/stm32f0xx_hal_crc.o
                0x0000000008010b90                HAL_CRC_Init
 .text.HAL_CRC_Accumulate
                0x0000000008010bf8       0x54 Thirdparty/STM32F0xx_HAL_Driver/Src/stm32f0xx_hal_crc.o
                0x0000000008010bf8                HAL_CRC_Accumulate
 .text.HAL_CRC_Calculate
                0x0000000008010c4c       0x5c Thirdparty/STM32F0xx_HAL_Driver/Src/stm32f0xx_hal_crc.o
                0x0000000008010c4c                HAL_CRC_Calculate
 .text.HAL_CRCEx_Polynomial_Set
                0x0000000008010ca8       0x5c Thirdparty/STM32F0xx_HAL_Driver/Src/stm32f0xx_hal_crc_ex.o
                0x0000000008010ca8                HAL_CRCEx_Polynomial_Set
 .text.HAL_CRCEx_Init
                0x0000000008010d04       0x30 Thirdparty/STM32F0xx_HAL_Driver/Src/stm32f0xx_hal_crc_ex.o
                0x0000000008010d04                HAL_CRCEx_Init
 .text.HAL_DAC_Init
                0x0000000008010d34       0x2c Thirdparty/STM32F0xx_HAL_Driver/Src/stm32f0xx_hal_dac.o
                0x0000000008010d34                HAL_DAC_Init
 .text.HAL_DAC_Stop
                0x0000000008010d60       0x18 Thirdparty/STM32F0xx_HAL_Driver/Src/stm32f0xx_hal_dac.o
                0x0000000008010d60                HAL_DAC_Stop
 .text.HAL_DAC_Stop_DMA
                0x0000000008010d78       0x5c Thirdparty/STM32F0xx_HAL_Driver/Src/stm32f0xx_hal_dac.o
                0x0000000008010d78                HAL_DAC_Stop_DMA
 .text.HAL_DAC_ConvHalfCpltCallbackCh1
                0x0000000008010dd4        0x4 Thirdparty/STM32F0xx_HAL_Driver/Src/stm32f0xx_hal_dac.o
                0x0000000008010dd4                HAL_DAC_ConvHalfCpltCallbackCh1
 .text.HAL_DAC_ErrorCallbackCh1
                0x0000000008010dd8        0x4 Thirdparty/STM32F0xx_HAL_Driver/Src/stm32f0xx_hal_dac.o
                0x0000000008010dd8                HAL_DAC_ErrorCallbackCh1
 .text.DAC_DMAErrorCh1
                0x0000000008010ddc       0x18 Thirdparty/STM32F0xx_HAL_Driver/Src/stm32f0xx_hal_dac_ex.o
 .text.DAC_DMAHalfConvCpltCh1
                0x0000000008010df4        0xc Thirdparty/STM32F0xx_HAL_Driver/Src/stm32f0xx_hal_dac_ex.o
 .text.DAC_DMAConvCpltCh1
                0x0000000008010e00       0x10 Thirdparty/STM32F0xx_HAL_Driver/Src/stm32f0xx_hal_dac_ex.o
 .text.HAL_DAC_ConfigChannel
                0x0000000008010e10       0x38 Thirdparty/STM32F0xx_HAL_Driver/Src/stm32f0xx_hal_dac_ex.o
                0x0000000008010e10                HAL_DAC_ConfigChannel
 .text.HAL_DAC_Start
                0x0000000008010e48       0x54 Thirdparty/STM32F0xx_HAL_Driver/Src/stm32f0xx_hal_dac_ex.o
                0x0000000008010e48                HAL_DAC_Start
 .text.HAL_DAC_Start_DMA
                0x0000000008010e9c       0xf4 Thirdparty/STM32F0xx_HAL_Driver/Src/stm32f0xx_hal_dac_ex.o
                0x0000000008010e9c                HAL_DAC_Start_DMA
 .text.HAL_DACEx_ConvCpltCallbackCh2
                0x0000000008010f90        0x4 Thirdparty/STM32F0xx_HAL_Driver/Src/stm32f0xx_hal_dac_ex.o
                0x0000000008010f90                HAL_DACEx_ConvCpltCallbackCh2
 .text.DAC_DMAConvCpltCh2
                0x0000000008010f94       0x10 Thirdparty/STM32F0xx_HAL_Driver/Src/stm32f0xx_hal_dac_ex.o
                0x0000000008010f94                DAC_DMAConvCpltCh2
 .text.HAL_DACEx_ConvHalfCpltCallbackCh2
                0x0000000008010fa4        0x4 Thirdparty/STM32F0xx_HAL_Driver/Src/stm32f0xx_hal_dac_ex.o
                0x0000000008010fa4                HAL_DACEx_ConvHalfCpltCallbackCh2
 .text.DAC_DMAHalfConvCpltCh2
                0x0000000008010fa8        0xc Thirdparty/STM32F0xx_HAL_Driver/Src/stm32f0xx_hal_dac_ex.o
                0x0000000008010fa8                DAC_DMAHalfConvCpltCh2
 .text.HAL_DACEx_ErrorCallbackCh2
                0x0000000008010fb4        0x4 Thirdparty/STM32F0xx_HAL_Driver/Src/stm32f0xx_hal_dac_ex.o
                0x0000000008010fb4                HAL_DACEx_ErrorCallbackCh2
 .text.DAC_DMAErrorCh2
                0x0000000008010fb8       0x18 Thirdparty/STM32F0xx_HAL_Driver/Src/stm32f0xx_hal_dac_ex.o
                0x0000000008010fb8                DAC_DMAErrorCh2
 .text.HAL_DMA_Init
                0x0000000008010fd0       0x58 Thirdparty/STM32F0xx_HAL_Driver/Src/stm32f0xx_hal_dma.o
                0x0000000008010fd0                HAL_DMA_Init
 .text.HAL_DMA_Start_IT
                0x0000000008011028       0x58 Thirdparty/STM32F0xx_HAL_Driver/Src/stm32f0xx_hal_dma.o
                0x0000000008011028                HAL_DMA_Start_IT
 .text.HAL_DMA_Abort
                0x0000000008011080       0x50 Thirdparty/STM32F0xx_HAL_Driver/Src/stm32f0xx_hal_dma.o
                0x0000000008011080                HAL_DMA_Abort
 .text.HAL_DMA_IRQHandler
                0x00000000080110d0      0x940 Thirdparty/STM32F0xx_HAL_Driver/Src/stm32f0xx_hal_dma.o
                0x00000000080110d0                HAL_DMA_IRQHandler
 .text.HAL_FLASH_Unlock
                0x0000000008011a10       0x24 Thirdparty/STM32F0xx_HAL_Driver/Src/stm32f0xx_hal_flash.o
                0x0000000008011a10                HAL_FLASH_Unlock
 .text.HAL_FLASH_Lock
                0x0000000008011a34       0x14 Thirdparty/STM32F0xx_HAL_Driver/Src/stm32f0xx_hal_flash.o
                0x0000000008011a34                HAL_FLASH_Lock
 .text.FLASH_WaitForLastOperation
                0x0000000008011a48       0x88 Thirdparty/STM32F0xx_HAL_Driver/Src/stm32f0xx_hal_flash.o
                0x0000000008011a48                FLASH_WaitForLastOperation
 .text.HAL_FLASH_Program
                0x0000000008011ad0       0xc8 Thirdparty/STM32F0xx_HAL_Driver/Src/stm32f0xx_hal_flash.o
                0x0000000008011ad0                HAL_FLASH_Program
 .text.HAL_FLASHEx_Erase
                0x0000000008011b98       0xd8 Thirdparty/STM32F0xx_HAL_Driver/Src/stm32f0xx_hal_flash_ex.o
                0x0000000008011b98                HAL_FLASHEx_Erase
 .text.FLASH_PageErase
                0x0000000008011c70       0x24 Thirdparty/STM32F0xx_HAL_Driver/Src/stm32f0xx_hal_flash_ex.o
                0x0000000008011c70                FLASH_PageErase
 .text.HAL_GPIO_Init
                0x0000000008011c94      0x1f8 Thirdparty/STM32F0xx_HAL_Driver/Src/stm32f0xx_hal_gpio.o
                0x0000000008011c94                HAL_GPIO_Init
 .text.HAL_GPIO_DeInit
                0x0000000008011e8c      0x13c Thirdparty/STM32F0xx_HAL_Driver/Src/stm32f0xx_hal_gpio.o
                0x0000000008011e8c                HAL_GPIO_DeInit
 .text.HAL_GPIO_ReadPin
                0x0000000008011fc8        0xc Thirdparty/STM32F0xx_HAL_Driver/Src/stm32f0xx_hal_gpio.o
                0x0000000008011fc8                HAL_GPIO_ReadPin
 .text.HAL_GPIO_WritePin
                0x0000000008011fd4        0xc Thirdparty/STM32F0xx_HAL_Driver/Src/stm32f0xx_hal_gpio.o
                0x0000000008011fd4                HAL_GPIO_WritePin
 .text.HAL_GPIO_TogglePin
                0x0000000008011fe0        0x8 Thirdparty/STM32F0xx_HAL_Driver/Src/stm32f0xx_hal_gpio.o
                0x0000000008011fe0                HAL_GPIO_TogglePin
 .text.HAL_MspInit
                0x0000000008011fe8        0x4 Thirdparty/STM32F0xx_HAL_Driver/Src/stm32f0xx_hal_msp_template.o
                0x0000000008011fe8                HAL_MspInit
 .text.HAL_PWR_EnableBkUpAccess
                0x0000000008011fec       0x14 Thirdparty/STM32F0xx_HAL_Driver/Src/stm32f0xx_hal_pwr.o
                0x0000000008011fec                HAL_PWR_EnableBkUpAccess
 .text.HAL_RCC_OscConfig
                0x0000000008012000      0x544 Thirdparty/STM32F0xx_HAL_Driver/Src/stm32f0xx_hal_rcc.o
                0x0000000008012000                HAL_RCC_OscConfig
 .text.HAL_RCC_ClockConfig
                0x0000000008012544      0x230 Thirdparty/STM32F0xx_HAL_Driver/Src/stm32f0xx_hal_rcc.o
                0x0000000008012544                HAL_RCC_ClockConfig
 .text.HAL_RCC_GetSysClockFreq
                0x0000000008012774       0x8c Thirdparty/STM32F0xx_HAL_Driver/Src/stm32f0xx_hal_rcc.o
                0x0000000008012774                HAL_RCC_GetSysClockFreq
 .text.HAL_RCC_GetHCLKFreq
                0x0000000008012800       0x28 Thirdparty/STM32F0xx_HAL_Driver/Src/stm32f0xx_hal_rcc.o
                0x0000000008012800                HAL_RCC_GetHCLKFreq
 .text.HAL_RCC_GetPCLK1Freq
                0x0000000008012828       0x30 Thirdparty/STM32F0xx_HAL_Driver/Src/stm32f0xx_hal_rcc.o
                0x0000000008012828                HAL_RCC_GetPCLK1Freq
 .text.HAL_RCCEx_PeriphCLKConfig
                0x0000000008012858      0x128 Thirdparty/STM32F0xx_HAL_Driver/Src/stm32f0xx_hal_rcc_ex.o
                0x0000000008012858                HAL_RCCEx_PeriphCLKConfig
 .text.HAL_RTC_MspInit
                0x0000000008012980        0x4 Thirdparty/STM32F0xx_HAL_Driver/Src/stm32f0xx_hal_rtc.o
                0x0000000008012980                HAL_RTC_MspInit
 .text.HAL_RTC_GetTime
                0x0000000008012984       0x60 Thirdparty/STM32F0xx_HAL_Driver/Src/stm32f0xx_hal_rtc.o
                0x0000000008012984                HAL_RTC_GetTime
 .text.HAL_RTC_GetDate
                0x00000000080129e4       0x5c Thirdparty/STM32F0xx_HAL_Driver/Src/stm32f0xx_hal_rtc.o
                0x00000000080129e4                HAL_RTC_GetDate
 .text.HAL_RTC_WaitForSynchro
                0x0000000008012a40       0x38 Thirdparty/STM32F0xx_HAL_Driver/Src/stm32f0xx_hal_rtc.o
                0x0000000008012a40                HAL_RTC_WaitForSynchro
 .text.RTC_EnterInitMode
                0x0000000008012a78       0x3c Thirdparty/STM32F0xx_HAL_Driver/Src/stm32f0xx_hal_rtc.o
                0x0000000008012a78                RTC_EnterInitMode
 .text.HAL_RTC_Init
                0x0000000008012ab4       0x90 Thirdparty/STM32F0xx_HAL_Driver/Src/stm32f0xx_hal_rtc.o
                0x0000000008012ab4                HAL_RTC_Init
 .text.HAL_RTC_SetTime
                0x0000000008012b44      0x128 Thirdparty/STM32F0xx_HAL_Driver/Src/stm32f0xx_hal_rtc.o
                0x0000000008012b44                HAL_RTC_SetTime
 .text.HAL_RTC_SetDate
                0x0000000008012c6c       0xf8 Thirdparty/STM32F0xx_HAL_Driver/Src/stm32f0xx_hal_rtc.o
                0x0000000008012c6c                HAL_RTC_SetDate
 .text.HAL_RTCEx_BKUPWrite
                0x0000000008012d64        0xc Thirdparty/STM32F0xx_HAL_Driver/Src/stm32f0xx_hal_rtc_ex.o
                0x0000000008012d64                HAL_RTCEx_BKUPWrite
 .text.HAL_RTCEx_BKUPRead
                0x0000000008012d70        0xc Thirdparty/STM32F0xx_HAL_Driver/Src/stm32f0xx_hal_rtc_ex.o
                0x0000000008012d70                HAL_RTCEx_BKUPRead
 .text.HAL_TIM_Base_MspInit
                0x0000000008012d7c        0x4 Thirdparty/STM32F0xx_HAL_Driver/Src/stm32f0xx_hal_tim.o
                0x0000000008012d7c                HAL_TIM_Base_MspInit
 .text.HAL_TIM_Base_Start
                0x0000000008012d80       0x18 Thirdparty/STM32F0xx_HAL_Driver/Src/stm32f0xx_hal_tim.o
                0x0000000008012d80                HAL_TIM_Base_Start
 .text.HAL_TIM_Base_Stop
                0x0000000008012d98       0x34 Thirdparty/STM32F0xx_HAL_Driver/Src/stm32f0xx_hal_tim.o
                0x0000000008012d98                HAL_TIM_Base_Stop
 .text.TIM_Base_SetConfig
                0x0000000008012dcc       0xa8 Thirdparty/STM32F0xx_HAL_Driver/Src/stm32f0xx_hal_tim.o
                0x0000000008012dcc                TIM_Base_SetConfig
 .text.HAL_TIM_Base_Init
                0x0000000008012e74       0x34 Thirdparty/STM32F0xx_HAL_Driver/Src/stm32f0xx_hal_tim.o
                0x0000000008012e74                HAL_TIM_Base_Init
 .text.HAL_TIMEx_MasterConfigSynchronization
                0x0000000008012ea8       0x44 Thirdparty/STM32F0xx_HAL_Driver/Src/stm32f0xx_hal_tim_ex.o
                0x0000000008012ea8                HAL_TIMEx_MasterConfigSynchronization
 .text.HAL_UART_MspDeInit
                0x0000000008012eec        0x4 Thirdparty/STM32F0xx_HAL_Driver/Src/stm32f0xx_hal_uart.o
                0x0000000008012eec                HAL_UART_MspDeInit
 .text.HAL_UART_DeInit
                0x0000000008012ef0       0x34 Thirdparty/STM32F0xx_HAL_Driver/Src/stm32f0xx_hal_uart.o
                0x0000000008012ef0                HAL_UART_DeInit
 .text.HAL_UART_Transmit_IT
                0x0000000008012f24       0x68 Thirdparty/STM32F0xx_HAL_Driver/Src/stm32f0xx_hal_uart.o
                0x0000000008012f24                HAL_UART_Transmit_IT
 .text.HAL_UART_Receive_IT
                0x0000000008012f8c       0xbc Thirdparty/STM32F0xx_HAL_Driver/Src/stm32f0xx_hal_uart.o
                0x0000000008012f8c                HAL_UART_Receive_IT
 .text.HAL_UART_Transmit_DMA
                0x0000000008013048       0x8c Thirdparty/STM32F0xx_HAL_Driver/Src/stm32f0xx_hal_uart.o
                0x0000000008013048                HAL_UART_Transmit_DMA
 .text.HAL_UART_Receive_DMA
                0x00000000080130d4       0x84 Thirdparty/STM32F0xx_HAL_Driver/Src/stm32f0xx_hal_uart.o
                0x00000000080130d4                HAL_UART_Receive_DMA
 .text.HAL_UART_DMAStop
                0x0000000008013158       0x34 Thirdparty/STM32F0xx_HAL_Driver/Src/stm32f0xx_hal_uart.o
                0x0000000008013158                HAL_UART_DMAStop
 .text.UART_DMATransmitCplt
                0x000000000801318c       0x30 Thirdparty/STM32F0xx_HAL_Driver/Src/stm32f0xx_hal_uart.o
 .text.HAL_UART_TxHalfCpltCallback
                0x00000000080131bc        0x4 Thirdparty/STM32F0xx_HAL_Driver/Src/stm32f0xx_hal_uart.o
                0x00000000080131bc                HAL_UART_TxHalfCpltCallback
 .text.UART_DMATxHalfCplt
                0x00000000080131c0        0xc Thirdparty/STM32F0xx_HAL_Driver/Src/stm32f0xx_hal_uart.o
 .text.UART_DMAReceiveCplt
                0x00000000080131cc       0x38 Thirdparty/STM32F0xx_HAL_Driver/Src/stm32f0xx_hal_uart.o
 .text.HAL_UART_RxHalfCpltCallback
                0x0000000008013204        0x4 Thirdparty/STM32F0xx_HAL_Driver/Src/stm32f0xx_hal_uart.o
                0x0000000008013204                HAL_UART_RxHalfCpltCallback
 .text.UART_DMARxHalfCplt
                0x0000000008013208        0xc Thirdparty/STM32F0xx_HAL_Driver/Src/stm32f0xx_hal_uart.o
 .text.UART_DMAError
                0x0000000008013214       0x24 Thirdparty/STM32F0xx_HAL_Driver/Src/stm32f0xx_hal_uart.o
 .text.UART_SetConfig
                0x0000000008013238      0x1d8 Thirdparty/STM32F0xx_HAL_Driver/Src/stm32f0xx_hal_uart.o
                0x0000000008013238                UART_SetConfig
 .text.UART_AdvFeatureConfig
                0x0000000008013410       0xd0 Thirdparty/STM32F0xx_HAL_Driver/Src/stm32f0xx_hal_uart.o
                0x0000000008013410                UART_AdvFeatureConfig
 .text.UART_WaitOnFlagUntilTimeout
                0x00000000080134e0       0x98 Thirdparty/STM32F0xx_HAL_Driver/Src/stm32f0xx_hal_uart.o
                0x00000000080134e0                UART_WaitOnFlagUntilTimeout
 .text.HAL_UART_Transmit
                0x0000000008013578       0xc8 Thirdparty/STM32F0xx_HAL_Driver/Src/stm32f0xx_hal_uart.o
                0x0000000008013578                HAL_UART_Transmit
 .text.UART_CheckIdleState
                0x0000000008013640       0x7c Thirdparty/STM32F0xx_HAL_Driver/Src/stm32f0xx_hal_uart.o
                0x0000000008013640                UART_CheckIdleState
 .text.HAL_UART_Init
                0x00000000080136bc       0x6c Thirdparty/STM32F0xx_HAL_Driver/Src/stm32f0xx_hal_uart.o
                0x00000000080136bc                HAL_UART_Init
 .text.UART_Transmit_IT
                0x0000000008013728       0x64 Thirdparty/STM32F0xx_HAL_Driver/Src/stm32f0xx_hal_uart.o
                0x0000000008013728                UART_Transmit_IT
 .text.UART_EndTransmit_IT
                0x000000000801378c       0x2c Thirdparty/STM32F0xx_HAL_Driver/Src/stm32f0xx_hal_uart.o
                0x000000000801378c                UART_EndTransmit_IT
 .text.UART_Receive_IT
                0x00000000080137b8       0x8c Thirdparty/STM32F0xx_HAL_Driver/Src/stm32f0xx_hal_uart.o
                0x00000000080137b8                UART_Receive_IT
 .text.HAL_UARTEx_WakeupCallback
                0x0000000008013844        0x4 Thirdparty/STM32F0xx_HAL_Driver/Src/stm32f0xx_hal_uart_ex.o
                0x0000000008013844                HAL_UARTEx_WakeupCallback
 .text.HAL_UART_IRQHandler
                0x0000000008013848      0x108 Thirdparty/STM32F0xx_HAL_Driver/Src/stm32f0xx_hal_uart_ex.o
                0x0000000008013848                HAL_UART_IRQHandler
 .text.startup.main
                0x0000000008013950        0x8 User/main.o
                0x0000000008013950                main
 .text.UserTask
                0x0000000008013958        0x4 User/main.o
                0x0000000008013958                UserTask
 .text.atof     0x000000000801395c        0xa c:/st/stm32cubeide_1.5.1/stm32cubeide/plugins/com.st.stm32cube.ide.mcu.externaltools.gnu-tools-for-stm32.7-2018-q2-update.win32_1.5.0.202011040924/tools/bin/../lib/gcc/arm-none-eabi/7.3.1/../../../../arm-none-eabi/lib/thumb/v6-m\libc.a(lib_a-atof.o)
                0x000000000801395c                atof
 .text.atoi     0x0000000008013966        0xc c:/st/stm32cubeide_1.5.1/stm32cubeide/plugins/com.st.stm32cube.ide.mcu.externaltools.gnu-tools-for-stm32.7-2018-q2-update.win32_1.5.0.202011040924/tools/bin/../lib/gcc/arm-none-eabi/7.3.1/../../../../arm-none-eabi/lib/thumb/v6-m\libc.a(lib_a-atoi.o)
                0x0000000008013966                atoi
 .text.atol     0x0000000008013972        0xc c:/st/stm32cubeide_1.5.1/stm32cubeide/plugins/com.st.stm32cube.ide.mcu.externaltools.gnu-tools-for-stm32.7-2018-q2-update.win32_1.5.0.202011040924/tools/bin/../lib/gcc/arm-none-eabi/7.3.1/../../../../arm-none-eabi/lib/thumb/v6-m\libc.a(lib_a-atol.o)
                0x0000000008013972                atol
 *fill*         0x000000000801397e        0x2 
 .text.calloc   0x0000000008013980       0x14 c:/st/stm32cubeide_1.5.1/stm32cubeide/plugins/com.st.stm32cube.ide.mcu.externaltools.gnu-tools-for-stm32.7-2018-q2-update.win32_1.5.0.202011040924/tools/bin/../lib/gcc/arm-none-eabi/7.3.1/../../../../arm-none-eabi/lib/thumb/v6-m\libc.a(lib_a-calloc.o)
                0x0000000008013980                calloc
 .text._calloc_r
                0x0000000008013994       0x58 c:/st/stm32cubeide_1.5.1/stm32cubeide/plugins/com.st.stm32cube.ide.mcu.externaltools.gnu-tools-for-stm32.7-2018-q2-update.win32_1.5.0.202011040924/tools/bin/../lib/gcc/arm-none-eabi/7.3.1/../../../../arm-none-eabi/lib/thumb/v6-m\libc.a(lib_a-callocr.o)
                0x0000000008013994                _calloc_r
 .text.__libc_init_array
                0x00000000080139ec       0x48 c:/st/stm32cubeide_1.5.1/stm32cubeide/plugins/com.st.stm32cube.ide.mcu.externaltools.gnu-tools-for-stm32.7-2018-q2-update.win32_1.5.0.202011040924/tools/bin/../lib/gcc/arm-none-eabi/7.3.1/../../../../arm-none-eabi/lib/thumb/v6-m\libc.a(lib_a-init.o)
                0x00000000080139ec                __libc_init_array
 .text.__locale_ctype_ptr_l
                0x0000000008013a34        0x6 c:/st/stm32cubeide_1.5.1/stm32cubeide/plugins/com.st.stm32cube.ide.mcu.externaltools.gnu-tools-for-stm32.7-2018-q2-update.win32_1.5.0.202011040924/tools/bin/../lib/gcc/arm-none-eabi/7.3.1/../../../../arm-none-eabi/lib/thumb/v6-m\libc.a(lib_a-locale.o)
                0x0000000008013a34                __locale_ctype_ptr_l
 *fill*         0x0000000008013a3a        0x2 
 .text.__locale_ctype_ptr
                0x0000000008013a3c       0x1c c:/st/stm32cubeide_1.5.1/stm32cubeide/plugins/com.st.stm32cube.ide.mcu.externaltools.gnu-tools-for-stm32.7-2018-q2-update.win32_1.5.0.202011040924/tools/bin/../lib/gcc/arm-none-eabi/7.3.1/../../../../arm-none-eabi/lib/thumb/v6-m\libc.a(lib_a-locale.o)
                0x0000000008013a3c                __locale_ctype_ptr
 .text.malloc   0x0000000008013a58       0x14 c:/st/stm32cubeide_1.5.1/stm32cubeide/plugins/com.st.stm32cube.ide.mcu.externaltools.gnu-tools-for-stm32.7-2018-q2-update.win32_1.5.0.202011040924/tools/bin/../lib/gcc/arm-none-eabi/7.3.1/../../../../arm-none-eabi/lib/thumb/v6-m\libc.a(lib_a-malloc.o)
                0x0000000008013a58                malloc
 .text.free     0x0000000008013a6c       0x14 c:/st/stm32cubeide_1.5.1/stm32cubeide/plugins/com.st.stm32cube.ide.mcu.externaltools.gnu-tools-for-stm32.7-2018-q2-update.win32_1.5.0.202011040924/tools/bin/../lib/gcc/arm-none-eabi/7.3.1/../../../../arm-none-eabi/lib/thumb/v6-m\libc.a(lib_a-malloc.o)
                0x0000000008013a6c                free
 .text._malloc_r
                0x0000000008013a80      0x430 c:/st/stm32cubeide_1.5.1/stm32cubeide/plugins/com.st.stm32cube.ide.mcu.externaltools.gnu-tools-for-stm32.7-2018-q2-update.win32_1.5.0.202011040924/tools/bin/../lib/gcc/arm-none-eabi/7.3.1/../../../../arm-none-eabi/lib/thumb/v6-m\libc.a(lib_a-mallocr.o)
                0x0000000008013a80                _malloc_r
 .text.__ascii_mbtowc
                0x0000000008013eb0       0x24 c:/st/stm32cubeide_1.5.1/stm32cubeide/plugins/com.st.stm32cube.ide.mcu.externaltools.gnu-tools-for-stm32.7-2018-q2-update.win32_1.5.0.202011040924/tools/bin/../lib/gcc/arm-none-eabi/7.3.1/../../../../arm-none-eabi/lib/thumb/v6-m\libc.a(lib_a-mbtowc_r.o)
                0x0000000008013eb0                __ascii_mbtowc
 .text.memcmp   0x0000000008013ed4       0x1e c:/st/stm32cubeide_1.5.1/stm32cubeide/plugins/com.st.stm32cube.ide.mcu.externaltools.gnu-tools-for-stm32.7-2018-q2-update.win32_1.5.0.202011040924/tools/bin/../lib/gcc/arm-none-eabi/7.3.1/../../../../arm-none-eabi/lib/thumb/v6-m\libc.a(lib_a-memcmp.o)
                0x0000000008013ed4                memcmp
 .text.memcpy   0x0000000008013ef2       0x12 c:/st/stm32cubeide_1.5.1/stm32cubeide/plugins/com.st.stm32cube.ide.mcu.externaltools.gnu-tools-for-stm32.7-2018-q2-update.win32_1.5.0.202011040924/tools/bin/../lib/gcc/arm-none-eabi/7.3.1/../../../../arm-none-eabi/lib/thumb/v6-m\libc.a(lib_a-memcpy-stub.o)
                0x0000000008013ef2                memcpy
 .text.memset   0x0000000008013f04       0x10 c:/st/stm32cubeide_1.5.1/stm32cubeide/plugins/com.st.stm32cube.ide.mcu.externaltools.gnu-tools-for-stm32.7-2018-q2-update.win32_1.5.0.202011040924/tools/bin/../lib/gcc/arm-none-eabi/7.3.1/../../../../arm-none-eabi/lib/thumb/v6-m\libc.a(lib_a-memset.o)