Archive member included to satisfy reference by file (symbol)

c:/st/stm32cubeide_1.5.1/stm32cubeide/plugins/com.st.stm32cube.ide.mcu.externaltools.gnu-tools-for-stm32.7-2018-q2-update.win32_1.5.0.202011040924/tools/bin/../lib/gcc/arm-none-eabi/7.3.1/../../../../arm-none-eabi/lib/thumb/v6-m\libc.a(lib_a-atof.o)
                              BOS\BOS_CLI.o (atof)
c:/st/stm32cubeide_1.5.1/stm32cubeide/plugins/com.st.stm32cube.ide.mcu.externaltools.gnu-tools-for-stm32.7-2018-q2-update.win32_1.5.0.202011040924/tools/bin/../lib/gcc/arm-none-eabi/7.3.1/../../../../arm-none-eabi/lib/thumb/v6-m\libc.a(lib_a-atoi.o)
                              BOS\BOS_CLI.o (atoi)
c:/st/stm32cubeide_1.5.1/stm32cubeide/plugins/com.st.stm32cube.ide.mcu.externaltools.gnu-tools-for-stm32.7-2018-q2-update.win32_1.5.0.202011040924/tools/bin/../lib/gcc/arm-none-eabi/7.3.1/../../../../arm-none-eabi/lib/thumb/v6-m\libc.a(lib_a-atol.o)
                              BOS\BOS.o (atol)
c:/st/stm32cubeide_1.5.1/stm32cubeide/plugins/com.st.stm32cube.ide.mcu.externaltools.gnu-tools-for-stm32.7-2018-q2-update.win32_1.5.0.202011040924/tools/bin/../lib/gcc/arm-none-eabi/7.3.1/../../../../arm-none-eabi/lib/thumb/v6-m\libc.a(lib_a-exit.o)
                              c:/st/stm32cubeide_1.5.1/stm32cubeide/plugins/com.st.stm32cube.ide.mcu.externaltools.gnu-tools-for-stm32.7-2018-q2-update.win32_1.5.0.202011040924/tools/bin/../lib/gcc/arm-none-eabi/7.3.1/../../../../arm-none-eabi/lib/thumb/v6-m/crt0.o (exit)
c:/st/stm32cubeide_1.5.1/stm32cubeide/plugins/com.st.stm32cube.ide.mcu.externaltools.gnu-tools-for-stm32.7-2018-q2-update.win32_1.5.0.202011040924/tools/bin/../lib/gcc/arm-none-eabi/7.3.1/../../../../arm-none-eabi/lib/thumb/v6-m\libc.a(lib_a-impure.o)
                              c:/st/stm32cubeide_1.5.1/stm32cubeide/plugins/com.st.stm32cube.ide.mcu.externaltools.gnu-tools-for-stm32.7-2018-q2-update.win32_1.5.0.202011040924/tools/bin/../lib/gcc/arm-none-eabi/7.3.1/../../../../arm-none-eabi/lib/thumb/v6-m\libc.a(lib_a-exit.o) (_global_impure_ptr)
c:/st/stm32cubeide_1.5.1/stm32cubeide/plugins/com.st.stm32cube.ide.mcu.externaltools.gnu-tools-for-stm32.7-2018-q2-update.win32_1.5.0.202011040924/tools/bin/../lib/gcc/arm-none-eabi/7.3.1/../../../../arm-none-eabi/lib/thumb/v6-m\libc.a(lib_a-init.o)
                              c:/st/stm32cubeide_1.5.1/stm32cubeide/plugins/com.st.stm32cube.ide.mcu.externaltools.gnu-tools-for-stm32.7-2018-q2-update.win32_1.5.0.202011040924/tools/bin/../lib/gcc/arm-none-eabi/7.3.1/../../../../arm-none-eabi/lib/thumb/v6-m/crt0.o (__libc_init_array)
c:/st/stm32cubeide_1.5.1/stm32cubeide/plugins/com.st.stm32cube.ide.mcu.externaltools.gnu-tools-for-stm32.7-2018-q2-update.win32_1.5.0.202011040924/tools/bin/../lib/gcc/arm-none-eabi/7.3.1/../../../../arm-none-eabi/lib/thumb/v6-m\libc.a(lib_a-locale.o)
                              BOS\BOS_CLI.o (__locale_ctype_ptr)
c:/st/stm32cubeide_1.5.1/stm32cubeide/plugins/com.st.stm32cube.ide.mcu.externaltools.gnu-tools-for-stm32.7-2018-q2-update.win32_1.5.0.202011040924/tools/bin/../lib/gcc/arm-none-eabi/7.3.1/../../../../arm-none-eabi/lib/thumb/v6-m\libc.a(lib_a-malloc.o)
                              BOS\BOS.o (malloc)
c:/st/stm32cubeide_1.5.1/stm32cubeide/plugins/com.st.stm32cube.ide.mcu.externaltools.gnu-tools-for-stm32.7-2018-q2-update.win32_1.5.0.202011040924/tools/bin/../lib/gcc/arm-none-eabi/7.3.1/../../../../arm-none-eabi/lib/thumb/v6-m\libc.a(lib_a-mallocr.o)
                              c:/st/stm32cubeide_1.5.1/stm32cubeide/plugins/com.st.stm32cube.ide.mcu.externaltools.gnu-tools-for-stm32.7-2018-q2-update.win32_1.5.0.202011040924/tools/bin/../lib/gcc/arm-none-eabi/7.3.1/../../../../arm-none-eabi/lib/thumb/v6-m\libc.a(lib_a-malloc.o) (_malloc_r)
c:/st/stm32cubeide_1.5.1/stm32cubeide/plugins/com.st.stm32cube.ide.mcu.externaltools.gnu-tools-for-stm32.7-2018-q2-update.win32_1.5.0.202011040924/tools/bin/../lib/gcc/arm-none-eabi/7.3.1/../../../../arm-none-eabi/lib/thumb/v6-m\libc.a(lib_a-mbtowc_r.o)
                              c:/st/stm32cubeide_1.5.1/stm32cubeide/plugins/com.st.stm32cube.ide.mcu.externaltools.gnu-tools-for-stm32.7-2018-q2-update.win32_1.5.0.202011040924/tools/bin/../lib/gcc/arm-none-eabi/7.3.1/../../../../arm-none-eabi/lib/thumb/v6-m\libc.a(lib_a-locale.o) (__ascii_mbtowc)
c:/st/stm32cubeide_1.5.1/stm32cubeide/plugins/com.st.stm32cube.ide.mcu.externaltools.gnu-tools-for-stm32.7-2018-q2-update.win32_1.5.0.202011040924/tools/bin/../lib/gcc/arm-none-eabi/7.3.1/../../../../arm-none-eabi/lib/thumb/v6-m\libc.a(lib_a-memcmp.o)
                              Thirdparty\Middleware\FreeRTOS\Source\tasks.o (memcmp)
c:/st/stm32cubeide_1.5.1/stm32cubeide/plugins/com.st.stm32cube.ide.mcu.externaltools.gnu-tools-for-stm32.7-2018-q2-update.win32_1.5.0.202011040924/tools/bin/../lib/gcc/arm-none-eabi/7.3.1/../../../../arm-none-eabi/lib/thumb/v6-m\libc.a(lib_a-memcpy-stub.o)
                              BOS\BOS.o (memcpy)
[...]
Memory Configuration

Name             Origin             Length             Attributes
RAM              0x0000000020000000 0x0000000000008000 xrw
FLASH            0x0000000008000000 0x0000000000020000 xr
*default*        0x0000000000000000 0xffffffffffffffff

Linker script and memory map

LOAD c:/st/stm32cubeide_1.5.1/stm32cubeide/plugins/com.st.stm32cube.ide.mcu.externaltools.gnu-tools-for-stm32.7-2018-q2-update.win32_1.5.0.202011040924/tools/bin/../lib/gcc/arm-none-eabi/7.3.1/thumb/v6-m/crti.o
LOAD c:/st/stm32cubeide_1.5.1/stm32cubeide/plugins/com.st.stm32cube.ide.mcu.externaltools.gnu-tools-for-stm32.7-2018-q2-update.win32_1.5.0.202011040924/tools/bin/../lib/gcc/arm-none-eabi/7.3.1/thumb/v6-m/crtbegin.o
LOAD c:/st/stm32cubeide_1.5.1/stm32cubeide/plugins/com.st.stm32cube.ide.mcu.externaltools.gnu-tools-for-stm32.7-2018-q2-update.win32_1.5.0.202011040924/tools/bin/../lib/gcc/arm-none-eabi/7.3.1/../../../../arm-none-eabi/lib/thumb/v6-m/crt0.o
LOAD BOS\BOS.o
LOAD BOS\BOS_CLI.o
LOAD BOS\BOS_CLIcommands.o
LOAD BOS\BOS_dma.o
LOAD BOS\BOS_eeprom.o
LOAD BOS\BOS_freertos.o
LOAD BOS\BOS_inputs.o
LOAD BOS\BOS_messaging.o
LOAD BOS\BOS_msgparser.o
LOAD H07R3\H07R3.o
LOAD H07R3\H07R3_dac.o
LOAD H07R3\H07R3_dma.o
LOAD H07R3\H07R3_gpio.o
LOAD H07R3\H07R3_it.o
LOAD H07R3\H07R3_rtc.o
LOAD H07R3\H07R3_timers.o
LOAD H07R3\H07R3_uart.o
LOAD H07R3\startup_stm32f091xc.o
LOAD Thirdparty\CMSIS\Device\ST\STM32F0xx\Source\Templates\system_stm32f0xx.o
LOAD Thirdparty\Middleware\FreeRTOS\Source\CMSIS_RTOS\cmsis_os.o
LOAD Thirdparty\Middleware\FreeRTOS\Source\FreeRTOS_CLI.o
LOAD Thirdparty\Middleware\FreeRTOS\Source\croutine.o
LOAD Thirdparty\Middleware\FreeRTOS\Source\event_groups.o
LOAD Thirdparty\Middleware\FreeRTOS\Source\list.o
LOAD Thirdparty\Middleware\FreeRTOS\Source\portable\GCC\ARM_CM0\port.o
LOAD Thirdparty\Middleware\FreeRTOS\Source\portable\MemMang\heap_4.o
LOAD Thirdparty\Middleware\FreeRTOS\Source\queue.o
LOAD Thirdparty\Middleware\FreeRTOS\Source\tasks.o
LOAD Thirdparty\Middleware\FreeRTOS\Source\timers.o
LOAD Thirdparty\STM32F0xx_HAL_Driver\Src\stm32f0xx_hal.o
LOAD Thirdparty\STM32F0xx_HAL_Driver\Src\stm32f0xx_hal_adc.o
LOAD Thirdparty\STM32F0xx_HAL_Driver\Src\stm32f0xx_hal_adc_ex.o
LOAD Thirdparty\STM32F0xx_HAL_Driver\Src\stm32f0xx_hal_can.o
LOAD Thirdparty\STM32F0xx_HAL_Driver\Src\stm32f0xx_hal_cec.o
LOAD Thirdparty\STM32F0xx_HAL_Driver\Src\stm32f0xx_hal_comp.o
LOAD Thirdparty\STM32F0xx_HAL_Driver\Src\stm32f0xx_hal_cortex.o
LOAD Thirdparty\STM32F0xx_HAL_Driver\Src\stm32f0xx_hal_crc.o
LOAD Thirdparty\STM32F0xx_HAL_Driver\Src\stm32f0xx_hal_crc_ex.o
LOAD Thirdparty\STM32F0xx_HAL_Driver\Src\stm32f0xx_hal_dac.o
LOAD Thirdparty\STM32F0xx_HAL_Driver\Src\stm32f0xx_hal_dac_ex.o
LOAD Thirdparty\STM32F0xx_HAL_Driver\Src\stm32f0xx_hal_dma.o
LOAD Thirdparty\STM32F0xx_HAL_Driver\Src\stm32f0xx_hal_flash.o
LOAD Thirdparty\STM32F0xx_HAL_Driver\Src\stm32f0xx_hal_flash_ex.o
LOAD Thirdparty\STM32F0xx_HAL_Driver\Src\stm32f0xx_hal_gpio.o
LOAD Thirdparty\STM32F0xx_HAL_Driver\Src\stm32f0xx_hal_i2c.o
LOAD Thirdparty\STM32F0xx_HAL_Driver\Src\stm32f0xx_hal_i2c_ex.o
LOAD Thirdparty\STM32F0xx_HAL_Driver\Src\stm32f0xx_hal_i2s.o
LOAD Thirdparty\STM32F0xx_HAL_Driver\Src\stm32f0xx_hal_irda.o
LOAD Thirdparty\STM32F0xx_HAL_Driver\Src\stm32f0xx_hal_iwdg.o
LOAD Thirdparty\STM32F0xx_HAL_Driver\Src\stm32f0xx_hal_msp_template.o
LOAD Thirdparty\STM32F0xx_HAL_Driver\Src\stm32f0xx_hal_pcd.o
LOAD Thirdparty\STM32F0xx_HAL_Driver\Src\stm32f0xx_hal_pcd_ex.o
LOAD Thirdparty\STM32F0xx_HAL_Driver\Src\stm32f0xx_hal_pwr.o
LOAD Thirdparty\STM32F0xx_HAL_Driver\Src\stm32f0xx_hal_pwr_ex.o
LOAD Thirdparty\STM32F0xx_HAL_Driver\Src\stm32f0xx_hal_rcc.o
LOAD Thirdparty\STM32F0xx_HAL_Driver\Src\stm32f0xx_hal_rcc_ex.o
LOAD Thirdparty\STM32F0xx_HAL_Driver\Src\stm32f0xx_hal_rtc.o
LOAD Thirdparty\STM32F0xx_HAL_Driver\Src\stm32f0xx_hal_rtc_ex.o
LOAD Thirdparty\STM32F0xx_HAL_Driver\Src\stm32f0xx_hal_smartcard.o
LOAD Thirdparty\STM32F0xx_HAL_Driver\Src\stm32f0xx_hal_smartcard_ex.o
LOAD Thirdparty\STM32F0xx_HAL_Driver\Src\stm32f0xx_hal_smbus.o
LOAD Thirdparty\STM32F0xx_HAL_Driver\Src\stm32f0xx_hal_spi.o
LOAD Thirdparty\STM32F0xx_HAL_Driver\Src\stm32f0xx_hal_spi_ex.o
LOAD Thirdparty\STM32F0xx_HAL_Driver\Src\stm32f0xx_hal_tim.o
LOAD Thirdparty\STM32F0xx_HAL_Driver\Src\stm32f0xx_hal_tim_ex.o
LOAD Thirdparty\STM32F0xx_HAL_Driver\Src\stm32f0xx_hal_tsc.o
LOAD Thirdparty\STM32F0xx_HAL_Driver\Src\stm32f0xx_hal_uart.o
LOAD Thirdparty\STM32F0xx_HAL_Driver\Src\stm32f0xx_hal_uart_ex.o
LOAD Thirdparty\STM32F0xx_HAL_Driver\Src\stm32f0xx_hal_usart.o
LOAD Thirdparty\STM32F0xx_HAL_Driver\Src\stm32f0xx_hal_wwdg.o
LOAD User\main.o
LOAD User\wave_hi_there.o
START GROUP
LOAD c:/st/stm32cubeide_1.5.1/stm32cubeide/plugins/com.st.stm32cube.ide.mcu.externaltools.gnu-tools-for-stm32.7-2018-q2-update.win32_1.5.0.202011040924/tools/bin/../lib/gcc/arm-none-eabi/7.3.1/../../../../arm-none-eabi/lib/thumb/v6-m\libc.a
LOAD c:/st/stm32cubeide_1.5.1/stm32cubeide/plugins/com.st.stm32cube.ide.mcu.externaltools.gnu-tools-for-stm32.7-2018-q2-update.win32_1.5.0.202011040924/tools/bin/../lib/gcc/arm-none-eabi/7.3.1/../../../../arm-none-eabi/lib/thumb/v6-m\libm.a
END GROUP
START GROUP
LOAD c:/st/stm32cubeide_1.5.1/stm32cubeide/plugins/com.st.stm32cube.ide.mcu.externaltools.gnu-tools-for-stm32.7-2018-q2-update.win32_1.5.0.202011040924/tools/bin/../lib/gcc/arm-none-eabi/7.3.1/thumb/v6-m\libgcc.a
LOAD c:/st/stm32cubeide_1.5.1/stm32cubeide/plugins/com.st.stm32cube.ide.mcu.externaltools.gnu-tools-for-stm32.7-2018-q2-update.win32_1.5.0.202011040924/tools/bin/../lib/gcc/arm-none-eabi/7.3.1/../../../../arm-none-eabi/lib/thumb/v6-m\libc.a
END GROUP
START GROUP
LOAD c:/st/stm32cubeide_1.5.1/stm32cubeide/plugins/com.st.stm32cube.ide.mcu.externaltools.gnu-tools-for-stm32.7-2018-q2-update.win32_1.5.0.202011040924/tools/bin/../lib/gcc/arm-none-eabi/7.3.1/thumb/v6-m\libgcc.a
LOAD c:/st/stm32cubeide_1.5.1/stm32cubeide/plugins/com.st.stm32cube.ide.mcu.externaltools.gnu-tools-for-stm32.7-2018-q2-update.win32_1.5.0.202011040924/tools/bin/../lib/gcc/arm-none-eabi/7.3.1/../../../../arm-none-eabi/lib/thumb/v6-m\libc.a
LOAD c:/st/stm32cubeide_1.5.1/stm32cubeide/plugins/com.st.stm32cube.ide.mcu.externaltools.gnu-tools-for-stm32.7-2018-q2-update.win32_1.5.0.202011040924/tools/bin/../lib/gcc/arm-none-eabi/7.3.1/../../../../arm-none-eabi/lib/thumb/v6-m\libnosys.a
END GROUP
LOAD c:/st/stm32cubeide_1.5.1/stm32cubeide/plugins/com.st.stm32cube.ide.mcu.externaltools.gnu-tools-for-stm32.7-2018-q2-update.win32_1.5.0.202011040924/tools/bin/../lib/gcc/arm-none-eabi/7.3.1/thumb/v6-m/crtend.o
LOAD c:/st/stm32cubeide_1.5.1/stm32cubeide/plugins/com.st.stm32cube.ide.mcu.externaltools.gnu-tools-for-stm32.7-2018-q2-update.win32_1.5.0.202011040924/tools/bin/../lib/gcc/arm-none-eabi/7.3.1/thumb/v6-m/crtn.o
                0x0000000020008000                _estack = 0x20008000
                0x0000000000000200                _Min_Heap_Size = 0x200
                0x0000000000000400                _Min_Stack_Size = 0x400

.isr_vector     0x0000000008000000       0xbc
                0x0000000008000000                . = ALIGN (0x4)
 *(.isr_vector)
 .isr_vector    0x0000000008000000       0xbc H07R3\startup_stm32f091xc.o
                0x0000000008000000                g_pfnVectors
                0x00000000080000bc                . = ALIGN (0x4)

.text           0x00000000080000bc    0x18c88
                0x00000000080000bc                . = ALIGN (0x4)
 *(.text)
 .text          0x00000000080000bc       0x48 c:/st/stm32cubeide_1.5.1/stm32cubeide/plugins/com.st.stm32cube.ide.mcu.externaltools.gnu-tools-for-stm32.7-2018-q2-update.win32_1.5.0.202011040924/tools/bin/../lib/gcc/arm-none-eabi/7.3.1/thumb/v6-m/crtbegin.o
 .text          0x0000000008000104       0x14 c:/st/stm32cubeide_1.5.1/stm32cubeide/plugins/com.st.stm32cube.ide.mcu.externaltools.gnu-tools-for-stm32.7-2018-q2-update.win32_1.5.0.202011040924/tools/bin/../lib/gcc/arm-none-eabi/7.3.1/../../../../arm-none-eabi/lib/thumb/v6-m\libc.a(lib_a-strcmp.o)
                0x0000000008000104                strcmp
 .text          0x0000000008000118        0xe c:/st/stm32cubeide_1.5.1/stm32cubeide/plugins/com.st.stm32cube.ide.mcu.externaltools.gnu-tools-for-stm32.7-2018-q2-update.win32_1.5.0.202011040924/tools/bin/../lib/gcc/arm-none-eabi/7.3.1/../../../../arm-none-eabi/lib/thumb/v6-m\libc.a(lib_a-strlen.o)
                0x0000000008000118                strlen
 *fill*         0x0000000008000126        0x2 
 .text          0x0000000008000128       0x14 c:/st/stm32cubeide_1.5.1/stm32cubeide/plugins/com.st.stm32cube.ide.mcu.externaltools.gnu-tools-for-stm32.7-2018-q2-update.win32_1.5.0.202011040924/tools/bin/../lib/gcc/arm-none-eabi/7.3.1/thumb/v6-m\libgcc.a(_thumb1_case_sqi.o)
                0x0000000008000128                __gnu_thumb1_case_sqi
 .text          0x000000000800013c       0x14 c:/st/stm32cubeide_1.5.1/stm32cubeide/plugins/com.st.stm32cube.ide.mcu.externaltools.gnu-tools-for-stm32.7-2018-q2-update.win32_1.5.0.202011040924/tools/bin/../lib/gcc/arm-none-eabi/7.3.1/thumb/v6-m\libgcc.a(_thumb1_case_uqi.o)
                0x000000000800013c                __gnu_thumb1_case_uqi
 .text          0x0000000008000150       0x14 c:/st/stm32cubeide_1.5.1/stm32cubeide/plugins/com.st.stm32cube.ide.mcu.externaltools.gnu-tools-for-stm32.7-2018-q2-update.win32_1.5.0.202011040924/tools/bin/../lib/gcc/arm-none-eabi/7.3.1/thumb/v6-m\libgcc.a(_thumb1_case_shi.o)
                0x0000000008000150                __gnu_thumb1_case_shi
 .text          0x0000000008000164       0x14 c:/st/stm32cubeide_1.5.1/stm32cubeide/plugins/com.st.stm32cube.ide.mcu.externaltools.gnu-tools-for-stm32.7-2018-q2-update.win32_1.5.0.202011040924/tools/bin/../lib/gcc/arm-none-eabi/7.3.1/thumb/v6-m\libgcc.a(_thumb1_case_uhi.o)
                0x0000000008000164                __gnu_thumb1_case_uhi
 .text          0x0000000008000178      0x114 c:/st/stm32cubeide_1.5.1/stm32cubeide/plugins/com.st.stm32cube.ide.mcu.externaltools.gnu-tools-for-stm32.7-2018-q2-update.win32_1.5.0.202011040924/tools/bin/../lib/gcc/arm-none-eabi/7.3.1/thumb/v6-m\libgcc.a(_udivsi3.o)
                0x0000000008000178                __aeabi_uidiv
                0x0000000008000178                __udivsi3
                0x0000000008000284                __aeabi_uidivmod
 .text          0x000000000800028c      0x1d4 c:/st/stm32cubeide_1.5.1/stm32cubeide/plugins/com.st.stm32cube.ide.mcu.externaltools.gnu-tools-for-stm32.7-2018-q2-update.win32_1.5.0.202011040924/tools/bin/../lib/gcc/arm-none-eabi/7.3.1/thumb/v6-m\libgcc.a(_divsi3.o)
                0x000000000800028c                __divsi3
                0x000000000800028c                __aeabi_idiv
                0x0000000008000458                __aeabi_idivmod
 .text          0x0000000008000460        0x4 c:/st/stm32cubeide_1.5.1/stm32cubeide/plugins/com.st.stm32cube.ide.mcu.externaltools.gnu-tools-for-stm32.7-2018-q2-update.win32_1.5.0.202011040924/tools/bin/../lib/gcc/arm-none-eabi/7.3.1/thumb/v6-m\libgcc.a(_dvmd_tls.o)
                0x0000000008000460                __aeabi_idiv0
                0x0000000008000460                __aeabi_ldiv0
 .text          0x0000000008000464       0x18 c:/st/stm32cubeide_1.5.1/stm32cubeide/plugins/com.st.stm32cube.ide.mcu.externaltools.gnu-tools-for-stm32.7-2018-q2-update.win32_1.5.0.202011040924/tools/bin/../lib/gcc/arm-none-eabi/7.3.1/thumb/v6-m\libgcc.a(_lshrdi3.o)
                0x0000000008000464                __lshrdi3
                0x0000000008000464                __aeabi_llsr
 .text          0x000000000800047c       0x7c c:/st/stm32cubeide_1.5.1/stm32cubeide/plugins/com.st.stm32cube.ide.mcu.externaltools.gnu-tools-for-stm32.7-2018-q2-update.win32_1.5.0.202011040924/tools/bin/../lib/gcc/arm-none-eabi/7.3.1/thumb/v6-m\libgcc.a(_arm_cmpdf2.o)
                0x000000000800047c                __aeabi_cdrcmple
                0x000000000800048c                __aeabi_cdcmple
                0x000000000800048c                __aeabi_cdcmpeq
                0x000000000800049c                __aeabi_dcmpeq
                0x00000000080004a8                __aeabi_dcmplt
                0x00000000080004bc                __aeabi_dcmple
                0x00000000080004d0                __aeabi_dcmpgt
                0x00000000080004e4                __aeabi_dcmpge
 .text          0x00000000080004f8       0x74 c:/st/stm32cubeide_1.5.1/stm32cubeide/plugins/com.st.stm32cube.ide.mcu.externaltools.gnu-tools-for-stm32.7-2018-q2-update.win32_1.5.0.202011040924/tools/bin/../lib/gcc/arm-none-eabi/7.3.1/thumb/v6-m\libgcc.a(_arm_cmpsf2.o)
                0x00000000080004f8                __aeabi_cfrcmple
                0x0000000008000500                __aeabi_cfcmpeq
                0x0000000008000500                __aeabi_cfcmple
                0x0000000008000510                __aeabi_fcmpeq
                0x000000000800051c                __aeabi_fcmplt
                0x0000000008000530                __aeabi_fcmple
                0x0000000008000544                __aeabi_fcmpgt
                0x0000000008000558                __aeabi_fcmpge
 .text          0x000000000800056c       0x40 c:/st/stm32cubeide_1.5.1/stm32cubeide/plugins/com.st.stm32cube.ide.mcu.externaltools.gnu-tools-for-stm32.7-2018-q2-update.win32_1.5.0.202011040924/tools/bin/../lib/gcc/arm-none-eabi/7.3.1/thumb/v6-m\libgcc.a(_aeabi_uldivmod.o)
                0x000000000800056c                __aeabi_uldivmod
 .text          0x00000000080005ac       0x54 c:/st/stm32cubeide_1.5.1/stm32cubeide/plugins/com.st.stm32cube.ide.mcu.externaltools.gnu-tools-for-stm32.7-2018-q2-update.win32_1.5.0.202011040924/tools/bin/../lib/gcc/arm-none-eabi/7.3.1/thumb/v6-m\libgcc.a(_muldi3.o)
                0x00000000080005ac                __muldi3
                0x00000000080005ac                __aeabi_lmul
 .text          0x0000000008000600       0x30 c:/st/stm32cubeide_1.5.1/stm32cubeide/plugins/com.st.stm32cube.ide.mcu.externaltools.gnu-tools-for-stm32.7-2018-q2-update.win32_1.5.0.202011040924/tools/bin/../lib/gcc/arm-none-eabi/7.3.1/thumb/v6-m\libgcc.a(_fixunssfsi.o)
                0x0000000008000600                __fixunssfsi
                0x0000000008000600                __aeabi_f2uiz
 .text          0x0000000008000630       0x3c c:/st/stm32cubeide_1.5.1/stm32cubeide/plugins/com.st.stm32cube.ide.mcu.externaltools.gnu-tools-for-stm32.7-2018-q2-update.win32_1.5.0.202011040924/tools/bin/../lib/gcc/arm-none-eabi/7.3.1/thumb/v6-m\libgcc.a(_fixunsdfsi.o)
                0x0000000008000630                __aeabi_d2uiz
                0x0000000008000630                __fixunsdfsi
 .text          0x000000000800066c      0x184 c:/st/stm32cubeide_1.5.1/stm32cubeide/plugins/com.st.stm32cube.ide.mcu.externaltools.gnu-tools-for-stm32.7-2018-q2-update.win32_1.5.0.202011040924/tools/bin/../lib/gcc/arm-none-eabi/7.3.1/thumb/v6-m\libgcc.a(_udivmoddi4.o)
                0x000000000800066c                __udivmoddi4
 .text          0x00000000080007f0      0x334 c:/st/stm32cubeide_1.5.1/stm32cubeide/plugins/com.st.stm32cube.ide.mcu.externaltools.gnu-tools-for-stm32.7-2018-q2-update.win32_1.5.0.202011040924/tools/bin/../lib/gcc/arm-none-eabi/7.3.1/thumb/v6-m\libgcc.a(addsf3.o)
                0x00000000080007f0                __aeabi_fadd
 .text          0x0000000008000b24      0x224 c:/st/stm32cubeide_1.5.1/stm32cubeide/plugins/com.st.stm32cube.ide.mcu.externaltools.gnu-tools-for-stm32.7-2018-q2-update.win32_1.5.0.202011040924/tools/bin/../lib/gcc/arm-none-eabi/7.3.1/thumb/v6-m\libgcc.a(divsf3.o)
                0x0000000008000b24                __aeabi_fdiv
 .text          0x0000000008000d48       0x50 c:/st/stm32cubeide_1.5.1/stm32cubeide/plugins/com.st.stm32cube.ide.mcu.externaltools.gnu-tools-for-stm32.7-2018-q2-update.win32_1.5.0.202011040924/tools/bin/../lib/gcc/arm-none-eabi/7.3.1/thumb/v6-m\libgcc.a(eqsf2.o)
                0x0000000008000d48                __eqsf2
                0x0000000008000d48                __nesf2
 .text          0x0000000008000d98       0x9c c:/st/stm32cubeide_1.5.1/stm32cubeide/plugins/com.st.stm32cube.ide.mcu.externaltools.gnu-tools-for-stm32.7-2018-q2-update.win32_1.5.0.202011040924/tools/bin/../lib/gcc/arm-none-eabi/7.3.1/thumb/v6-m\libgcc.a(gesf2.o)
                0x0000000008000d98                __gesf2
                0x0000000008000d98                __gtsf2
 .text          0x0000000008000e34       0xa0 c:/st/stm32cubeide_1.5.1/stm32cubeide/plugins/com.st.stm32cube.ide.mcu.externaltools.gnu-tools-for-stm32.7-2018-q2-update.win32_1.5.0.202011040924/tools/bin/../lib/gcc/arm-none-eabi/7.3.1/thumb/v6-m\libgcc.a(lesf2.o)
                0x0000000008000e34                __ltsf2
                0x0000000008000e34                __lesf2
 .text          0x0000000008000ed4      0x264 c:/st/stm32cubeide_1.5.1/stm32cubeide/plugins/com.st.stm32cube.ide.mcu.externaltools.gnu-tools-for-stm32.7-2018-q2-update.win32_1.5.0.202011040924/tools/bin/../lib/gcc/arm-none-eabi/7.3.1/thumb/v6-m\libgcc.a(mulsf3.o)
                0x0000000008000ed4                __aeabi_fmul
 .text          0x0000000008001138      0x388 c:/st/stm32cubeide_1.5.1/stm32cubeide/plugins/com.st.stm32cube.ide.mcu.externaltools.gnu-tools-for-stm32.7-2018-q2-update.win32_1.5.0.202011040924/tools/bin/../lib/gcc/arm-none-eabi/7.3.1/thumb/v6-m\libgcc.a(subsf3.o)
                0x0000000008001138                __aeabi_fsub
 .text          0x00000000080014c0       0x40 c:/st/stm32cubeide_1.5.1/stm32cubeide/plugins/com.st.stm32cube.ide.mcu.externaltools.gnu-tools-for-stm32.7-2018-q2-update.win32_1.5.0.202011040924/tools/bin/../lib/gcc/arm-none-eabi/7.3.1/thumb/v6-m\libgcc.a(fixsfsi.o)
                0x00000000080014c0                __aeabi_f2iz
 .text          0x0000000008001500       0x94 c:/st/stm32cubeide_1.5.1/stm32cubeide/plugins/com.st.stm32cube.ide.mcu.externaltools.gnu-tools-for-stm32.7-2018-q2-update.win32_1.5.0.202011040924/tools/bin/../lib/gcc/arm-none-eabi/7.3.1/thumb/v6-m\libgcc.a(floatsisf.o)
                0x0000000008001500                __aeabi_i2f
 .text          0x0000000008001594       0x80 c:/st/stm32cubeide_1.5.1/stm32cubeide/plugins/com.st.stm32cube.ide.mcu.externaltools.gnu-tools-for-stm32.7-2018-q2-update.win32_1.5.0.202011040924/tools/bin/../lib/gcc/arm-none-eabi/7.3.1/thumb/v6-m\libgcc.a(floatunsisf.o)
                0x0000000008001594                __aeabi_ui2f
 .text          0x0000000008001614      0x638 c:/st/stm32cubeide_1.5.1/stm32cubeide/plugins/com.st.stm32cube.ide.mcu.externaltools.gnu-tools-for-stm32.7-2018-q2-update.win32_1.5.0.202011040924/tools/bin/../lib/gcc/arm-none-eabi/7.3.1/thumb/v6-m\libgcc.a(adddf3.o)
                0x0000000008001614                __aeabi_dadd
 .text          0x0000000008001c4c      0x604 c:/st/stm32cubeide_1.5.1/stm32cubeide/plugins/com.st.stm32cube.ide.mcu.externaltools.gnu-tools-for-stm32.7-2018-q2-update.win32_1.5.0.202011040924/tools/bin/../lib/gcc/arm-none-eabi/7.3.1/thumb/v6-m\libgcc.a(divdf3.o)
                0x0000000008001c4c                __aeabi_ddiv
 .text          0x0000000008002250       0x78 c:/st/stm32cubeide_1.5.1/stm32cubeide/plugins/com.st.stm32cube.ide.mcu.externaltools.gnu-tools-for-stm32.7-2018-q2-update.win32_1.5.0.202011040924/tools/bin/../lib/gcc/arm-none-eabi/7.3.1/thumb/v6-m\libgcc.a(eqdf2.o)
                0x0000000008002250                __nedf2
                0x0000000008002250                __eqdf2
 .text          0x00000000080022c8       0xc8 c:/st/stm32cubeide_1.5.1/stm32cubeide/plugins/com.st.stm32cube.ide.mcu.externaltools.gnu-tools-for-stm32.7-2018-q2-update.win32_1.5.0.202011040924/tools/bin/../lib/gcc/arm-none-eabi/7.3.1/thumb/v6-m\libgcc.a(gedf2.o)
                0x00000000080022c8                __gedf2
                0x00000000080022c8                __gtdf2
 .text          0x0000000008002390       0xd0 c:/st/stm32cubeide_1.5.1/stm32cubeide/plugins/com.st.stm32cube.ide.mcu.externaltools.gnu-tools-for-stm32.7-2018-q2-update.win32_1.5.0.202011040924/tools/bin/../lib/gcc/arm-none-eabi/7.3.1/thumb/v6-m\libgcc.a(ledf2.o)
                0x0000000008002390                __ledf2
                0x0000000008002390                __ltdf2
 .text          0x0000000008002460      0x4e4 c:/st/stm32cubeide_1.5.1/stm32cubeide/plugins/com.st.stm32cube.ide.mcu.externaltools.gnu-tools-for-stm32.7-2018-q2-update.win32_1.5.0.202011040924/tools/bin/../lib/gcc/arm-none-eabi/7.3.1/thumb/v6-m\libgcc.a(muldf3.o)
                0x0000000008002460                __aeabi_dmul
 .text          0x0000000008002944      0x690 c:/st/stm32cubeide_1.5.1/stm32cubeide/plugins/com.st.stm32cube.ide.mcu.externaltools.gnu-tools-for-stm32.7-2018-q2-update.win32_1.5.0.202011040924/tools/bin/../lib/gcc/arm-none-eabi/7.3.1/thumb/v6-m\libgcc.a(subdf3.o)
                0x0000000008002944                __aeabi_dsub
 .text          0x0000000008002fd4       0x38 c:/st/stm32cubeide_1.5.1/stm32cubeide/plugins/com.st.stm32cube.ide.mcu.externaltools.gnu-tools-for-stm32.7-2018-q2-update.win32_1.5.0.202011040924/tools/bin/../lib/gcc/arm-none-eabi/7.3.1/thumb/v6-m\libgcc.a(unorddf2.o)
                0x0000000008002fd4                __aeabi_dcmpun
 .text          0x000000000800300c       0x6c c:/st/stm32cubeide_1.5.1/stm32cubeide/plugins/com.st.stm32cube.ide.mcu.externaltools.gnu-tools-for-stm32.7-2018-q2-update.win32_1.5.0.202011040924/tools/bin/../lib/gcc/arm-none-eabi/7.3.1/thumb/v6-m\libgcc.a(fixdfsi.o)
                0x000000000800300c                __aeabi_d2iz
 .text          0x0000000008003078       0x74 c:/st/stm32cubeide_1.5.1/stm32cubeide/plugins/com.st.stm32cube.ide.mcu.externaltools.gnu-tools-for-stm32.7-2018-q2-update.win32_1.5.0.202011040924/tools/bin/../lib/gcc/arm-none-eabi/7.3.1/thumb/v6-m\libgcc.a(floatsidf.o)
                0x0000000008003078                __aeabi_i2d
 .text          0x00000000080030ec       0x64 c:/st/stm32cubeide_1.5.1/stm32cubeide/plugins/com.st.stm32cube.ide.mcu.externaltools.gnu-tools-for-stm32.7-2018-q2-update.win32_1.5.0.202011040924/tools/bin/../lib/gcc/arm-none-eabi/7.3.1/thumb/v6-m\libgcc.a(floatunsidf.o)
                0x00000000080030ec                __aeabi_ui2d
 .text          0x0000000008003150       0xa4 c:/st/stm32cubeide_1.5.1/stm32cubeide/plugins/com.st.stm32cube.ide.mcu.externaltools.gnu-tools-for-stm32.7-2018-q2-update.win32_1.5.0.202011040924/tools/bin/../lib/gcc/arm-none-eabi/7.3.1/thumb/v6-m\libgcc.a(extendsfdf2.o)
                0x0000000008003150                __aeabi_f2d
 .text          0x00000000080031f4      0x108 c:/st/stm32cubeide_1.5.1/stm32cubeide/plugins/com.st.stm32cube.ide.mcu.externaltools.gnu-tools-for-stm32.7-2018-q2-update.win32_1.5.0.202011040924/tools/bin/../lib/gcc/arm-none-eabi/7.3.1/thumb/v6-m\libgcc.a(truncdfsf2.o)
                0x00000000080031f4                __aeabi_d2f
 .text          0x00000000080032fc       0x3c c:/st/stm32cubeide_1.5.1/stm32cubeide/plugins/com.st.stm32cube.ide.mcu.externaltools.gnu-tools-for-stm32.7-2018-q2-update.win32_1.5.0.202011040924/tools/bin/../lib/gcc/arm-none-eabi/7.3.1/thumb/v6-m\libgcc.a(_clzsi2.o)
                0x00000000080032fc                __clzsi2
 .text          0x0000000008003338       0x18 c:/st/stm32cubeide_1.5.1/stm32cubeide/plugins/com.st.stm32cube.ide.mcu.externaltools.gnu-tools-for-stm32.7-2018-q2-update.win32_1.5.0.202011040924/tools/bin/../lib/gcc/arm-none-eabi/7.3.1/thumb/v6-m\libgcc.a(_clzdi2.o)
                0x0000000008003338                __clzdi2
 *(.text*)
 .text.LoadROtopology
                0x0000000008003350       0x90 BOS\BOS.o
                0x0000000008003350                LoadROtopology
 .text.LoadEEportsDir
                0x00000000080033e0       0x38 BOS\BOS.o
                0x00000000080033e0                LoadEEportsDir
 .text.LoadEEalias
                0x0000000008003418       0x6c BOS\BOS.o
                0x0000000008003418                LoadEEalias
 .text.LoadEEgroup
                0x0000000008003484       0x7c BOS\BOS.o
                0x0000000008003484                LoadEEgroup
 .text.LoadEEstreams
                0x0000000008003500       0xfc BOS\BOS.o
                0x0000000008003500                LoadEEstreams
 .text.LoadEEparams
                0x00000000080035fc      0x12c BOS\BOS.o
                0x00000000080035fc                LoadEEparams
 .text.LoadEEbuttons
                0x0000000008003728       0xcc BOS\BOS.o
                0x0000000008003728                LoadEEbuttons
 .text.LoadROsnippets
                0x00000000080037f4       0xdc BOS\BOS.o
                0x00000000080037f4                LoadROsnippets
 .text.LoadEEvars
                0x00000000080038d0       0x24 BOS\BOS.o
                0x00000000080038d0                LoadEEvars
 .text.SaveEEportsDir
                0x00000000080038f4       0x3c BOS\BOS.o
                0x00000000080038f4                SaveEEportsDir
 .text.SaveEEalias
                0x0000000008003930       0x5c BOS\BOS.o
                0x0000000008003930                SaveEEalias
 .text.SaveEEstreams
                0x000000000800398c       0x84 BOS\BOS.o
                0x000000000800398c                SaveEEstreams
 .text.SaveEEparams
                0x0000000008003a10       0x8c BOS\BOS.o
                0x0000000008003a10                SaveEEparams
 .text.ClearEEportsDir
                0x0000000008003a9c       0x44 BOS\BOS.o
                0x0000000008003a9c                ClearEEportsDir
 .text.EE_FormatForFactoryReset
                0x0000000008003ae0       0x20 BOS\BOS.o
                0x0000000008003ae0                EE_FormatForFactoryReset
 .text.IsLowerCLIbaud
                0x0000000008003b00       0x92 BOS\BOS.o
                0x0000000008003b00                IsLowerCLIbaud
 .text.SetupPortForRemoteBootloaderUpdate
                0x0000000008003b92       0x2a BOS\BOS.o
                0x0000000008003b92                SetupPortForRemoteBootloaderUpdate
 .text.IsModuleParameter
                0x0000000008003bbc       0x18 BOS\BOS.o
                0x0000000008003bbc                IsModuleParameter
 .text.IsMathOperator
                0x0000000008003bd4       0x8c BOS\BOS.o
                0x0000000008003bd4                IsMathOperator
 .text.ExploreNeighbors
                0x0000000008003c60       0x44 BOS\BOS.o
                0x0000000008003c60                ExploreNeighbors
 .text.FindBroadcastRoutes
                0x0000000008003ca4      0x104 BOS\BOS.o
                0x0000000008003ca4                FindBroadcastRoutes
 .text.minArr   0x0000000008003da8       0x34 BOS\BOS.o
                0x0000000008003da8                minArr
 .text.QnotEmpty
                0x0000000008003ddc       0x20 BOS\BOS.o
                0x0000000008003ddc                QnotEmpty
 .text.FindRoute
                0x0000000008003dfc      0x150 BOS\BOS.o
                0x0000000008003dfc                FindRoute
 .text.remoteBootloaderUpdate
                0x0000000008003f4c       0xe0 BOS\BOS.o
                0x0000000008003f4c                remoteBootloaderUpdate
 .text.DisplayTopology
                0x000000000800402c      0x180 BOS\BOS.o
                0x000000000800402c                DisplayTopology
 .text.DisplayPortsDir
                0x00000000080041ac       0xc4 BOS\BOS.o
                0x00000000080041ac                DisplayPortsDir
 .text.DisplayModuleStatus
                0x0000000008004270      0x23c BOS\BOS.o
                0x0000000008004270                DisplayModuleStatus
 .text.GetID    0x00000000080044ac       0xbc BOS\BOS.o
                0x00000000080044ac                GetID
 .text.NameModule
                0x0000000008004568       0xc4 BOS\BOS.o
                0x0000000008004568                NameModule
 .text.AddModuleToGroup
                0x000000000800462c       0xfc BOS\BOS.o
                0x000000000800462c                AddModuleToGroup
 .text.ReadPortsDir
                0x0000000008004728       0x7c BOS\BOS.o
                0x0000000008004728                ReadPortsDir
 .text.UpdateMyPortsDir
                0x00000000080047a4       0x44 BOS\BOS.o
                0x00000000080047a4                UpdateMyPortsDir
 .text.BOS_Init
                0x00000000080047e8      0x108 BOS\BOS.o
                0x00000000080047e8                BOS_Init
 .text.Module_Init
                0x00000000080048f0       0x18 BOS\BOS.o
                0x00000000080048f0                Module_Init
 .text.GetDateString
                0x0000000008004908       0x40 BOS\BOS.o
                0x0000000008004908                GetDateString
 .text.Bridge   0x0000000008004948       0x24 BOS\BOS.o
                0x0000000008004948                Bridge
 .text.Unbridge
                0x000000000800496c       0x60 BOS\BOS.o
                0x000000000800496c                Unbridge
 .text.AddSnippet.part.0
                0x00000000080049cc       0x98 BOS\BOS_CLI.o
 .text.StringToLowerCase
                0x0000000008004a64       0x24 BOS\BOS_CLI.o
                0x0000000008004a64                StringToLowerCase
 .text.ParseSnippetCondition
                0x0000000008004a88      0x358 BOS\BOS_CLI.o
                0x0000000008004a88                ParseSnippetCondition
 .text.AddSnippet
                0x0000000008004de0       0x40 BOS\BOS_CLI.o
                0x0000000008004de0                AddSnippet
 .text.CLI_CommandParser
                0x0000000008004e20      0x38c BOS\BOS_CLI.o
                0x0000000008004e20                CLI_CommandParser
 .text.prvCLITask
                0x00000000080051ac      0x180 BOS\BOS_CLI.o
                0x00000000080051ac                prvCLITask
 .text.ParseSnippetCommand
                0x000000000800532c       0x70 BOS\BOS_CLI.o
                0x000000000800532c                ParseSnippetCommand
 .text.CheckSnippetCondition
                0x000000000800539c       0xc8 BOS\BOS_CLI.o
                0x000000000800539c                CheckSnippetCondition
 .text.ExecuteSnippet
                0x0000000008005464       0x80 BOS\BOS_CLI.o
                0x0000000008005464                ExecuteSnippet
 .text.exploreCommand
                0x00000000080054e4        0x4 BOS\BOS_CLIcommands.o
 .text.setBaudrateCommand
                0x00000000080054e8       0x78 BOS\BOS_CLIcommands.o
 .text.flashsizeCommand
                0x0000000008005560       0x24 BOS\BOS_CLIcommands.o
 .text.GetReadPrecentageCommand
                0x0000000008005584       0x5c BOS\BOS_CLIcommands.o
 .text.ReadVrefCommand
                0x00000000080055e0       0x3c BOS\BOS_CLIcommands.o
 .text.ReadTempCommand
                0x000000000800561c       0x3c BOS\BOS_CLIcommands.o
 .text.ADCReadCommand
                0x0000000008005658       0xac BOS\BOS_CLIcommands.o
 .text.testportCommand
                0x0000000008005704      0x16c BOS\BOS_CLIcommands.o
 .text.unbridgeCommand
                0x0000000008005870       0x94 BOS\BOS_CLIcommands.o
 .text.bridgeCommand
                0x0000000008005904       0x94 BOS\BOS_CLIcommands.o
 .text.delSnipCommand
                0x0000000008005998       0xc0 BOS\BOS_CLIcommands.o
 .text.pauseSnipCommand
                0x0000000008005a58       0x60 BOS\BOS_CLIcommands.o
 .text.actSnipCommand
                0x0000000008005ab8       0x60 BOS\BOS_CLIcommands.o
 .text.snipCommand
                0x0000000008005b18      0x1cc BOS\BOS_CLIcommands.o
 .text.idcodeCommand
                0x0000000008005ce4       0x7c BOS\BOS_CLIcommands.o
 .text.dateCommand
                0x0000000008005d60       0x24 BOS\BOS_CLIcommands.o
 .text.getCommand
                0x0000000008005d84      0x1d0 BOS\BOS_CLIcommands.o
 .text.defaultCommand
                0x0000000008005f54       0xa4 BOS\BOS_CLIcommands.o
 .text.setCommand
                0x0000000008005ff8      0x6d0 BOS\BOS_CLIcommands.o
 .text.removebuttonCommand
                0x00000000080066c8       0x48 BOS\BOS_CLIcommands.o
 .text.addbuttonCommand
                0x0000000008006710       0xc0 BOS\BOS_CLIcommands.o
 .text.scastCommand
                0x00000000080067d0      0x16c BOS\BOS_CLIcommands.o
 .text.infoCommand
                0x000000000800693c       0xac BOS\BOS_CLIcommands.o
 .text.statusCommand
                0x00000000080069e8       0x14 BOS\BOS_CLIcommands.o
 .text.groupCommand
                0x00000000080069fc      0x170 BOS\BOS_CLIcommands.o
 .text.nameCommand
                0x0000000008006b6c       0x80 BOS\BOS_CLIcommands.o
 .text.bootloaderUpdateCommand
                0x0000000008006bec      0x16c BOS\BOS_CLIcommands.o
 .text.pingCommand
                0x0000000008006d58       0x60 BOS\BOS_CLIcommands.o
 .text.prvRunTimeStatsCommand
                0x0000000008006db8       0x20 BOS\BOS_CLIcommands.o
 .text.prvTaskStatsCommand
                0x0000000008006dd8       0x20 BOS\BOS_CLIcommands.o
 .text.uuidCommand
                0x0000000008006df8       0x60 BOS\BOS_CLIcommands.o
 .text.timeCommand
                0x0000000008006e58       0x74 BOS\BOS_CLIcommands.o
 .text.resetCommand
                0x0000000008006ecc       0x24 BOS\BOS_CLIcommands.o
 .text.RegisterUserCLICommands
                0x0000000008006ef0        0x2 BOS\BOS_CLIcommands.o
                0x0000000008006ef0                RegisterUserCLICommands
 *fill*         0x0000000008006ef2        0x2 
 .text.vRegisterCLICommands
                0x0000000008006ef4      0x134 BOS\BOS_CLIcommands.o
                0x0000000008006ef4                vRegisterCLICommands
 .text.StopMsgDMA
                0x0000000008007028       0x1c BOS\BOS_dma.o
                0x0000000008007028                StopMsgDMA
 .text.StopStreamDMA
                0x0000000008007044       0x2c BOS\BOS_dma.o
                0x0000000008007044                StopStreamDMA
 .text.SwitchMsgDMAToStream
                0x0000000008007070       0x24 BOS\BOS_dma.o
                0x0000000008007070                SwitchMsgDMAToStream
 .text.SwitchStreamDMAToMsg
                0x0000000008007094       0x54 BOS\BOS_dma.o
                0x0000000008007094                SwitchStreamDMAToMsg
 .text.StartDMAstream
                0x00000000080070e8       0x4c BOS\BOS_dma.o
                0x00000000080070e8                StartDMAstream
 .text.DMA_IRQHandler
                0x0000000008007134       0x54 BOS\BOS_dma.o
                0x0000000008007134                DMA_IRQHandler
 .text.ResetUartORE
                0x0000000008007188       0x2c BOS\BOS_dma.o
                0x0000000008007188                ResetUartORE
 .text.EE_VerifyPageFullWriteVariable
                0x00000000080071b4       0xc0 BOS\BOS_eeprom.o
 .text.EE_ReadVariable
                0x0000000008007274       0x54 BOS\BOS_eeprom.o
                0x0000000008007274                EE_ReadVariable
 .text.EE_WriteVariable
                0x00000000080072c8      0x120 BOS\BOS_eeprom.o
                0x00000000080072c8                EE_WriteVariable
 .text.EE_Format
                0x00000000080073e8       0xa0 BOS\BOS_eeprom.o
                0x00000000080073e8                EE_Format
 .text.EE_Init  0x0000000008007488      0x288 BOS\BOS_eeprom.o
                0x0000000008007488                EE_Init
 .text.MX_FREERTOS_Init
                0x0000000008007710      0x1a8 BOS\BOS_freertos.o
                0x0000000008007710                MX_FREERTOS_Init
 .text.ExecuteMonitor
                0x00000000080078b8      0x328 BOS\BOS_freertos.o
                0x00000000080078b8                ExecuteMonitor
 .text.StartDefaultTask
                0x0000000008007be0       0x7c BOS\BOS_freertos.o
                0x0000000008007be0                StartDefaultTask
 .text.vMainConfigureTimerForRunTimeStats
                0x0000000008007c5c       0x20 BOS\BOS_freertos.o
                0x0000000008007c5c                vMainConfigureTimerForRunTimeStats
 .text.ulMainGetRunTimeCounterValue
                0x0000000008007c7c       0x4c BOS\BOS_freertos.o
                0x0000000008007c7c                ulMainGetRunTimeCounterValue
 .text.buttonPressedCallback
                0x0000000008007cc8        0x2 BOS\BOS_inputs.o
                0x0000000008007cc8                buttonPressedCallback
 *fill*         0x0000000008007cca        0x2 
 .text.CheckForTimedButtonPress
                0x0000000008007ccc       0x40 BOS\BOS_inputs.o
                0x0000000008007ccc                CheckForTimedButtonPress
 .text.CheckForTimedButtonRelease
                0x0000000008007d0c       0x40 BOS\BOS_inputs.o
                0x0000000008007d0c                CheckForTimedButtonRelease
 .text.AddPortButton
                0x0000000008007d4c      0x11c BOS\BOS_inputs.o
                0x0000000008007d4c                AddPortButton
 .text.RemovePortButton
                0x0000000008007e68       0xf8 BOS\BOS_inputs.o
                0x0000000008007e68                RemovePortButton
 .text.SetButtonEvents
                0x0000000008007f60      0x2dc BOS\BOS_inputs.o
                0x0000000008007f60                SetButtonEvents
 .text.HAL_ADC_MspInit
                0x000000000800823c       0x5c BOS\BOS_inputs.o
                0x000000000800823c                HAL_ADC_MspInit
 .text.Get_channel
                0x0000000008008298       0x2c BOS\BOS_inputs.o
                0x0000000008008298                Get_channel
 .text.Error_Handler
                0x00000000080082c4        0xa BOS\BOS_inputs.o
                0x00000000080082c4                Error_Handler
 *fill*         0x00000000080082ce        0x2 
 .text.MX_ADC_Init
                0x00000000080082d0       0x50 BOS\BOS_inputs.o
                0x00000000080082d0                MX_ADC_Init
 .text.ReadTempAndVref
                0x0000000008008320      0x174 BOS\BOS_inputs.o
                0x0000000008008320                ReadTempAndVref
 .text.GetReadPrecentage
                0x0000000008008494      0x138 BOS\BOS_inputs.o
                0x0000000008008494                GetReadPrecentage
 .text.Get_Rank
                0x00000000080085cc       0x44 BOS\BOS_inputs.o
                0x00000000080085cc                Get_Rank
 .text.ADCSelectChannel
                0x0000000008008610       0x58 BOS\BOS_inputs.o
                0x0000000008008610                ADCSelectChannel
 .text.ReadADCChannel
                0x0000000008008668       0xbc BOS\BOS_inputs.o
                0x0000000008008668                ReadADCChannel
 .text.buttonReleasedCallback
                0x0000000008008724        0x2 BOS\BOS_inputs.o
                0x0000000008008724                buttonReleasedCallback
 .text.buttonClickedCallback
                0x0000000008008726        0x2 BOS\BOS_inputs.o
                0x0000000008008726                buttonClickedCallback
 .text.buttonDblClickedCallback
                0x0000000008008728        0x2 BOS\BOS_inputs.o
                0x0000000008008728                buttonDblClickedCallback
 .text.buttonPressedForXCallback
                0x000000000800872a        0x2 BOS\BOS_inputs.o
                0x000000000800872a                buttonPressedForXCallback
 .text.buttonReleasedForYCallback
                0x000000000800872c        0x2 BOS\BOS_inputs.o
                0x000000000800872c                buttonReleasedForYCallback
 *fill*         0x000000000800872e        0x2 
 .text.CheckAttachedButtons
                0x0000000008008730      0x370 BOS\BOS_inputs.o
                0x0000000008008730                CheckAttachedButtons
 .text.StreamTimerCallback
                0x0000000008008aa0       0x16 BOS\BOS_messaging.o
                0x0000000008008aa0                StreamTimerCallback
 *fill*         0x0000000008008ab6        0x2 
 .text.SetupDMAStreams
                0x0000000008008ab8      0x174 BOS\BOS_messaging.o
                0x0000000008008ab8                SetupDMAStreams
 .text.NotifyMessagingTask
                0x0000000008008c2c       0x48 BOS\BOS_messaging.o
                0x0000000008008c2c                NotifyMessagingTask
 .text.SendMessageFromPort
                0x0000000008008c74      0x378 BOS\BOS_messaging.o
                0x0000000008008c74                SendMessageFromPort
 .text.ForwardReceivedMessage
                0x0000000008008fec       0x3c BOS\BOS_messaging.o
                0x0000000008008fec                ForwardReceivedMessage
 .text.BroadcastReceivedMessage
                0x0000000008009028       0x30 BOS\BOS_messaging.o
                0x0000000008009028                BroadcastReceivedMessage
 .text.BroadcastMessage
                0x0000000008009058       0x3c BOS\BOS_messaging.o
                0x0000000008009058                BroadcastMessage
 .text.SendMessageToModule
                0x0000000008009094       0x44 BOS\BOS_messaging.o
                0x0000000008009094                SendMessageToModule
 .text.StartScastDMAStream
                0x00000000080090d8      0x170 BOS\BOS_messaging.o
                0x00000000080090d8                StartScastDMAStream
 .text.BackEndTask
                0x0000000008009248      0x320 BOS\BOS_msgparser.o
                0x0000000008009248                BackEndTask
 .text.User_MessagingParser
                0x0000000008009568        0x4 BOS\BOS_msgparser.o
                0x0000000008009568                User_MessagingParser
 .text.PxMessagingTask
                0x000000000800956c     0x131c BOS\BOS_msgparser.o
                0x000000000800956c                PxMessagingTask
 .text.ListCommand
                0x000000000800a888       0x60 H07R3\H07R3.o
 .text.SystemClock_Config
                0x000000000800a8e8       0xb0 H07R3\H07R3.o
                0x000000000800a8e8                SystemClock_Config
 .text.SaveToRO
                0x000000000800a998      0x19c H07R3\H07R3.o
                0x000000000800a998                SaveToRO
 .text.ClearROtopology
                0x000000000800ab34       0x2c H07R3\H07R3.o
                0x000000000800ab34                ClearROtopology
 .text.RegisterModuleCLICommands
                0x000000000800ab60       0x28 H07R3\H07R3.o
                0x000000000800ab60                RegisterModuleCLICommands
 .text.GetPort  0x000000000800ab88       0x44 H07R3\H07R3.o
                0x000000000800ab88                GetPort
 .text.ParseNoteTime
                0x000000000800abcc       0x42 H07R3\H07R3.o
                0x000000000800abcc                ParseNoteTime
 *fill*         0x000000000800ac0e        0x2 
 .text.TS4990_Init
                0x000000000800ac10       0x60 H07R3\H07R3.o
                0x000000000800ac10                TS4990_Init
 .text.Module_Peripheral_Init
                0x000000000800ac70       0x20 H07R3\H07R3.o
                0x000000000800ac70                Module_Peripheral_Init
 .text.AudioDescInit
                0x000000000800ac90       0x16 H07R3\H07R3.o
                0x000000000800ac90                AudioDescInit
 *fill*         0x000000000800aca6        0x2 
 .text.AddAudioToPlaylist
                0x000000000800aca8       0x44 H07R3\H07R3.o
                0x000000000800aca8                AddAudioToPlaylist
 .text.LookupWave
                0x000000000800acec        0x4 H07R3\H07R3.o
                0x000000000800acec                LookupWave
 .text.PlayAudioNonBlock
                0x000000000800acf0       0x6c H07R3\H07R3.o
                0x000000000800acf0                PlayAudioNonBlock
 .text.AudioPlayTask
                0x000000000800ad5c       0x50 H07R3\H07R3.o
                0x000000000800ad5c                AudioPlayTask
 .text.PlaySine
                0x000000000800adac       0x70 H07R3\H07R3.o
                0x000000000800adac                PlaySine
 .text.demoCommand
                0x000000000800ae1c       0x80 H07R3\H07R3.o
 .text.PlayCommand
                0x000000000800ae9c      0x450 H07R3\H07R3.o
 .text.PlayWave
                0x000000000800b2ec       0x40 H07R3\H07R3.o
                0x000000000800b2ec                PlayWave
 .text.Module_MessagingTask
                0x000000000800b32c       0xf4 H07R3\H07R3.o
                0x000000000800b32c                Module_MessagingTask
 .text.PlayWaveFromPort
                0x000000000800b420      0x12c H07R3\H07R3.o
                0x000000000800b420                PlayWaveFromPort
 .text.PlayWaveFromModule
                0x000000000800b54c       0x54 H07R3\H07R3.o
                0x000000000800b54c                PlayWaveFromModule
 .text.ScanWaveFile
                0x000000000800b5a0       0xd8 H07R3\H07R3.o
                0x000000000800b5a0                ScanWaveFile
 .text.PlayfileCommand
                0x000000000800b678       0xb4 H07R3\H07R3.o
 .text.MX_DAC_Init
                0x000000000800b72c       0x28 H07R3\H07R3_dac.o
                0x000000000800b72c                MX_DAC_Init
 .text.HAL_DAC_MspInit
                0x000000000800b754       0xe0 H07R3\H07R3_dac.o
                0x000000000800b754                HAL_DAC_MspInit
 .text.DMA_MSG_RX_CH_Init
                0x000000000800b834       0x22 H07R3\H07R3_dma.o
                0x000000000800b834                DMA_MSG_RX_CH_Init
 .text.DMA_MSG_TX_CH_Init
                0x000000000800b856       0x22 H07R3\H07R3_dma.o
                0x000000000800b856                DMA_MSG_TX_CH_Init
 .text.DMA_Init
                0x000000000800b878       0xac H07R3\H07R3_dma.o
                0x000000000800b878                DMA_Init
 .text.DMA_STREAM_CH_Init
                0x000000000800b924       0x20 H07R3\H07R3_dma.o
                0x000000000800b924                DMA_STREAM_CH_Init
 .text.SetupDMAInterrupts
                0x000000000800b944       0xa8 H07R3\H07R3_dma.o
                0x000000000800b944                SetupDMAInterrupts
 .text.UnSetupDMAInterrupts
                0x000000000800b9ec       0x90 H07R3\H07R3_dma.o
                0x000000000800b9ec                UnSetupDMAInterrupts
 .text.DMA_MSG_TX_UnSetup
                0x000000000800ba7c       0x14 H07R3\H07R3_dma.o
                0x000000000800ba7c                DMA_MSG_TX_UnSetup
 .text.RemapAndLinkDMAtoUARTRx
                0x000000000800ba90      0x490 H07R3\H07R3_dma.o
                0x000000000800ba90                RemapAndLinkDMAtoUARTRx
 .text.DMA_MSG_RX_Setup
                0x000000000800bf20       0x30 H07R3\H07R3_dma.o
                0x000000000800bf20                DMA_MSG_RX_Setup
 .text.SetupMessagingRxDMAs
                0x000000000800bf50       0x78 H07R3\H07R3_dma.o
                0x000000000800bf50                SetupMessagingRxDMAs
 .text.DMA_STREAM_Setup
                0x000000000800bfc8       0x40 H07R3\H07R3_dma.o
                0x000000000800bfc8                DMA_STREAM_Setup
 .text.RemapAndLinkDMAtoUARTTx
                0x000000000800c008      0x490 H07R3\H07R3_dma.o
                0x000000000800c008                RemapAndLinkDMAtoUARTTx
 .text.DMA_MSG_TX_Setup
                0x000000000800c498       0x3c H07R3\H07R3_dma.o
                0x000000000800c498                DMA_MSG_TX_Setup
 .text.CRC_Init
                0x000000000800c4d4       0x28 H07R3\H07R3_dma.o
                0x000000000800c4d4                CRC_Init
 .text.HAL_CRC_MspInit
                0x000000000800c4fc       0x1c H07R3\H07R3_dma.o
                0x000000000800c4fc                HAL_CRC_MspInit
 .text.CalculateCRC8
                0x000000000800c518       0x38 H07R3\H07R3_dma.o
                0x000000000800c518                CalculateCRC8
 .text.IND_LED_Init
                0x000000000800c550       0x24 H07R3\H07R3_gpio.o
                0x000000000800c550                IND_LED_Init
 .text.GPIO_Init
                0x000000000800c574       0x6c H07R3\H07R3_gpio.o
                0x000000000800c574                GPIO_Init
 .text.GetPortGPIOs
                0x000000000800c5e0       0xa0 H07R3\H07R3_gpio.o
                0x000000000800c5e0                GetPortGPIOs
 .text.IsFactoryReset
                0x000000000800c680       0xec H07R3\H07R3_gpio.o
                0x000000000800c680                IsFactoryReset
 .text.SysTick_Handler
                0x000000000800c76c        0xc H07R3\H07R3_it.o
                0x000000000800c76c                SysTick_Handler
 .text.HardFault_Handler
                0x000000000800c778        0x2 H07R3\H07R3_it.o
                0x000000000800c778                HardFault_Handler
 *fill*         0x000000000800c77a        0x2 
 .text.USART1_IRQHandler
                0x000000000800c77c       0x10 H07R3\H07R3_it.o
                0x000000000800c77c                USART1_IRQHandler
 .text.USART2_IRQHandler
                0x000000000800c78c       0x10 H07R3\H07R3_it.o
                0x000000000800c78c                USART2_IRQHandler
 .text.USART3_8_IRQHandler
                0x000000000800c79c       0x24 H07R3\H07R3_it.o
                0x000000000800c79c                USART3_8_IRQHandler
 .text.DMA1_Ch1_IRQHandler
                0x000000000800c7c0        0xa H07R3\H07R3_it.o
                0x000000000800c7c0                DMA1_Ch1_IRQHandler
 *fill*         0x000000000800c7ca        0x2 
 .text.DMA1_Ch2_3_DMA2_Ch1_2_IRQHandler
                0x000000000800c7cc       0x38 H07R3\H07R3_it.o
                0x000000000800c7cc                DMA1_Ch2_3_DMA2_Ch1_2_IRQHandler
 .text.DMA1_Ch4_7_DMA2_Ch3_5_IRQHandler
                0x000000000800c804       0x54 H07R3\H07R3_it.o
                0x000000000800c804                DMA1_Ch4_7_DMA2_Ch3_5_IRQHandler
 .text.HAL_DAC_ConvCpltCallbackCh1
                0x000000000800c858       0x38 H07R3\H07R3_it.o
                0x000000000800c858                HAL_DAC_ConvCpltCallbackCh1
 .text.HAL_UART_TxCpltCallback
                0x000000000800c890       0x2c H07R3\H07R3_it.o
                0x000000000800c890                HAL_UART_TxCpltCallback
 .text.HAL_UART_ErrorCallback
                0x000000000800c8bc       0x4c H07R3\H07R3_it.o
                0x000000000800c8bc                HAL_UART_ErrorCallback
 .text.HAL_UART_RxCpltCallback
                0x000000000800c908       0x84 H07R3\H07R3_it.o
                0x000000000800c908                HAL_UART_RxCpltCallback
 .text.vApplicationStackOverflowHook
                0x000000000800c98c       0x10 H07R3\H07R3_it.o
                0x000000000800c98c                vApplicationStackOverflowHook
 .text.vApplicationMallocFailedHook
                0x000000000800c99c        0x4 H07R3\H07R3_it.o
                0x000000000800c99c                vApplicationMallocFailedHook
 .text.RTC_CalendarConfig
                0x000000000800c9a0       0xe4 H07R3\H07R3_rtc.o
                0x000000000800c9a0                RTC_CalendarConfig
 .text.RTC_Init
                0x000000000800ca84       0x84 H07R3\H07R3_rtc.o
                0x000000000800ca84                RTC_Init
 .text.BOS_CalendarConfig
                0x000000000800cb08       0x98 H07R3\H07R3_rtc.o
                0x000000000800cb08                BOS_CalendarConfig
 .text.GetTimeDate
                0x000000000800cba0       0x64 H07R3\H07R3_rtc.o
                0x000000000800cba0                GetTimeDate
 .text.TIM_USEC_Init
                0x000000000800cc04       0x64 H07R3\H07R3_timers.o
                0x000000000800cc04                TIM_USEC_Init
 .text.TIM_MSEC_Init
                0x000000000800cc68       0x60 H07R3\H07R3_timers.o
                0x000000000800cc68                TIM_MSEC_Init
 .text.StartMicroDelay
                0x000000000800ccc8       0x24 H07R3\H07R3_timers.o
                0x000000000800ccc8                StartMicroDelay
 .text.StartMilliDelay
                0x000000000800ccec       0x24 H07R3\H07R3_timers.o
                0x000000000800ccec                StartMilliDelay
 .text.MX_USART1_UART_Init
                0x000000000800cd10       0x30 H07R3\H07R3_uart.o
                0x000000000800cd10                MX_USART1_UART_Init
 .text.MX_USART2_UART_Init
                0x000000000800cd40       0x30 H07R3\H07R3_uart.o
                0x000000000800cd40                MX_USART2_UART_Init
 .text.MX_USART3_UART_Init
                0x000000000800cd70       0x30 H07R3\H07R3_uart.o
                0x000000000800cd70                MX_USART3_UART_Init
 .text.MX_USART4_UART_Init
                0x000000000800cda0       0x30 H07R3\H07R3_uart.o
                0x000000000800cda0                MX_USART4_UART_Init
 .text.MX_USART5_UART_Init
                0x000000000800cdd0       0x30 H07R3\H07R3_uart.o
                0x000000000800cdd0                MX_USART5_UART_Init
 .text.HAL_UART_MspInit
                0x000000000800ce00      0x1c0 H07R3\H07R3_uart.o
                0x000000000800ce00                HAL_UART_MspInit
 .text.GetUart  0x000000000800cfc0       0x18 H07R3\H07R3_uart.o
                0x000000000800cfc0                GetUart
 .text.writePxMutex
                0x000000000800cfd8       0x4c H07R3\H07R3_uart.o
                0x000000000800cfd8                writePxMutex
 .text.writePxITMutex
                0x000000000800d024       0x38 H07R3\H07R3_uart.o
                0x000000000800d024                writePxITMutex
 .text.writePxDMAMutex
                0x000000000800d05c       0x3c H07R3\H07R3_uart.o
                0x000000000800d05c                writePxDMAMutex
 .text.UpdateBaudrate
                0x000000000800d098       0x12 H07R3\H07R3_uart.o
                0x000000000800d098                UpdateBaudrate
 *fill*         0x000000000800d0aa        0x2 
 .text.SwapUartPins
                0x000000000800d0ac       0x6c H07R3\H07R3_uart.o
                0x000000000800d0ac                SwapUartPins
 .text.Reset_Handler
                0x000000000800d118       0x8c H07R3\startup_stm32f091xc.o
                0x000000000800d118                Reset_Handler
 .text.Default_Handler
                0x000000000800d1a4        0x2 H07R3\startup_stm32f091xc.o
                0x000000000800d1a4                TIM1_CC_IRQHandler
                0x000000000800d1a4                TSC_IRQHandler
                0x000000000800d1a4                ADC1_COMP_IRQHandler
                0x000000000800d1a4                NMI_Handler
                0x000000000800d1a4                I2C1_IRQHandler
                0x000000000800d1a4                RCC_CRS_IRQHandler
                0x000000000800d1a4                SPI1_IRQHandler
                0x000000000800d1a4                TIM6_DAC_IRQHandler
                0x000000000800d1a4                EXTI2_3_IRQHandler
                0x000000000800d1a4                I2C2_IRQHandler
                0x000000000800d1a4                TIM17_IRQHandler
                0x000000000800d1a4                CEC_CAN_IRQHandler
                0x000000000800d1a4                RTC_IRQHandler
                0x000000000800d1a4                PVD_VDDIO2_IRQHandler
                0x000000000800d1a4                TIM16_IRQHandler
                0x000000000800d1a4                TIM3_IRQHandler
                0x000000000800d1a4                EXTI4_15_IRQHandler
                0x000000000800d1a4                Default_Handler
                0x000000000800d1a4                TIM14_IRQHandler
                0x000000000800d1a4                TIM7_IRQHandler
                0x000000000800d1a4                TIM15_IRQHandler
                0x000000000800d1a4                EXTI0_1_IRQHandler
                0x000000000800d1a4                SPI2_IRQHandler
                0x000000000800d1a4                WWDG_IRQHandler
                0x000000000800d1a4                TIM2_IRQHandler
                0x000000000800d1a4                FLASH_IRQHandler
                0x000000000800d1a4                TIM1_BRK_UP_TRG_COM_IRQHandler
 *fill*         0x000000000800d1a6        0x2 
 .text.SystemInit
                0x000000000800d1a8       0x60 Thirdparty\CMSIS\Device\ST\STM32F0xx\Source\Templates\system_stm32f0xx.o
                0x000000000800d1a8                SystemInit
 .text.osKernelStart
                0x000000000800d208        0xa Thirdparty\Middleware\FreeRTOS\Source\CMSIS_RTOS\cmsis_os.o
                0x000000000800d208                osKernelStart
 .text.osDelay  0x000000000800d212       0x10 Thirdparty\Middleware\FreeRTOS\Source\CMSIS_RTOS\cmsis_os.o
                0x000000000800d212                osDelay
 *fill*         0x000000000800d222        0x2 
 .text.osMutexRelease
                0x000000000800d224       0x40 Thirdparty\Middleware\FreeRTOS\Source\CMSIS_RTOS\cmsis_os.o
                0x000000000800d224                osMutexRelease
 .text.osSemaphoreCreate
                0x000000000800d264       0x2c Thirdparty\Middleware\FreeRTOS\Source\CMSIS_RTOS\cmsis_os.o
                0x000000000800d264                osSemaphoreCreate
 .text.osSemaphoreWait
                0x000000000800d290       0x4c Thirdparty\Middleware\FreeRTOS\Source\CMSIS_RTOS\cmsis_os.o
                0x000000000800d290                osSemaphoreWait
 .text.osSemaphoreRelease
                0x000000000800d2dc        0x8 Thirdparty\Middleware\FreeRTOS\Source\CMSIS_RTOS\cmsis_os.o
                0x000000000800d2dc                osSemaphoreRelease
 .text.osSystickHandler
                0x000000000800d2e4       0x10 Thirdparty\Middleware\FreeRTOS\Source\CMSIS_RTOS\cmsis_os.o
                0x000000000800d2e4                osSystickHandler
 .text.FreeRTOS_CLIRegisterCommand
                0x000000000800d2f4       0x38 Thirdparty\Middleware\FreeRTOS\Source\FreeRTOS_CLI.o
                0x000000000800d2f4                FreeRTOS_CLIRegisterCommand
 .text.FreeRTOS_CLIProcessCommand
                0x000000000800d32c       0xd8 Thirdparty\Middleware\FreeRTOS\Source\FreeRTOS_CLI.o
                0x000000000800d32c                FreeRTOS_CLIProcessCommand
 .text.FreeRTOS_CLIGetOutputBuffer
                0x000000000800d404        0x8 Thirdparty\Middleware\FreeRTOS\Source\FreeRTOS_CLI.o
                0x000000000800d404                FreeRTOS_CLIGetOutputBuffer
 .text.FreeRTOS_CLIGetParameter
                0x000000000800d40c       0x4c Thirdparty\Middleware\FreeRTOS\Source\FreeRTOS_CLI.o
                0x000000000800d40c                FreeRTOS_CLIGetParameter
 .text.prvHelpCommand
                0x000000000800d458       0xd4 Thirdparty\Middleware\FreeRTOS\Source\FreeRTOS_CLI.o
 .text.vListInitialise
                0x000000000800d52c       0x16 Thirdparty\Middleware\FreeRTOS\Source\list.o
                0x000000000800d52c                vListInitialise
 .text.vListInitialiseItem
                0x000000000800d542        0x6 Thirdparty\Middleware\FreeRTOS\Source\list.o
                0x000000000800d542                vListInitialiseItem
 .text.vListInsertEnd
                0x000000000800d548       0x18 Thirdparty\Middleware\FreeRTOS\Source\list.o
                0x000000000800d548                vListInsertEnd
 .text.vListInsert
                0x000000000800d560       0x2e Thirdparty\Middleware\FreeRTOS\Source\list.o
                0x000000000800d560                vListInsert
 .text.uxListRemove
                0x000000000800d58e       0x20 Thirdparty\Middleware\FreeRTOS\Source\list.o
                0x000000000800d58e                uxListRemove
 *fill*         0x000000000800d5ae        0x2 
 .text.prvTaskExitError
                0x000000000800d5b0       0x14 Thirdparty\Middleware\FreeRTOS\Source\portable\GCC\ARM_CM0\port.o
 .text.vPortStartFirstTask
                0x000000000800d5c4       0x20 Thirdparty\Middleware\FreeRTOS\Source\portable\GCC\ARM_CM0\port.o
 .text.pxPortInitialiseStack
                0x000000000800d5e4       0x20 Thirdparty\Middleware\FreeRTOS\Source\portable\GCC\ARM_CM0\port.o
                0x000000000800d5e4                pxPortInitialiseStack
 .text.SVC_Handler
                0x000000000800d604        0x2 Thirdparty\Middleware\FreeRTOS\Source\portable\GCC\ARM_CM0\port.o
                0x000000000800d604                SVC_Handler
 *fill*         0x000000000800d606        0x2 
 .text.xPortStartScheduler
                0x000000000800d608       0x54 Thirdparty\Middleware\FreeRTOS\Source\portable\GCC\ARM_CM0\port.o
                0x000000000800d608                xPortStartScheduler
 .text.vPortYield
                0x000000000800d65c       0x18 Thirdparty\Middleware\FreeRTOS\Source\portable\GCC\ARM_CM0\port.o
                0x000000000800d65c                vPortYield
 .text.vPortEnterCritical
                0x000000000800d674       0x18 Thirdparty\Middleware\FreeRTOS\Source\portable\GCC\ARM_CM0\port.o
                0x000000000800d674                vPortEnterCritical
 .text.vPortExitCritical
                0x000000000800d68c       0x1c Thirdparty\Middleware\FreeRTOS\Source\portable\GCC\ARM_CM0\port.o
                0x000000000800d68c                vPortExitCritical
 .text.ulSetInterruptMaskFromISR
                0x000000000800d6a8        0xa Thirdparty\Middleware\FreeRTOS\Source\portable\GCC\ARM_CM0\port.o
                0x000000000800d6a8                ulSetInterruptMaskFromISR
 .text.vClearInterruptMaskFromISR
                0x000000000800d6b2        0x6 Thirdparty\Middleware\FreeRTOS\Source\portable\GCC\ARM_CM0\port.o
                0x000000000800d6b2                vClearInterruptMaskFromISR
 .text.PendSV_Handler
                0x000000000800d6b8       0x44 Thirdparty\Middleware\FreeRTOS\Source\portable\GCC\ARM_CM0\port.o
                0x000000000800d6b8                PendSV_Handler
 .text.xPortSysTickHandler
                0x000000000800d6fc       0x24 Thirdparty\Middleware\FreeRTOS\Source\portable\GCC\ARM_CM0\port.o
                0x000000000800d6fc                xPortSysTickHandler
 .text.unlikely.prvInsertBlockIntoFreeList
                0x000000000800d720       0x44 Thirdparty\Middleware\FreeRTOS\Source\portable\MemMang\heap_4.o
 .text.pvPortMalloc
                0x000000000800d764       0xf0 Thirdparty\Middleware\FreeRTOS\Source\portable\MemMang\heap_4.o
                0x000000000800d764                pvPortMalloc
 .text.vPortFree
                0x000000000800d854       0x44 Thirdparty\Middleware\FreeRTOS\Source\portable\MemMang\heap_4.o
                0x000000000800d854                vPortFree
 .text.prvCopyDataToQueue
                0x000000000800d898       0x72 Thirdparty\Middleware\FreeRTOS\Source\queue.o
 .text.prvCopyDataFromQueue
                0x000000000800d90a       0x24 Thirdparty\Middleware\FreeRTOS\Source\queue.o
 .text.prvUnlockQueue
                0x000000000800d92e       0x6a Thirdparty\Middleware\FreeRTOS\Source\queue.o
 .text.xQueueGenericReset
                0x000000000800d998       0x66 Thirdparty\Middleware\FreeRTOS\Source\queue.o
                0x000000000800d998                xQueueGenericReset
 .text.xQueueGenericCreate
                0x000000000800d9fe       0x4e Thirdparty\Middleware\FreeRTOS\Source\queue.o
                0x000000000800d9fe                xQueueGenericCreate
 .text.xQueueCreateCountingSemaphore
                0x000000000800da4c       0x28 Thirdparty\Middleware\FreeRTOS\Source\queue.o
                0x000000000800da4c                xQueueCreateCountingSemaphore
 .text.xQueueGenericSend
                0x000000000800da74      0x11a Thirdparty\Middleware\FreeRTOS\Source\queue.o
                0x000000000800da74                xQueueGenericSend
 .text.xQueueGenericSendFromISR
                0x000000000800db8e       0x84 Thirdparty\Middleware\FreeRTOS\Source\queue.o
                0x000000000800db8e                xQueueGenericSendFromISR
 .text.xQueueGiveFromISR
                0x000000000800dc12       0x74 Thirdparty\Middleware\FreeRTOS\Source\queue.o
                0x000000000800dc12                xQueueGiveFromISR
 .text.xQueueGenericReceive
                0x000000000800dc86      0x13e Thirdparty\Middleware\FreeRTOS\Source\queue.o
                0x000000000800dc86                xQueueGenericReceive
 .text.xQueueReceiveFromISR
                0x000000000800ddc4       0x70 Thirdparty\Middleware\FreeRTOS\Source\queue.o
                0x000000000800ddc4                xQueueReceiveFromISR
 .text.vQueueAddToRegistry
                0x000000000800de34       0x24 Thirdparty\Middleware\FreeRTOS\Source\queue.o
                0x000000000800de34                vQueueAddToRegistry
 .text.vQueueWaitForMessageRestricted
                0x000000000800de58       0x3a Thirdparty\Middleware\FreeRTOS\Source\queue.o
                0x000000000800de58                vQueueWaitForMessageRestricted
 .text.prvWriteNameToBuffer
                0x000000000800de92       0x24 Thirdparty\Middleware\FreeRTOS\Source\tasks.o
 *fill*         0x000000000800deb6        0x2 
 .text.prvResetNextTaskUnblockTime
                0x000000000800deb8       0x28 Thirdparty\Middleware\FreeRTOS\Source\tasks.o
 .text.prvAddCurrentTaskToDelayedList
                0x000000000800dee0       0x3c Thirdparty\Middleware\FreeRTOS\Source\tasks.o
 .text.xTaskGenericCreate.part.5
                0x000000000800df1c      0x178 Thirdparty\Middleware\FreeRTOS\Source\tasks.o
 .text.prvListTaskWithinSingleList
                0x000000000800e094       0x86 Thirdparty\Middleware\FreeRTOS\Source\tasks.o
 .text.xTaskGenericCreate
                0x000000000800e11a       0x28 Thirdparty\Middleware\FreeRTOS\Source\tasks.o
                0x000000000800e11a                xTaskGenericCreate
 *fill*         0x000000000800e142        0x2 
 .text.uxTaskPriorityGet
                0x000000000800e144       0x20 Thirdparty\Middleware\FreeRTOS\Source\tasks.o
                0x000000000800e144                uxTaskPriorityGet
 .text.vTaskPrioritySet
                0x000000000800e164       0xa0 Thirdparty\Middleware\FreeRTOS\Source\tasks.o
                0x000000000800e164                vTaskPrioritySet
 .text.vTaskStartScheduler
                0x000000000800e204       0x48 Thirdparty\Middleware\FreeRTOS\Source\tasks.o
                0x000000000800e204                vTaskStartScheduler
 .text.vTaskSuspendAll
                0x000000000800e24c       0x10 Thirdparty\Middleware\FreeRTOS\Source\tasks.o
                0x000000000800e24c                vTaskSuspendAll
 .text.xTaskGetTickCount
                0x000000000800e25c        0xc Thirdparty\Middleware\FreeRTOS\Source\tasks.o
                0x000000000800e25c                xTaskGetTickCount
 .text.xTaskGetTickCountFromISR
                0x000000000800e268        0xc Thirdparty\Middleware\FreeRTOS\Source\tasks.o
                0x000000000800e268                xTaskGetTickCountFromISR
 .text.xTaskIncrementTick
                0x000000000800e274       0xd8 Thirdparty\Middleware\FreeRTOS\Source\tasks.o
                0x000000000800e274                xTaskIncrementTick
 .text.xTaskResumeAll
                0x000000000800e34c       0xac Thirdparty\Middleware\FreeRTOS\Source\tasks.o
                0x000000000800e34c                xTaskResumeAll
 .text.vTaskDelay
                0x000000000800e3f8       0x44 Thirdparty\Middleware\FreeRTOS\Source\tasks.o
                0x000000000800e3f8                vTaskDelay
 .text.prvIdleTask
                0x000000000800e43c       0x60 Thirdparty\Middleware\FreeRTOS\Source\tasks.o
 .text.uxTaskGetSystemState
                0x000000000800e49c       0x90 Thirdparty\Middleware\FreeRTOS\Source\tasks.o
                0x000000000800e49c                uxTaskGetSystemState
 .text.vTaskSwitchContext
                0x000000000800e52c       0xb0 Thirdparty\Middleware\FreeRTOS\Source\tasks.o
                0x000000000800e52c                vTaskSwitchContext
 .text.vTaskPlaceOnEventList
                0x000000000800e5dc       0x40 Thirdparty\Middleware\FreeRTOS\Source\tasks.o
                0x000000000800e5dc                vTaskPlaceOnEventList
 .text.vTaskPlaceOnEventListRestricted
                0x000000000800e61c       0x2c Thirdparty\Middleware\FreeRTOS\Source\tasks.o
                0x000000000800e61c                vTaskPlaceOnEventListRestricted
 .text.xTaskRemoveFromEventList
                0x000000000800e648       0x68 Thirdparty\Middleware\FreeRTOS\Source\tasks.o
                0x000000000800e648                xTaskRemoveFromEventList
 .text.vTaskSetTimeOutState
                0x000000000800e6b0       0x20 Thirdparty\Middleware\FreeRTOS\Source\tasks.o
                0x000000000800e6b0                vTaskSetTimeOutState
 .text.xTaskCheckForTimeOut
                0x000000000800e6d0       0x60 Thirdparty\Middleware\FreeRTOS\Source\tasks.o
                0x000000000800e6d0                xTaskCheckForTimeOut
 .text.vTaskMissedYield
                0x000000000800e730        0xc Thirdparty\Middleware\FreeRTOS\Source\tasks.o
                0x000000000800e730                vTaskMissedYield
 .text.xTaskGetSchedulerState
                0x000000000800e73c       0x20 Thirdparty\Middleware\FreeRTOS\Source\tasks.o
                0x000000000800e73c                xTaskGetSchedulerState
 .text.vTaskPriorityInherit
                0x000000000800e75c       0x6c Thirdparty\Middleware\FreeRTOS\Source\tasks.o
                0x000000000800e75c                vTaskPriorityInherit
 .text.xTaskPriorityDisinherit
                0x000000000800e7c8       0x6c Thirdparty\Middleware\FreeRTOS\Source\tasks.o
                0x000000000800e7c8                xTaskPriorityDisinherit
 .text.vTaskList
                0x000000000800e834       0xa0 Thirdparty\Middleware\FreeRTOS\Source\tasks.o
                0x000000000800e834                vTaskList
 .text.vTaskGetRunTimeStats
                0x000000000800e8d4       0xa8 Thirdparty\Middleware\FreeRTOS\Source\tasks.o
                0x000000000800e8d4                vTaskGetRunTimeStats
 .text.pvTaskIncrementMutexHeldCount
                0x000000000800e97c       0x18 Thirdparty\Middleware\FreeRTOS\Source\tasks.o
                0x000000000800e97c                pvTaskIncrementMutexHeldCount
 .text.ulTaskNotifyTake
                0x000000000800e994       0x80 Thirdparty\Middleware\FreeRTOS\Source\tasks.o
                0x000000000800e994                ulTaskNotifyTake
 .text.xTaskGenericNotify
                0x000000000800ea14       0xa8 Thirdparty\Middleware\FreeRTOS\Source\tasks.o
                0x000000000800ea14                xTaskGenericNotify
 .text.vTaskNotifyGiveFromISR
                0x000000000800eabc       0x90 Thirdparty\Middleware\FreeRTOS\Source\tasks.o
                0x000000000800eabc                vTaskNotifyGiveFromISR
 .text.prvCheckForValidListAndQueue
                0x000000000800eb4c       0x4c Thirdparty\Middleware\FreeRTOS\Source\timers.o
 .text.prvInsertTimerInActiveList
                0x000000000800eb98       0x3c Thirdparty\Middleware\FreeRTOS\Source\timers.o
 .text.xTimerCreateTimerTask
                0x000000000800ebd4       0x3c Thirdparty\Middleware\FreeRTOS\Source\timers.o
                0x000000000800ebd4                xTimerCreateTimerTask
 .text.xTimerCreate
                0x000000000800ec10       0x38 Thirdparty\Middleware\FreeRTOS\Source\timers.o
                0x000000000800ec10                xTimerCreate
 .text.xTimerGenericCommand
                0x000000000800ec48       0x44 Thirdparty\Middleware\FreeRTOS\Source\timers.o
                0x000000000800ec48                xTimerGenericCommand
 .text.prvSwitchTimerLists
                0x000000000800ec8c       0x60 Thirdparty\Middleware\FreeRTOS\Source\timers.o
 .text.prvTimerTask
                0x000000000800ecec      0x15c Thirdparty\Middleware\FreeRTOS\Source\timers.o
 .text.pvTimerGetTimerID
                0x000000000800ee48       0x18 Thirdparty\Middleware\FreeRTOS\Source\timers.o
                0x000000000800ee48                pvTimerGetTimerID
 .text.HAL_InitTick
                0x000000000800ee60       0x24 Thirdparty\STM32F0xx_HAL_Driver\Src\stm32f0xx_hal.o
                0x000000000800ee60                HAL_InitTick
 .text.HAL_Init
                0x000000000800ee84       0x20 Thirdparty\STM32F0xx_HAL_Driver\Src\stm32f0xx_hal.o
                0x000000000800ee84                HAL_Init
 .text.HAL_IncTick
                0x000000000800eea4       0x10 Thirdparty\STM32F0xx_HAL_Driver\Src\stm32f0xx_hal.o
                0x000000000800eea4                HAL_IncTick
 .text.HAL_GetTick
                0x000000000800eeb4        0xc Thirdparty\STM32F0xx_HAL_Driver\Src\stm32f0xx_hal.o
                0x000000000800eeb4                HAL_GetTick
 .text.HAL_Delay
                0x000000000800eec0       0x18 Thirdparty\STM32F0xx_HAL_Driver\Src\stm32f0xx_hal.o
                0x000000000800eec0                HAL_Delay
 .text.HAL_GetREVID
                0x000000000800eed8        0xc Thirdparty\STM32F0xx_HAL_Driver\Src\stm32f0xx_hal.o
                0x000000000800eed8                HAL_GetREVID
 .text.HAL_GetDEVID
                0x000000000800eee4       0x10 Thirdparty\STM32F0xx_HAL_Driver\Src\stm32f0xx_hal.o
                0x000000000800eee4                HAL_GetDEVID
 .text.ADC_Disable
                0x000000000800eef4       0x72 Thirdparty\STM32F0xx_HAL_Driver\Src\stm32f0xx_hal_adc.o
 *fill*         0x000000000800ef66        0x2 
 .text.ADC_Enable
                0x000000000800ef68       0x98 Thirdparty\STM32F0xx_HAL_Driver\Src\stm32f0xx_hal_adc.o
 .text.ADC_ConversionStop
                0x000000000800f000       0x52 Thirdparty\STM32F0xx_HAL_Driver\Src\stm32f0xx_hal_adc.o
 *fill*         0x000000000800f052        0x2 
 .text.HAL_ADC_Init
                0x000000000800f054      0x138 Thirdparty\STM32F0xx_HAL_Driver\Src\stm32f0xx_hal_adc.o
                0x000000000800f054                HAL_ADC_Init
 .text.HAL_ADC_Start
                0x000000000800f18c       0x58 Thirdparty\STM32F0xx_HAL_Driver\Src\stm32f0xx_hal_adc.o
                0x000000000800f18c                HAL_ADC_Start
 .text.HAL_ADC_Stop
                0x000000000800f1e4       0x3c Thirdparty\STM32F0xx_HAL_Driver\Src\stm32f0xx_hal_adc.o
                0x000000000800f1e4                HAL_ADC_Stop
 .text.HAL_ADC_PollForConversion
                0x000000000800f220       0xbc Thirdparty\STM32F0xx_HAL_Driver\Src\stm32f0xx_hal_adc.o
                0x000000000800f220                HAL_ADC_PollForConversion
 .text.HAL_ADC_GetValue
                0x000000000800f2dc        0xa Thirdparty\STM32F0xx_HAL_Driver\Src\stm32f0xx_hal_adc.o
                0x000000000800f2dc                HAL_ADC_GetValue
 *fill*         0x000000000800f2e6        0x2 
 .text.HAL_ADC_ConfigChannel
                0x000000000800f2e8      0x100 Thirdparty\STM32F0xx_HAL_Driver\Src\stm32f0xx_hal_adc.o
                0x000000000800f2e8                HAL_ADC_ConfigChannel
 .text.HAL_ADCEx_Calibration_Start
                0x000000000800f3e8       0x98 Thirdparty\STM32F0xx_HAL_Driver\Src\stm32f0xx_hal_adc_ex.o
                0x000000000800f3e8                HAL_ADCEx_Calibration_Start
 .text.HAL_NVIC_SetPriority
                0x000000000800f480       0x54 Thirdparty\STM32F0xx_HAL_Driver\Src\stm32f0xx_hal_cortex.o
                0x000000000800f480                HAL_NVIC_SetPriority
 .text.HAL_NVIC_EnableIRQ
                0x000000000800f4d4       0x14 Thirdparty\STM32F0xx_HAL_Driver\Src\stm32f0xx_hal_cortex.o
                0x000000000800f4d4                HAL_NVIC_EnableIRQ
 .text.HAL_NVIC_DisableIRQ
                0x000000000800f4e8       0x14 Thirdparty\STM32F0xx_HAL_Driver\Src\stm32f0xx_hal_cortex.o
                0x000000000800f4e8                HAL_NVIC_DisableIRQ
 .text.HAL_SYSTICK_Config
                0x000000000800f4fc       0x34 Thirdparty\STM32F0xx_HAL_Driver\Src\stm32f0xx_hal_cortex.o
                0x000000000800f4fc                HAL_SYSTICK_Config
 .text.HAL_SYSTICK_CLKSourceConfig
                0x000000000800f530       0x1c Thirdparty\STM32F0xx_HAL_Driver\Src\stm32f0xx_hal_cortex.o
                0x000000000800f530                HAL_SYSTICK_CLKSourceConfig
 .text.CRC_Handle_8
                0x000000000800f54c       0x5e Thirdparty\STM32F0xx_HAL_Driver\Src\stm32f0xx_hal_crc.o
 .text.CRC_Handle_16
                0x000000000800f5aa       0x2c Thirdparty\STM32F0xx_HAL_Driver\Src\stm32f0xx_hal_crc.o
 .text.HAL_CRC_Init
                0x000000000800f5d6       0x54 Thirdparty\STM32F0xx_HAL_Driver\Src\stm32f0xx_hal_crc.o
                0x000000000800f5d6                HAL_CRC_Init
 .text.HAL_CRC_Accumulate
                0x000000000800f62a       0x52 Thirdparty\STM32F0xx_HAL_Driver\Src\stm32f0xx_hal_crc.o
                0x000000000800f62a                HAL_CRC_Accumulate
 .text.HAL_CRC_Calculate
                0x000000000800f67c       0x56 Thirdparty\STM32F0xx_HAL_Driver\Src\stm32f0xx_hal_crc.o
                0x000000000800f67c                HAL_CRC_Calculate
 .text.HAL_CRCEx_Polynomial_Set
                0x000000000800f6d2       0x58 Thirdparty\STM32F0xx_HAL_Driver\Src\stm32f0xx_hal_crc_ex.o
                0x000000000800f6d2                HAL_CRCEx_Polynomial_Set
 *fill*         0x000000000800f72a        0x2 
 .text.HAL_CRCEx_Init
                0x000000000800f72c       0x30 Thirdparty\STM32F0xx_HAL_Driver\Src\stm32f0xx_hal_crc_ex.o
                0x000000000800f72c                HAL_CRCEx_Init
 .text.HAL_DAC_Init
                0x000000000800f75c       0x28 Thirdparty\STM32F0xx_HAL_Driver\Src\stm32f0xx_hal_dac.o
                0x000000000800f75c                HAL_DAC_Init
 .text.HAL_DAC_Stop
                0x000000000800f784       0x16 Thirdparty\STM32F0xx_HAL_Driver\Src\stm32f0xx_hal_dac.o
                0x000000000800f784                HAL_DAC_Stop
 *fill*         0x000000000800f79a        0x2 
 .text.HAL_DAC_Stop_DMA
                0x000000000800f79c       0x54 Thirdparty\STM32F0xx_HAL_Driver\Src\stm32f0xx_hal_dac.o
                0x000000000800f79c                HAL_DAC_Stop_DMA
 .text.HAL_DAC_ConvHalfCpltCallbackCh1
                0x000000000800f7f0        0x2 Thirdparty\STM32F0xx_HAL_Driver\Src\stm32f0xx_hal_dac.o
                0x000000000800f7f0                HAL_DAC_ConvHalfCpltCallbackCh1
 .text.HAL_DAC_ErrorCallbackCh1
                0x000000000800f7f2        0x2 Thirdparty\STM32F0xx_HAL_Driver\Src\stm32f0xx_hal_dac.o
                0x000000000800f7f2                HAL_DAC_ErrorCallbackCh1
 .text.DAC_DMAErrorCh1
                0x000000000800f7f4       0x18 Thirdparty\STM32F0xx_HAL_Driver\Src\stm32f0xx_hal_dac_ex.o
 .text.DAC_DMAHalfConvCpltCh1
                0x000000000800f80c        0xa Thirdparty\STM32F0xx_HAL_Driver\Src\stm32f0xx_hal_dac_ex.o
 .text.DAC_DMAConvCpltCh1
                0x000000000800f816       0x10 Thirdparty\STM32F0xx_HAL_Driver\Src\stm32f0xx_hal_dac_ex.o
 *fill*         0x000000000800f826        0x2 
 .text.HAL_DAC_ConfigChannel
                0x000000000800f828       0x38 Thirdparty\STM32F0xx_HAL_Driver\Src\stm32f0xx_hal_dac_ex.o
                0x000000000800f828                HAL_DAC_ConfigChannel
 .text.HAL_DAC_Start
                0x000000000800f860       0x52 Thirdparty\STM32F0xx_HAL_Driver\Src\stm32f0xx_hal_dac_ex.o
                0x000000000800f860                HAL_DAC_Start
 *fill*         0x000000000800f8b2        0x2 
 .text.HAL_DAC_Start_DMA
                0x000000000800f8b4       0xc8 Thirdparty\STM32F0xx_HAL_Driver\Src\stm32f0xx_hal_dac_ex.o
                0x000000000800f8b4                HAL_DAC_Start_DMA
 .text.HAL_DACEx_ConvCpltCallbackCh2
                0x000000000800f97c        0x2 Thirdparty\STM32F0xx_HAL_Driver\Src\stm32f0xx_hal_dac_ex.o
                0x000000000800f97c                HAL_DACEx_ConvCpltCallbackCh2
 .text.DAC_DMAConvCpltCh2
                0x000000000800f97e       0x10 Thirdparty\STM32F0xx_HAL_Driver\Src\stm32f0xx_hal_dac_ex.o
                0x000000000800f97e                DAC_DMAConvCpltCh2
 .text.HAL_DACEx_ConvHalfCpltCallbackCh2
                0x000000000800f98e        0x2 Thirdparty\STM32F0xx_HAL_Driver\Src\stm32f0xx_hal_dac_ex.o
                0x000000000800f98e                HAL_DACEx_ConvHalfCpltCallbackCh2
 .text.DAC_DMAHalfConvCpltCh2
                0x000000000800f990        0xa Thirdparty\STM32F0xx_HAL_Driver\Src\stm32f0xx_hal_dac_ex.o
                0x000000000800f990                DAC_DMAHalfConvCpltCh2
 .text.HAL_DACEx_ErrorCallbackCh2
                0x000000000800f99a        0x2 Thirdparty\STM32F0xx_HAL_Driver\Src\stm32f0xx_hal_dac_ex.o
                0x000000000800f99a                HAL_DACEx_ErrorCallbackCh2
 .text.DAC_DMAErrorCh2
                0x000000000800f99c       0x18 Thirdparty\STM32F0xx_HAL_Driver\Src\stm32f0xx_hal_dac_ex.o
                0x000000000800f99c                DAC_DMAErrorCh2
 .text.HAL_DMA_Init
                0x000000000800f9b4       0x50 Thirdparty\STM32F0xx_HAL_Driver\Src\stm32f0xx_hal_dma.o
                0x000000000800f9b4                HAL_DMA_Init
 .text.HAL_DMA_Start_IT
                0x000000000800fa04       0x56 Thirdparty\STM32F0xx_HAL_Driver\Src\stm32f0xx_hal_dma.o
                0x000000000800fa04                HAL_DMA_Start_IT
 .text.HAL_DMA_Abort
                0x000000000800fa5a       0x4a Thirdparty\STM32F0xx_HAL_Driver\Src\stm32f0xx_hal_dma.o
                0x000000000800fa5a                HAL_DMA_Abort
 .text.HAL_DMA_IRQHandler
                0x000000000800faa4      0x678 Thirdparty\STM32F0xx_HAL_Driver\Src\stm32f0xx_hal_dma.o
                0x000000000800faa4                HAL_DMA_IRQHandler
 .text.FLASH_SetErrorCode
                0x000000000801011c       0x30 Thirdparty\STM32F0xx_HAL_Driver\Src\stm32f0xx_hal_flash.o
 .text.HAL_FLASH_Unlock
                0x000000000801014c       0x24 Thirdparty\STM32F0xx_HAL_Driver\Src\stm32f0xx_hal_flash.o
                0x000000000801014c                HAL_FLASH_Unlock
 .text.HAL_FLASH_Lock
                0x0000000008010170       0x14 Thirdparty\STM32F0xx_HAL_Driver\Src\stm32f0xx_hal_flash.o
                0x0000000008010170                HAL_FLASH_Lock
 .text.FLASH_WaitForLastOperation
                0x0000000008010184       0x54 Thirdparty\STM32F0xx_HAL_Driver\Src\stm32f0xx_hal_flash.o
                0x0000000008010184                FLASH_WaitForLastOperation
 .text.HAL_FLASH_Program
                0x00000000080101d8       0x84 Thirdparty\STM32F0xx_HAL_Driver\Src\stm32f0xx_hal_flash.o
                0x00000000080101d8                HAL_FLASH_Program
 .text.FLASH_MassErase
                0x000000000801025c       0x24 Thirdparty\STM32F0xx_HAL_Driver\Src\stm32f0xx_hal_flash_ex.o
 .text.FLASH_PageErase
                0x0000000008010280       0x24 Thirdparty\STM32F0xx_HAL_Driver\Src\stm32f0xx_hal_flash_ex.o
                0x0000000008010280                FLASH_PageErase
 .text.HAL_FLASHEx_Erase
                0x00000000080102a4       0x94 Thirdparty\STM32F0xx_HAL_Driver\Src\stm32f0xx_hal_flash_ex.o
                0x00000000080102a4                HAL_FLASHEx_Erase
 .text.HAL_GPIO_Init
                0x0000000008010338      0x174 Thirdparty\STM32F0xx_HAL_Driver\Src\stm32f0xx_hal_gpio.o
                0x0000000008010338                HAL_GPIO_Init
 .text.HAL_GPIO_DeInit
                0x00000000080104ac       0xf8 Thirdparty\STM32F0xx_HAL_Driver\Src\stm32f0xx_hal_gpio.o
                0x00000000080104ac                HAL_GPIO_DeInit
 .text.HAL_GPIO_ReadPin
                0x00000000080105a4        0xc Thirdparty\STM32F0xx_HAL_Driver\Src\stm32f0xx_hal_gpio.o
                0x00000000080105a4                HAL_GPIO_ReadPin
 .text.HAL_GPIO_WritePin
                0x00000000080105b0        0xc Thirdparty\STM32F0xx_HAL_Driver\Src\stm32f0xx_hal_gpio.o
                0x00000000080105b0                HAL_GPIO_WritePin
 .text.HAL_GPIO_TogglePin
                0x00000000080105bc        0x8 Thirdparty\STM32F0xx_HAL_Driver\Src\stm32f0xx_hal_gpio.o
                0x00000000080105bc                HAL_GPIO_TogglePin
 .text.HAL_MspInit
                0x00000000080105c4        0x2 Thirdparty\STM32F0xx_HAL_Driver\Src\stm32f0xx_hal_msp_template.o
                0x00000000080105c4                HAL_MspInit
 *fill*         0x00000000080105c6        0x2 
 .text.HAL_PWR_EnableBkUpAccess
                0x00000000080105c8       0x14 Thirdparty\STM32F0xx_HAL_Driver\Src\stm32f0xx_hal_pwr.o
                0x00000000080105c8                HAL_PWR_EnableBkUpAccess
 .text.HAL_RCC_OscConfig
                0x00000000080105dc      0x490 Thirdparty\STM32F0xx_HAL_Driver\Src\stm32f0xx_hal_rcc.o
                0x00000000080105dc                HAL_RCC_OscConfig
 .text.HAL_RCC_ClockConfig
                0x0000000008010a6c      0x200 Thirdparty\STM32F0xx_HAL_Driver\Src\stm32f0xx_hal_rcc.o
                0x0000000008010a6c                HAL_RCC_ClockConfig
 .text.HAL_RCC_GetSysClockFreq
                0x0000000008010c6c       0x84 Thirdparty\STM32F0xx_HAL_Driver\Src\stm32f0xx_hal_rcc.o
                0x0000000008010c6c                HAL_RCC_GetSysClockFreq
 .text.HAL_RCC_GetHCLKFreq
                0x0000000008010cf0       0x2c Thirdparty\STM32F0xx_HAL_Driver\Src\stm32f0xx_hal_rcc.o
                0x0000000008010cf0                HAL_RCC_GetHCLKFreq
 .text.HAL_RCC_GetPCLK1Freq
                0x0000000008010d1c       0x24 Thirdparty\STM32F0xx_HAL_Driver\Src\stm32f0xx_hal_rcc.o
                0x0000000008010d1c                HAL_RCC_GetPCLK1Freq
 .text.HAL_RCCEx_PeriphCLKConfig
                0x0000000008010d40      0x120 Thirdparty\STM32F0xx_HAL_Driver\Src\stm32f0xx_hal_rcc_ex.o
                0x0000000008010d40                HAL_RCCEx_PeriphCLKConfig
 .text.HAL_RTC_MspInit
                0x0000000008010e60        0x2 Thirdparty\STM32F0xx_HAL_Driver\Src\stm32f0xx_hal_rtc.o
                0x0000000008010e60                HAL_RTC_MspInit
 .text.HAL_RTC_WaitForSynchro
                0x0000000008010e62       0x34 Thirdparty\STM32F0xx_HAL_Driver\Src\stm32f0xx_hal_rtc.o
                0x0000000008010e62                HAL_RTC_WaitForSynchro
 .text.RTC_EnterInitMode
                0x0000000008010e96       0x38 Thirdparty\STM32F0xx_HAL_Driver\Src\stm32f0xx_hal_rtc.o
                0x0000000008010e96                RTC_EnterInitMode
 *fill*         0x0000000008010ece        0x2 
 .text.HAL_RTC_Init
                0x0000000008010ed0       0x90 Thirdparty\STM32F0xx_HAL_Driver\Src\stm32f0xx_hal_rtc.o
                0x0000000008010ed0                HAL_RTC_Init
 .text.RTC_ByteToBcd2
                0x0000000008010f60       0x16 Thirdparty\STM32F0xx_HAL_Driver\Src\stm32f0xx_hal_rtc.o
                0x0000000008010f60                RTC_ByteToBcd2
 *fill*         0x0000000008010f76        0x2 
 .text.HAL_RTC_SetTime
                0x0000000008010f78       0xec Thirdparty\STM32F0xx_HAL_Driver\Src\stm32f0xx_hal_rtc.o
                0x0000000008010f78                HAL_RTC_SetTime
 .text.HAL_RTC_SetDate
                0x0000000008011064       0xc8 Thirdparty\STM32F0xx_HAL_Driver\Src\stm32f0xx_hal_rtc.o
                0x0000000008011064                HAL_RTC_SetDate
 .text.RTC_Bcd2ToByte
                0x000000000801112c       0x10 Thirdparty\STM32F0xx_HAL_Driver\Src\stm32f0xx_hal_rtc.o
                0x000000000801112c                RTC_Bcd2ToByte
 .text.HAL_RTC_GetTime
                0x000000000801113c       0x4c Thirdparty\STM32F0xx_HAL_Driver\Src\stm32f0xx_hal_rtc.o
                0x000000000801113c                HAL_RTC_GetTime
 .text.HAL_RTC_GetDate
                0x0000000008011188       0x44 Thirdparty\STM32F0xx_HAL_Driver\Src\stm32f0xx_hal_rtc.o
                0x0000000008011188                HAL_RTC_GetDate
 .text.HAL_RTCEx_BKUPWrite
                0x00000000080111cc        0xc Thirdparty\STM32F0xx_HAL_Driver\Src\stm32f0xx_hal_rtc_ex.o
                0x00000000080111cc                HAL_RTCEx_BKUPWrite
 .text.HAL_RTCEx_BKUPRead
                0x00000000080111d8        0xc Thirdparty\STM32F0xx_HAL_Driver\Src\stm32f0xx_hal_rtc_ex.o
                0x00000000080111d8                HAL_RTCEx_BKUPRead
 .text.HAL_TIM_Base_MspInit
                0x00000000080111e4        0x2 Thirdparty\STM32F0xx_HAL_Driver\Src\stm32f0xx_hal_tim.o
                0x00000000080111e4                HAL_TIM_Base_MspInit
 .text.HAL_TIM_Base_Start
                0x00000000080111e6       0x18 Thirdparty\STM32F0xx_HAL_Driver\Src\stm32f0xx_hal_tim.o
                0x00000000080111e6                HAL_TIM_Base_Start
 *fill*         0x00000000080111fe        0x2 
 .text.HAL_TIM_Base_Stop
                0x0000000008011200       0x34 Thirdparty\STM32F0xx_HAL_Driver\Src\stm32f0xx_hal_tim.o
                0x0000000008011200                HAL_TIM_Base_Stop
 .text.TIM_Base_SetConfig
                0x0000000008011234       0x98 Thirdparty\STM32F0xx_HAL_Driver\Src\stm32f0xx_hal_tim.o
                0x0000000008011234                TIM_Base_SetConfig
 .text.HAL_TIM_Base_Init
                0x00000000080112cc       0x36 Thirdparty\STM32F0xx_HAL_Driver\Src\stm32f0xx_hal_tim.o
                0x00000000080112cc                HAL_TIM_Base_Init
 .text.HAL_TIMEx_MasterConfigSynchronization
                0x0000000008011302       0x44 Thirdparty\STM32F0xx_HAL_Driver\Src\stm32f0xx_hal_tim_ex.o
                0x0000000008011302                HAL_TIMEx_MasterConfigSynchronization
 .text.HAL_UART_MspDeInit
                0x0000000008011346        0x2 Thirdparty\STM32F0xx_HAL_Driver\Src\stm32f0xx_hal_uart.o
                0x0000000008011346                HAL_UART_MspDeInit
 .text.HAL_UART_DeInit
                0x0000000008011348       0x34 Thirdparty\STM32F0xx_HAL_Driver\Src\stm32f0xx_hal_uart.o
                0x0000000008011348                HAL_UART_DeInit
 .text.HAL_UART_Transmit_IT
                0x000000000801137c       0x64 Thirdparty\STM32F0xx_HAL_Driver\Src\stm32f0xx_hal_uart.o
                0x000000000801137c                HAL_UART_Transmit_IT
 .text.HAL_UART_Receive_IT
                0x00000000080113e0       0xb0 Thirdparty\STM32F0xx_HAL_Driver\Src\stm32f0xx_hal_uart.o
                0x00000000080113e0                HAL_UART_Receive_IT
 .text.HAL_UART_Transmit_DMA
                0x0000000008011490       0x84 Thirdparty\STM32F0xx_HAL_Driver\Src\stm32f0xx_hal_uart.o
                0x0000000008011490                HAL_UART_Transmit_DMA
 .text.HAL_UART_Receive_DMA
                0x0000000008011514       0x84 Thirdparty\STM32F0xx_HAL_Driver\Src\stm32f0xx_hal_uart.o
                0x0000000008011514                HAL_UART_Receive_DMA
 .text.HAL_UART_DMAStop
                0x0000000008011598       0x34 Thirdparty\STM32F0xx_HAL_Driver\Src\stm32f0xx_hal_uart.o
                0x0000000008011598                HAL_UART_DMAStop
 .text.UART_DMATransmitCplt
                0x00000000080115cc       0x30 Thirdparty\STM32F0xx_HAL_Driver\Src\stm32f0xx_hal_uart.o
 .text.HAL_UART_TxHalfCpltCallback
                0x00000000080115fc        0x2 Thirdparty\STM32F0xx_HAL_Driver\Src\stm32f0xx_hal_uart.o
                0x00000000080115fc                HAL_UART_TxHalfCpltCallback
 .text.UART_DMATxHalfCplt
                0x00000000080115fe        0xa Thirdparty\STM32F0xx_HAL_Driver\Src\stm32f0xx_hal_uart.o
 .text.UART_DMAReceiveCplt
                0x0000000008011608       0x38 Thirdparty\STM32F0xx_HAL_Driver\Src\stm32f0xx_hal_uart.o
 .text.HAL_UART_RxHalfCpltCallback
                0x0000000008011640        0x2 Thirdparty\STM32F0xx_HAL_Driver\Src\stm32f0xx_hal_uart.o
                0x0000000008011640                HAL_UART_RxHalfCpltCallback
 .text.UART_DMARxHalfCplt
                0x0000000008011642        0xa Thirdparty\STM32F0xx_HAL_Driver\Src\stm32f0xx_hal_uart.o
 .text.UART_DMAError
                0x000000000801164c       0x26 Thirdparty\STM32F0xx_HAL_Driver\Src\stm32f0xx_hal_uart.o
 *fill*         0x0000000008011672        0x2 
 .text.UART_SetConfig
                0x0000000008011674      0x1b4 Thirdparty\STM32F0xx_HAL_Driver\Src\stm32f0xx_hal_uart.o
                0x0000000008011674                UART_SetConfig
 .text.UART_AdvFeatureConfig
                0x0000000008011828       0xd0 Thirdparty\STM32F0xx_HAL_Driver\Src\stm32f0xx_hal_uart.o
                0x0000000008011828                UART_AdvFeatureConfig
 .text.UART_WaitOnFlagUntilTimeout
                0x00000000080118f8       0x8c Thirdparty\STM32F0xx_HAL_Driver\Src\stm32f0xx_hal_uart.o
                0x00000000080118f8                UART_WaitOnFlagUntilTimeout
 .text.HAL_UART_Transmit
                0x0000000008011984       0xba Thirdparty\STM32F0xx_HAL_Driver\Src\stm32f0xx_hal_uart.o
                0x0000000008011984                HAL_UART_Transmit
 *fill*         0x0000000008011a3e        0x2 
 .text.UART_CheckIdleState
                0x0000000008011a40       0x74 Thirdparty\STM32F0xx_HAL_Driver\Src\stm32f0xx_hal_uart.o
                0x0000000008011a40                UART_CheckIdleState
 .text.HAL_UART_Init
                0x0000000008011ab4       0x6c Thirdparty\STM32F0xx_HAL_Driver\Src\stm32f0xx_hal_uart.o
                0x0000000008011ab4                HAL_UART_Init
 .text.UART_Transmit_IT
                0x0000000008011b20       0x64 Thirdparty\STM32F0xx_HAL_Driver\Src\stm32f0xx_hal_uart.o
                0x0000000008011b20                UART_Transmit_IT
 .text.UART_EndTransmit_IT
                0x0000000008011b84       0x2e Thirdparty\STM32F0xx_HAL_Driver\Src\stm32f0xx_hal_uart.o
                0x0000000008011b84                UART_EndTransmit_IT
 *fill*         0x0000000008011bb2        0x2 
 .text.UART_Receive_IT
                0x0000000008011bb4       0x90 Thirdparty\STM32F0xx_HAL_Driver\Src\stm32f0xx_hal_uart.o
                0x0000000008011bb4                UART_Receive_IT
 .text.HAL_UARTEx_WakeupCallback
                0x0000000008011c44        0x2 Thirdparty\STM32F0xx_HAL_Driver\Src\stm32f0xx_hal_uart_ex.o
                0x0000000008011c44                HAL_UARTEx_WakeupCallback
 .text.HAL_UART_IRQHandler
                0x0000000008011c46       0xfc Thirdparty\STM32F0xx_HAL_Driver\Src\stm32f0xx_hal_uart_ex.o
                0x0000000008011c46                HAL_UART_IRQHandler
 .text.startup.main
                0x0000000008011d42        0x8 User\main.o
                0x0000000008011d42                main
 .text.UserTask
                0x0000000008011d4a        0x2 User\main.o
                0x0000000008011d4a                UserTask
 .text.atof     0x0000000008011d4c        0xa c:/st/stm32cubeide_1.5.1/stm32cubeide/plugins/com.st.stm32cube.ide.mcu.externaltools.gnu-tools-for-stm32.7-2018-q2-update.win32_1.5.0.202011040924/tools/bin/../lib/gcc/arm-none-eabi/7.3.1/../../../../arm-none-eabi/lib/thumb/v6-m\libc.a(lib_a-atof.o)
                0x0000000008011d4c                atof
 .text.atoi     0x0000000008011d56        0xc c:/st/stm32cubeide_1.5.1/stm32cubeide/plugins/com.st.stm32cube.ide.mcu.externaltools.gnu-tools-for-stm32.7-2018-q2-update.win32_1.5.0.202011040924/tools/bin/../lib/gcc/arm-none-eabi/7.3.1/../../../../arm-none-eabi/lib/thumb/v6-m\libc.a(lib_a-atoi.o)
                0x0000000008011d56                atoi